<html>
<body>
<pre>
<h1>µVision Build Log</h1>
<h2>Tool Versions:</h2>
IDE-Version: µVision V5.17.0.0
Copyright (C) 2015 ARM Ltd and ARM Germany GmbH. All rights reserved.
License Information: luka penger, initra, LIC=58545-GSGW6-V1AP8-3M9EA-D6AJL-TCQC6
 
Tool Versions:
Toolchain:       MDK-ARM Standard  Version: 5.17
Toolchain Path:  C:\Keil_v5\ARM\ARMCC\Bin
C Compiler:      Armcc.exe V5.06 update 1 (build 61)
Assembler:       Armasm.exe V5.06 update 1 (build 61)
Linker/Locator:  ArmLink.exe V5.06 update 1 (build 61)
Library Manager: ArmAr.exe V5.06 update 1 (build 61)
Hex Converter:   FromElf.exe V5.06 update 1 (build 61)
CPU DLL:         SARMCM3.DLL V5.17
Dialog DLL:      DARMCM1.DLL V1.12.0.0
Target DLL:      CMSIS_AGDI.dll V1.23.1.0
Dialog DLL:      TARMCM1.DLL V1.9.0.0
 
<h2>Project:</h2>
C:\Users\Public\Desktop\EVCC-TYPE2-Controller\LPC82X SW V1\TYPE_2_CONTROLLER_LPC824_V1_KEIL5.uvprojx
Project File Date:  01/09/2016

<h2>Output:</h2>
*** Using Compiler 'V5.06 update 1 (build 61)', folder: 'C:\Keil_v5\ARM\ARMCC\Bin'
Rebuild target 'LPC824 Flash'
compiling SETTINGS.c...
compiling EV_MOTOR.c...
compiling EV_UART.c...
compiling EV_ADC.c...
compiling EV_STATE_MACHINE.c...
compiling EV_PWM.c...
compiling EV_OUTPUTS.c...
compiling TYPE_2_CONTROLLER_LPC824_V1_KEIL5.c...
compiling HELP.c...
compiling EV_INPUTS.c...
compiling SYSCON_LPC82x.c...
compiling GPIO_LPC82x.c...
compiling CLOCK_LPC82x.c...
compiling UART_LPC82x.c...
compiling SWM_LPC82x.c...
compiling IAP_LPC82x.c...
assembling startup_LPC82x.s...
compiling SCT_LPC82x.c...
compiling FMC_LPC82x.c...
compiling WWDT_LPC82x.c...
compiling ADC_LPC82x.c...
compiling system_LPC82x.c...
compiling RTX_Conf_CM.c...
linking...
Program Size: Code=27188 RO-data=1092 RW-data=168 ZI-data=5328  
FromELF: creating hex file...
".\Objects\TYPE_2_CONTROLLER_LPC824_V1_KEIL5.axf" - 0 Error(s), 0 Warning(s).

<h2>Software Packages used:</h2>

Package Vendor: ARM
                http://www.keil.com/pack/ARM.CMSIS.4.5.0.pack
                ::CMSIS:RTOS:1.0 (API)
                CMSIS (Cortex Microcontroller Software Interface Standard)
   * Component: RTOS Version: 1.0
   * Component: CORE Version: 4.3.0
   * Component: Keil RTX Version: 4.80.0

Package Vendor: Keil
                http://www.keil.com/pack/Keil.LPC800_DFP.1.2.0.pack
                Keil::Device:Startup:1.0.0
                NXP LPC800 Series Device Support
   * Component: Startup Version: 1.0.0

<h2>Collection of Component include folders:</h2>
  C:\Users\Public\Desktop\EVCC-TYPE2-Controller\LPC82X SW V1\RTE
  C:\Keil_v5\ARM\PACK\ARM\CMSIS\4.5.0\CMSIS\Include
  C:\Keil_v5\ARM\PACK\ARM\CMSIS\4.5.0\CMSIS\RTOS\RTX\INC
  C:\Keil_v5\ARM\PACK\Keil\LPC800_DFP\1.2.0\Device\Include

<h2>Collection of Component Files used:</h2>

   * Component: ::CMSIS:RTOS:1.0 (API)

   * Component: ARM::CMSIS:CORE:4.3.0

   * Component: ARM::CMSIS:RTOS:Keil RTX:4.80.0
      Include file:  CMSIS\RTOS\RTX\UserCodeTemplates\osObjects.h
      Source file:   CMSIS\RTOS\RTX\UserCodeTemplates\MsgQueue.c
      Source file:   CMSIS\RTOS\RTX\UserCodeTemplates\Thread.c
      Library file:  CMSIS\RTOS\RTX\LIB\ARM\RTX_CM0.lib
      Source file:   CMSIS\RTOS\RTX\UserCodeTemplates\main.c
      Source file:   CMSIS\RTOS\RTX\UserCodeTemplates\Semaphore.c
      Source file:   CMSIS\RTOS\RTX\Templates\RTX_Conf_CM.c
      Source file:   CMSIS\RTOS\RTX\UserCodeTemplates\MailQueue.c
      Source file:   CMSIS\RTOS\RTX\UserCodeTemplates\MemPool.c
      Source file:   CMSIS\RTOS\RTX\UserCodeTemplates\Mutex.c
      Source file:   CMSIS\RTOS\RTX\SRC\ARM\SVC_Table.s
      Include file:  CMSIS\RTOS\RTX\INC\cmsis_os.h
      Source file:   CMSIS\RTOS\RTX\UserCodeTemplates\Timer.c

   * Component: Keil::Device:Startup:1.0.0
      Include file:  Device\Include\LPC82x.h
      Source file:   Device\Source\ARM\startup_LPC82x.s
      Source file:   Device\Source\system_LPC82x.c
Build Time Elapsed:  00:00:05
</pre>
</body>
</html>
