Component: ARM Compiler 5.06 update 1 (build 61) Tool: armlink [4d35a8]

==============================================================================

Section Cross References

    type_2_controller_lpc824_v1_keil5.o(i.WDT_IRQHandler) refers to wwdt_lpc82x.o(i.WWDT_GetStatus) for WWDT_GetStatus
    type_2_controller_lpc824_v1_keil5.o(i.WDT_IRQHandler) refers to wwdt_lpc82x.o(i.WWDT_UnsetOption) for WWDT_UnsetOption
    type_2_controller_lpc824_v1_keil5.o(i.WDT_IRQHandler) refers to wwdt_lpc82x.o(i.WWDT_ClearStatusFlag) for WWDT_ClearStatusFlag
    type_2_controller_lpc824_v1_keil5.o(i.WDT_IRQHandler) refers to wwdt_lpc82x.o(i.WWDT_Start) for WWDT_Start
    type_2_controller_lpc824_v1_keil5.o(i.WDT_IRQHandler) refers to wwdt_lpc82x.o(i.WWDT_Feed) for WWDT_Feed
    type_2_controller_lpc824_v1_keil5.o(i.Watchdog_Init) refers to clock_lpc82x.o(i.Clock_SetWDTOSC) for Clock_SetWDTOSC
    type_2_controller_lpc824_v1_keil5.o(i.Watchdog_Init) refers to syscon_lpc82x.o(i.SYSCTL_PowerUp) for SYSCTL_PowerUp
    type_2_controller_lpc824_v1_keil5.o(i.Watchdog_Init) refers to clock_lpc82x.o(i.Clock_GetWDTOSCRate) for Clock_GetWDTOSCRate
    type_2_controller_lpc824_v1_keil5.o(i.Watchdog_Init) refers to wwdt_lpc82x.o(i.WWDT_Init) for WWDT_Init
    type_2_controller_lpc824_v1_keil5.o(i.Watchdog_Init) refers to wwdt_lpc82x.o(i.WWDT_SetTimeOut) for WWDT_SetTimeOut
    type_2_controller_lpc824_v1_keil5.o(i.Watchdog_Init) refers to wwdt_lpc82x.o(i.WWDT_SetWarning) for WWDT_SetWarning
    type_2_controller_lpc824_v1_keil5.o(i.Watchdog_Init) refers to wwdt_lpc82x.o(i.WWDT_SetWindow) for WWDT_SetWindow
    type_2_controller_lpc824_v1_keil5.o(i.Watchdog_Init) refers to wwdt_lpc82x.o(i.WWDT_SetOption) for WWDT_SetOption
    type_2_controller_lpc824_v1_keil5.o(i.Watchdog_Init) refers to wwdt_lpc82x.o(i.WWDT_ClearStatusFlag) for WWDT_ClearStatusFlag
    type_2_controller_lpc824_v1_keil5.o(i.Watchdog_Init) refers to wwdt_lpc82x.o(i.WWDT_Start) for WWDT_Start
    type_2_controller_lpc824_v1_keil5.o(i.init) refers to system_lpc82x.o(i.SystemInit) for SystemInit
    type_2_controller_lpc824_v1_keil5.o(i.init) refers to system_lpc82x.o(i.SystemCoreClockUpdate) for SystemCoreClockUpdate
    type_2_controller_lpc824_v1_keil5.o(i.init) refers to aeabi_sdiv.o(.text) for __aeabi_uidivmod
    type_2_controller_lpc824_v1_keil5.o(i.init) refers to type_2_controller_lpc824_v1_keil5.o(i.NVIC_SetPriority) for NVIC_SetPriority
    type_2_controller_lpc824_v1_keil5.o(i.init) refers to type_2_controller_lpc824_v1_keil5.o(i.Watchdog_Init) for Watchdog_Init
    type_2_controller_lpc824_v1_keil5.o(i.init) refers to ev_outputs.o(i.EV_OUTPUTS_Init) for EV_OUTPUTS_Init
    type_2_controller_lpc824_v1_keil5.o(i.init) refers to ev_inputs.o(i.EV_INPUTS_Init) for EV_INPUTS_Init
    type_2_controller_lpc824_v1_keil5.o(i.init) refers to ev_uart.o(i.EV_UART_Init) for EV_UART_Init
    type_2_controller_lpc824_v1_keil5.o(i.init) refers to ev_pwm.o(i.EV_PWM_Init) for EV_PWM_Init
    type_2_controller_lpc824_v1_keil5.o(i.init) refers to ev_adc.o(i.EV_ADC_Init) for EV_ADC_Init
    type_2_controller_lpc824_v1_keil5.o(i.init) refers to settings.o(i.SETTINGS_Load) for SETTINGS_Load
    type_2_controller_lpc824_v1_keil5.o(i.init) refers to ev_state_machine.o(i.EV_State_A1) for EV_State_A1
    type_2_controller_lpc824_v1_keil5.o(i.init) refers to system_lpc82x.o(.data) for SystemCoreClock
    type_2_controller_lpc824_v1_keil5.o(i.main) refers to type_2_controller_lpc824_v1_keil5.o(i.init) for init
    type_2_controller_lpc824_v1_keil5.o(i.main) refers to ev_uart.o(i.EV_UART_SendStringFormat) for EV_UART_SendStringFormat
    type_2_controller_lpc824_v1_keil5.o(i.main) refers to ev_uart.o(i.EV_UART_SendString) for EV_UART_SendString
    type_2_controller_lpc824_v1_keil5.o(i.main) refers to ev_pwm.o(i.EV_PWM_SetDutyCycle) for EV_PWM_SetDutyCycle
    type_2_controller_lpc824_v1_keil5.o(i.main) refers to ev_adc.o(i.EV_ADC_ReadCPVoltage) for EV_ADC_ReadCPVoltage
    type_2_controller_lpc824_v1_keil5.o(i.main) refers to adc_lpc82x.o(i.ADC_StartSequencer) for ADC_StartSequencer
    type_2_controller_lpc824_v1_keil5.o(i.main) refers to ev_state_machine.o(i.EV_State_Machine) for EV_State_Machine
    type_2_controller_lpc824_v1_keil5.o(i.main) refers to ev_outputs.o(i.EV_OUTPUTS_SetLED2) for EV_OUTPUTS_SetLED2
    type_2_controller_lpc824_v1_keil5.o(i.main) refers to ev_outputs.o(i.EV_OUTPUTS_SetLED1) for EV_OUTPUTS_SetLED1
    type_2_controller_lpc824_v1_keil5.o(i.main) refers to ev_outputs.o(i.EV_OUTPUTS_GetStateLED2) for EV_OUTPUTS_GetStateLED2
    type_2_controller_lpc824_v1_keil5.o(i.main) refers to ev_outputs.o(i.EV_OUTPUTS_GetStateLED1) for EV_OUTPUTS_GetStateLED1
    type_2_controller_lpc824_v1_keil5.o(i.main) refers to uart_lpc82x.o(i.UART_GetStatus) for UART_GetStatus
    type_2_controller_lpc824_v1_keil5.o(i.main) refers to ev_uart.o(i.EV_UART_LocateCharacter) for EV_UART_LocateCharacter
[...]
    _init_user_alloc                         0x00001637   Thumb Code     2  init_alloc.o(.text)
    __Heap_Full                              0x00001639   Thumb Code    32  init_alloc.o(.text)
    __Heap_Broken                            0x00001659   Thumb Code    10  init_alloc.o(.text)
    _init_alloc                              0x00001663   Thumb Code    90  init_alloc.o(.text)
    __Heap_Initialize                        0x000016bd   Thumb Code    18  h1_init_mt.o(.text)
    __Heap_DescSize                          0x000016cf   Thumb Code     4  h1_init_mt.o(.text)
    _printf_pre_padding                      0x000016d3   Thumb Code    44  _printf_pad.o(.text)
    _printf_post_padding                     0x000016ff   Thumb Code    34  _printf_pad.o(.text)
    _printf_truncate_signed                  0x00001721   Thumb Code    18  _printf_truncate.o(.text)
    _printf_truncate_unsigned                0x00001733   Thumb Code    18  _printf_truncate.o(.text)
    _printf_str                              0x00001745   Thumb Code    82  _printf_str.o(.text)
    _printf_int_dec                          0x00001799   Thumb Code    90  _printf_dec.o(.text)
    _printf_charcount                        0x00001805   Thumb Code    38  _printf_charcount.o(.text)
    _printf_char_common                      0x00001837   Thumb Code    32  _printf_char_common.o(.text)
    _sputc                                   0x0000185d   Thumb Code    10  _sputc.o(.text)
    _printf_wctomb                           0x00001869   Thumb Code   182  _printf_wctomb.o(.text)
    _printf_longlong_dec                     0x00001925   Thumb Code    94  _printf_longlong_dec.o(.text)
    _printf_longlong_oct                     0x00001995   Thumb Code    68  _printf_oct_int_ll.o(.text)
    _printf_int_oct                          0x000019d9   Thumb Code    24  _printf_oct_int_ll.o(.text)
    _printf_ll_oct                           0x000019f1   Thumb Code    10  _printf_oct_int_ll.o(.text)
    _printf_longlong_hex                     0x00001a05   Thumb Code    88  _printf_hex_int_ll_ptr.o(.text)
    _printf_int_hex                          0x00001a5d   Thumb Code    28  _printf_hex_int_ll_ptr.o(.text)
    _printf_ll_hex                           0x00001a79   Thumb Code    10  _printf_hex_int_ll_ptr.o(.text)
    _printf_hex_ptr                          0x00001a83   Thumb Code    22  _printf_hex_int_ll_ptr.o(.text)
    __printf                                 0x00001a9d   Thumb Code   386  __printf_flags_ss_wp.o(.text)
    strtol                                   0x00001c25   Thumb Code   108  strtol.o(.text)
    _memset_w                                0x00001c95   Thumb Code    26  rt_memclr.o(.text)
    _memset                                  0x00001caf   Thumb Code    30  rt_memclr.o(.text)
    __aeabi_memclr                           0x00001ccd   Thumb Code     4  rt_memclr.o(.text)
    __rt_memclr                              0x00001ccd   Thumb Code     0  rt_memclr.o(.text)
    __aeabi_memclr4                          0x00001cd1   Thumb Code     0  rt_memclr.o(.text)
    __aeabi_memclr8                          0x00001cd1   Thumb Code     0  rt_memclr.o(.text)
    __rt_memclr_w                            0x00001cd1   Thumb Code     4  rt_memclr.o(.text)
    __fpl_dcmp_InfNaN                        0x00001cd5   Thumb Code   140  dcmpin.o(.text)
    __rt_ctype_table                         0x00001d65   Thumb Code    16  rt_ctype_table.o(.text)
    __Heap_ProvideMemory                     0x00001d75   Thumb Code    54  h1_extend_mt.o(.text)
    _ll_udiv10                               0x00001dab   Thumb Code   122  lludiv10.o(.text)
    _printf_int_common                       0x00001e25   Thumb Code   176  _printf_intcommon.o(.text)
    __lib_sel_fp_printf                      0x00001ed5   Thumb Code     2  _printf_fp_dec.o(.text)
    _printf_fp_dec_real                      0x0000206f   Thumb Code   620  _printf_fp_dec.o(.text)
    _printf_cs_common                        0x000022e9   Thumb Code    22  _printf_char.o(.text)
    _printf_char                             0x000022ff   Thumb Code    16  _printf_char.o(.text)
    _printf_string                           0x0000230f   Thumb Code     8  _printf_char.o(.text)
    _printf_lcs_common                       0x00002317   Thumb Code    22  _printf_wchar.o(.text)
    _printf_wchar                            0x0000232d   Thumb Code    16  _printf_wchar.o(.text)
    _printf_wstring                          0x0000233d   Thumb Code     8  _printf_wchar.o(.text)
    _strtoul                                 0x00002345   Thumb Code   166  _strtoul.o(.text)
    _wcrtomb                                 0x000023eb   Thumb Code    64  _wcrtomb.o(.text)
    __rt_SIGRTMEM                            0x0000242b   Thumb Code    12  defsig_rtmem_outer.o(.text)
    __rt_udiv10                              0x00002437   Thumb Code    40  rtudiv10.o(.text)
    __fpl_cmpreturn                          0x0000245f   Thumb Code    46  cmpret.o(.text)
    __fpl_dcheck_NaN2                        0x0000248d   Thumb Code    14  dnan2.o(.text)
    _sys_exit                                0x000024a1   Thumb Code     8  sys_exit.o(.text)
    __I$use$semihosting                      0x000024ad   Thumb Code     0  use_no_semi.o(.text)
    __use_no_semihosting_swi                 0x000024ad   Thumb Code     2  use_no_semi.o(.text)
    __semihosting_library_function           0x000024af   Thumb Code     0  indicate_semi.o(.text)
    __user_setup_stackheap                   0x000024af   Thumb Code    62  sys_stackheap_outer.o(.text)
    __rt_locale                              0x000024ed   Thumb Code    10  rt_locale_twolibspace.o(.text)
    _printf_fp_infnan                        0x000024f9   Thumb Code   120  _printf_fp_infnan.o(.text)
    _chval                                   0x00002581   Thumb Code    30  _chval.o(.text)
    _btod_etento                             0x000025a1   Thumb Code   196  bigflt0.o(.text)
    _btod_d2e                                0x00002669   Thumb Code    64  btod.o(.text)
    _btod_emul                               0x00002a5f   Thumb Code    24  btod.o(.text)
    _btod_emuld                              0x00002a77   Thumb Code    60  btod.o(.text)
    _btod_ediv                               0x00002ab3   Thumb Code    22  btod.o(.text)
    _btod_edivd                              0x00002ac9   Thumb Code    60  btod.o(.text)
    __sig_exit                               0x00002b11   Thumb Code    12  defsig_exit.o(.text)
    __rt_SIGRTMEM_inner                      0x00002b1d   Thumb Code    22  defsig_rtmem_inner.o(.text)
    __fpl_return_NaN                         0x00002b6d   Thumb Code    94  retnan.o(.text)
    __default_signal_display                 0x00002bcb   Thumb Code    52  defsig_general.o(.text)
    strcmp                                   0x00002c01   Thumb Code   132  strcmp.o(.text)
    _ttywrch                                 0x00002c89   Thumb Code    12  sys_wrch.o(.text)
    SVC_Count                                0x00002c94   Data           4  svc_table.o(SVC_TABLE)
    ADC_ClearFlags                           0x00002c99   Thumb Code     4  adc_lpc82x.o(i.ADC_ClearFlags)
    SVC_Table                                0x00002c98   Data           0  svc_table.o(SVC_TABLE)
    ADC_ClearSequencerBits                   0x00002c9d   Thumb Code    30  adc_lpc82x.o(i.ADC_ClearSequencerBits)
    ADC_DisableSequencer                     0x00002cc1   Thumb Code    20  adc_lpc82x.o(i.ADC_DisableSequencer)
    ADC_EnableInt                            0x00002cd5   Thumb Code    12  adc_lpc82x.o(i.ADC_EnableInt)
    ADC_EnableSequencer                      0x00002ce1   Thumb Code    20  adc_lpc82x.o(i.ADC_EnableSequencer)
    ADC_GetDataReg                           0x00002cf5   Thumb Code    76  adc_lpc82x.o(i.ADC_GetDataReg)
    ADC_GetFlags                             0x00002d41   Thumb Code     6  adc_lpc82x.o(i.ADC_GetFlags)
    ADC_Init                                 0x00002d47   Thumb Code    26  adc_lpc82x.o(i.ADC_Init)
    ADC_IsCalibrationDone                    0x00002d61   Thumb Code    12  adc_lpc82x.o(i.ADC_IsCalibrationDone)
    ADC_SEQA_IRQHandler                      0x00002d6d   Thumb Code    38  ev_adc.o(i.ADC_SEQA_IRQHandler)
    ADC_SetClockRate                         0x00002d9d   Thumb Code    32  adc_lpc82x.o(i.ADC_SetClockRate)
    ADC_SetDivider                           0x00002dbd   Thumb Code    14  adc_lpc82x.o(i.ADC_SetDivider)
    ADC_SetSequencerBits                     0x00002dcd   Thumb Code    30  adc_lpc82x.o(i.ADC_SetSequencerBits)
    ADC_StartCalibration                     0x00002df1   Thumb Code    42  adc_lpc82x.o(i.ADC_StartCalibration)
    ADC_StartSequencer                       0x00002e21   Thumb Code    20  adc_lpc82x.o(i.ADC_StartSequencer)
    Clock_DisablePeriphClock                 0x00002e35   Thumb Code    20  clock_lpc82x.o(i.Clock_DisablePeriphClock)
    Clock_EnablePeriphClock                  0x00002e51   Thumb Code    20  clock_lpc82x.o(i.Clock_EnablePeriphClock)
    Clock_GetExtClockInRate                  0x00002e6d   Thumb Code     4  clock_lpc82x.o(i.Clock_GetExtClockInRate)
    Clock_GetIntOscRate                      0x00002e71   Thumb Code     4  clock_lpc82x.o(i.Clock_GetIntOscRate)
    Clock_GetMainClockRate                   0x00002e79   Thumb Code    68  clock_lpc82x.o(i.Clock_GetMainClockRate)
    Clock_GetMainOscRate                     0x00002ec1   Thumb Code     4  clock_lpc82x.o(i.Clock_GetMainOscRate)
    Clock_GetPLLFreq                         0x00002ec9   Thumb Code    14  clock_lpc82x.o(i.Clock_GetPLLFreq)
    Clock_GetSystemClockRate                 0x00002ed9   Thumb Code    22  clock_lpc82x.o(i.Clock_GetSystemClockRate)
    Clock_GetSystemPLLInClockRate            0x00002ef5   Thumb Code    50  clock_lpc82x.o(i.Clock_GetSystemPLLInClockRate)
    Clock_GetSystemPLLOutClockRate           0x00002f2d   Thumb Code    24  clock_lpc82x.o(i.Clock_GetSystemPLLOutClockRate)
    Clock_GetUARTClockDiv                    0x00002f49   Thumb Code     8  clock_lpc82x.o(i.Clock_GetUARTClockDiv)
    Clock_GetUSARTNBaseClockRate             0x00002f55   Thumb Code   110  clock_lpc82x.o(i.Clock_GetUSARTNBaseClockRate)
    Clock_GetWDTLFORate                      0x00002fc5   Thumb Code    28  clock_lpc82x.o(i.Clock_GetWDTLFORate)
    Clock_GetWDTOSCRate                      0x00002fe5   Thumb Code    16  clock_lpc82x.o(i.Clock_GetWDTOSCRate)
    Clock_SetUARTClockDiv                    0x00002ff9   Thumb Code     6  clock_lpc82x.o(i.Clock_SetUARTClockDiv)
    Clock_SetUSARTNBaseClockRate             0x00003005   Thumb Code    90  clock_lpc82x.o(i.Clock_SetUSARTNBaseClockRate)
    Clock_SetWDTOSC                          0x00003061   Thumb Code    14  clock_lpc82x.o(i.Clock_SetWDTOSC)
    EV_ADC_Init                              0x00003075   Thumb Code   132  ev_adc.o(i.EV_ADC_Init)
    EV_ADC_ReadCPVoltage                     0x0000310d   Thumb Code   176  ev_adc.o(i.EV_ADC_ReadCPVoltage)
    EV_INPUTS_GetStateSwitchLockDevice       0x000031e9   Thumb Code    18  ev_inputs.o(i.EV_INPUTS_GetStateSwitchLockDevice)
    EV_INPUTS_GetStateSwitchStartCharging    0x000031fb   Thumb Code    18  ev_inputs.o(i.EV_INPUTS_GetStateSwitchStartCharging)
    EV_INPUTS_Init                           0x0000320d   Thumb Code    32  ev_inputs.o(i.EV_INPUTS_Init)
    EV_OUTPUTS_GetStateLED1                  0x0000322d   Thumb Code    18  ev_outputs.o(i.EV_OUTPUTS_GetStateLED1)
    EV_OUTPUTS_GetStateLED2                  0x0000323f   Thumb Code    18  ev_outputs.o(i.EV_OUTPUTS_GetStateLED2)
    EV_OUTPUTS_GetStatePower                 0x00003251   Thumb Code    14  ev_outputs.o(i.EV_OUTPUTS_GetStatePower)
    EV_OUTPUTS_GetStateShut                  0x0000325f   Thumb Code    14  ev_outputs.o(i.EV_OUTPUTS_GetStateShut)
    EV_OUTPUTS_GetStateVentilation           0x0000326d   Thumb Code    12  ev_outputs.o(i.EV_OUTPUTS_GetStateVentilation)
    EV_OUTPUTS_Init                          0x00003279   Thumb Code   158  ev_outputs.o(i.EV_OUTPUTS_Init)
    EV_OUTPUTS_SetLED1                       0x00003317   Thumb Code    36  ev_outputs.o(i.EV_OUTPUTS_SetLED1)
    EV_OUTPUTS_SetLED2                       0x0000333b   Thumb Code    38  ev_outputs.o(i.EV_OUTPUTS_SetLED2)
    EV_OUTPUTS_SetPower                      0x00003361   Thumb Code    18  ev_outputs.o(i.EV_OUTPUTS_SetPower)
    EV_OUTPUTS_SetShut                       0x00003373   Thumb Code    18  ev_outputs.o(i.EV_OUTPUTS_SetShut)
    EV_OUTPUTS_SetVentilation                0x00003385   Thumb Code    16  ev_outputs.o(i.EV_OUTPUTS_SetVentilation)
    EV_PWM_GetSctClockRate                   0x00003395   Thumb Code    30  ev_pwm.o(i.EV_PWM_GetSctClockRate)
    EV_PWM_Init                              0x000033b9   Thumb Code   248  ev_pwm.o(i.EV_PWM_Init)
    EV_PWM_SetDutyCycle                      0x000034d9   Thumb Code   108  ev_pwm.o(i.EV_PWM_SetDutyCycle)
    EV_PWM_Start                             0x00003565   Thumb Code    48  ev_pwm.o(i.EV_PWM_Start)
    EV_PWM_Stop                              0x000035a1   Thumb Code    72  ev_pwm.o(i.EV_PWM_Stop)
    EV_State_A1                              0x000035f5   Thumb Code    50  ev_state_machine.o(i.EV_State_A1)
    EV_State_A2                              0x0000363d   Thumb Code    50  ev_state_machine.o(i.EV_State_A2)
    EV_State_B1                              0x00003685   Thumb Code    50  ev_state_machine.o(i.EV_State_B1)
    EV_State_B2                              0x000036cd   Thumb Code    50  ev_state_machine.o(i.EV_State_B2)
    EV_State_C1                              0x00003715   Thumb Code    50  ev_state_machine.o(i.EV_State_C1)
    EV_State_C2                              0x0000375d   Thumb Code    50  ev_state_machine.o(i.EV_State_C2)
    EV_State_D1                              0x000037a5   Thumb Code    50  ev_state_machine.o(i.EV_State_D1)
    EV_State_D2                              0x000037ed   Thumb Code    50  ev_state_machine.o(i.EV_State_D2)
    EV_State_E                               0x00003835   Thumb Code    50  ev_state_machine.o(i.EV_State_E)
    EV_State_F                               0x0000387d   Thumb Code    50  ev_state_machine.o(i.EV_State_F)
    EV_State_Machine                         0x000038c5   Thumb Code   686  ev_state_machine.o(i.EV_State_Machine)
    EV_UART_BufferIsNumber                   0x00003be1   Thumb Code    44  ev_uart.o(i.EV_UART_BufferIsNumber)
    EV_UART_DE_PIN_Set                       0x00003c0d   Thumb Code    18  ev_uart.o(i.EV_UART_DE_PIN_Set)
    EV_UART_Init                             0x00003c21   Thumb Code   140  ev_uart.o(i.EV_UART_Init)
    EV_UART_LocateCharacter                  0x00003cb5   Thumb Code    40  ev_uart.o(i.EV_UART_LocateCharacter)
    EV_UART_RE_PIN_Set                       0x00003cdd   Thumb Code    18  ev_uart.o(i.EV_UART_RE_PIN_Set)
    EV_UART_SendBuffer                       0x00003cf1   Thumb Code    62  ev_uart.o(i.EV_UART_SendBuffer)
    EV_UART_SendString                       0x00003d35   Thumb Code    22  ev_uart.o(i.EV_UART_SendString)
    EV_UART_SendStringFormat                 0x00003d4b   Thumb Code    38  ev_uart.o(i.EV_UART_SendStringFormat)
    FMC_ComputeSignature                     0x00003d71   Thumb Code    18  fmc_lpc82x.o(i.FMC_ComputeSignature)
    FMC_ComputeSignatureBlocks               0x00003d89   Thumb Code    18  fmc_lpc82x.o(i.FMC_ComputeSignatureBlocks)
    FMC_IsSignatureBusy                      0x00003d9d   Thumb Code     8  fmc_lpc82x.o(i.FMC_IsSignatureBusy)
    GPIO_GetPinState                         0x00003da9   Thumb Code    28  gpio_lpc82x.o(i.GPIO_GetPinState)
    GPIO_Init                                0x00003dc5   Thumb Code    12  gpio_lpc82x.o(i.GPIO_Init)
    GPIO_SetPinDIRInput                      0x00003dd1   Thumb Code    14  gpio_lpc82x.o(i.GPIO_SetPinDIRInput)
    GPIO_SetPinDIROutput                     0x00003ddf   Thumb Code    14  gpio_lpc82x.o(i.GPIO_SetPinDIROutput)
    GPIO_SetPinState                         0x00003ded   Thumb Code    34  gpio_lpc82x.o(i.GPIO_SetPinState)
    IAP_BlankCheckSector                     0x00003e0f   Thumb Code    32  iap_lpc82x.o(i.IAP_BlankCheckSector)
    IAP_CopyRamToFlash                       0x00003e31   Thumb Code    50  iap_lpc82x.o(i.IAP_CopyRamToFlash)
    IAP_EraseSector                          0x00003e69   Thumb Code    46  iap_lpc82x.o(i.IAP_EraseSector)
    IAP_PreSectorForReadWrite                0x00003e9d   Thumb Code    32  iap_lpc82x.o(i.IAP_PreSectorForReadWrite)
    SETTINGS_Load                            0x00003fe1   Thumb Code    32  settings.o(i.SETTINGS_Load)
    SETTINGS_LoadFactorySettings             0x00004005   Thumb Code    12  settings.o(i.SETTINGS_LoadFactorySettings)
    SETTINGS_Save                            0x00004019   Thumb Code    66  settings.o(i.SETTINGS_Save)
    SWM_DeInit                               0x00004061   Thumb Code    10  swm_lpc82x.o(i.SWM_DeInit)
    SWM_EnableFixedPin                       0x0000406d   Thumb Code    22  swm_lpc82x.o(i.SWM_EnableFixedPin)
    SWM_Init                                 0x00004089   Thumb Code    10  swm_lpc82x.o(i.SWM_Init)
    SWM_MovablePinAssign                     0x00004095   Thumb Code   300  swm_lpc82x.o(i.SWM_MovablePinAssign)
    SYSCTL_AssertPeriphReset                 0x000041c5   Thumb Code    20  syscon_lpc82x.o(i.SYSCTL_AssertPeriphReset)
    SYSCTL_DeassertPeriphReset               0x000041e1   Thumb Code    20  syscon_lpc82x.o(i.SYSCTL_DeassertPeriphReset)
    SYSCTL_GetUSARTFRGDivider                0x000041fd   Thumb Code     8  clock_lpc82x.o(i.SYSCTL_GetUSARTFRGDivider)
    SYSCTL_GetUSARTFRGMultiplier             0x00004209   Thumb Code     8  clock_lpc82x.o(i.SYSCTL_GetUSARTFRGMultiplier)
    SYSCTL_PeriphReset                       0x00004215   Thumb Code    18  syscon_lpc82x.o(i.SYSCTL_PeriphReset)
    SYSCTL_PowerUp                           0x00004229   Thumb Code    34  syscon_lpc82x.o(i.SYSCTL_PowerUp)
    SYSCTL_SetUSARTFRGDivider                0x00004255   Thumb Code     6  clock_lpc82x.o(i.SYSCTL_SetUSARTFRGDivider)
    SYSCTL_SetUSARTFRGMultiplier             0x00004261   Thumb Code     6  clock_lpc82x.o(i.SYSCTL_SetUSARTFRGMultiplier)
    SystemCoreClockUpdate                    0x0000426d   Thumb Code   350  system_lpc82x.o(i.SystemCoreClockUpdate)
    SystemInit                               0x00004415   Thumb Code   138  system_lpc82x.o(i.SystemInit)
    UART1_IRQHandler                         0x000044ad   Thumb Code   150  ev_uart.o(i.UART1_IRQHandler)
    UART_ConfigData                          0x00004559   Thumb Code    18  uart_lpc82x.o(i.UART_ConfigData)
    UART_Enable                              0x00004571   Thumb Code    14  uart_lpc82x.o(i.UART_Enable)
    UART_GetStatus                           0x00004585   Thumb Code    10  uart_lpc82x.o(i.UART_GetStatus)
    UART_Init                                0x00004595   Thumb Code    52  uart_lpc82x.o(i.UART_Init)
    UART_IntDisable                          0x000045d1   Thumb Code     4  uart_lpc82x.o(i.UART_IntDisable)
    UART_IntEnable                           0x000045d5   Thumb Code     4  uart_lpc82x.o(i.UART_IntEnable)
    UART_ReadByte                            0x000045d9   Thumb Code    10  uart_lpc82x.o(i.UART_ReadByte)
    UART_Send                                0x000045e3   Thumb Code    46  uart_lpc82x.o(i.UART_Send)
    UART_SendByte                            0x00004611   Thumb Code     4  uart_lpc82x.o(i.UART_SendByte)
    UART_SetBaud                             0x00004615   Thumb Code    26  uart_lpc82x.o(i.UART_SetBaud)
    UART_TXEnable                            0x00004631   Thumb Code    10  uart_lpc82x.o(i.UART_TXEnable)
    WDT_IRQHandler                           0x00004641   Thumb Code    70  type_2_controller_lpc824_v1_keil5.o(i.WDT_IRQHandler)
    WWDT_ClearStatusFlag                     0x00004687   Thumb Code    38  wwdt_lpc82x.o(i.WWDT_ClearStatusFlag)
    WWDT_Feed                                0x000046ad   Thumb Code    10  wwdt_lpc82x.o(i.WWDT_Feed)
    WWDT_GetStatus                           0x000046b7   Thumb Code     6  wwdt_lpc82x.o(i.WWDT_GetStatus)
    WWDT_Init                                0x000046bd   Thumb Code    28  wwdt_lpc82x.o(i.WWDT_Init)
    WWDT_SetOption                           0x000046e1   Thumb Code    12  wwdt_lpc82x.o(i.WWDT_SetOption)
    WWDT_SetTimeOut                          0x000046ed   Thumb Code     4  wwdt_lpc82x.o(i.WWDT_SetTimeOut)
    WWDT_SetWarning                          0x000046f1   Thumb Code     4  wwdt_lpc82x.o(i.WWDT_SetWarning)
    WWDT_SetWindow                           0x000046f5   Thumb Code     4  wwdt_lpc82x.o(i.WWDT_SetWindow)
    WWDT_Start                               0x000046f9   Thumb Code    20  wwdt_lpc82x.o(i.WWDT_Start)
    WWDT_UnsetOption                         0x0000470d   Thumb Code    12  wwdt_lpc82x.o(i.WWDT_UnsetOption)
    Watchdog_Init                            0x00004719   Thumb Code   112  type_2_controller_lpc824_v1_keil5.o(i.Watchdog_Init)
    __ARM_common_ll_muluu                    0x00004791   Thumb Code    48  rt_cmsis.o(i.__ARM_common_ll_muluu)
    __ARM_common_switch8                     0x000047c1   Thumb Code    28  type_2_controller_lpc824_v1_keil5.o(i.__ARM_common_switch8)
    __ARM_fpclassify                         0x000047dd   Thumb Code    40  fpclassify.o(i.__ARM_fpclassify)
    __user_perthread_libspace                0x00004809   Thumb Code    34  rtx_conf_cm.o(i.__user_perthread_libspace)
    _init_box                                0x00004839   Thumb Code    72  rt_membox.o(i._init_box)
    _is_digit                                0x00004881   Thumb Code    14  __printf_wp.o(i._is_digit)
    _mutex_acquire                           0x00004891   Thumb Code    22  rtx_conf_cm.o(i._mutex_acquire)
    _mutex_initialize                        0x000048b5   Thumb Code    34  rtx_conf_cm.o(i._mutex_initialize)
    _mutex_release                           0x000048e1   Thumb Code    20  rtx_conf_cm.o(i._mutex_release)
    getUARTClockID                           0x000048fd   Thumb Code    26  uart_lpc82x.o(i.getUARTClockID)
    iap_entry                                0x00004921   Thumb Code    16  iap_lpc82x.o(i.iap_entry)
    init                                     0x00004935   Thumb Code    94  type_2_controller_lpc824_v1_keil5.o(i.init)
    isrMessageGet                            0x000049a1   Thumb Code    46  rt_cmsis.o(i.isrMessageGet)
    isrMessagePut                            0x000049cf   Thumb Code    48  rt_cmsis.o(i.isrMessagePut)
    isr_mbx_receive                          0x000049ff   Thumb Code    70  rt_mailbox.o(i.isr_mbx_receive)
    isr_mbx_send                             0x00004a45   Thumb Code    12  rt_mailbox.o(i.isr_mbx_send)
    main                                     0x00004a51   Thumb Code  3016  type_2_controller_lpc824_v1_keil5.o(i.main)
    osKernelInitialize                       0x00005675   Thumb Code    36  rt_cmsis.o(i.osKernelInitialize)
    osKernelStart                            0x0000569d   Thumb Code   100  rt_cmsis.o(i.osKernelStart)
    osMessageGet                             0x00005709   Thumb Code    24  rt_cmsis.o(i.osMessageGet)
    osThreadCreate                           0x00005725   Thumb Code    44  rt_cmsis.o(i.osThreadCreate)
    osThreadExit                             0x00005759   Thumb Code    14  rt_cmsis.o(i.osThreadExit)
    osTimerCall                              0x00005771   Thumb Code    10  rt_cmsis.o(i.osTimerCall)
    osTimerThread                            0x00005781   Thumb Code    38  rt_cmsis.o(i.osTimerThread)
    os_error                                 0x000057ad   Thumb Code    26  rtx_conf_cm.o(i.os_error)
    os_idle_demon                            0x000057c7   Thumb Code     4  rtx_conf_cm.o(i.os_idle_demon)
    os_tick_init                             0x000057cd   Thumb Code    32  rt_system.o(i.os_tick_init)
    os_tick_irqack                           0x000057f9   Thumb Code     2  rt_system.o(i.os_tick_irqack)
    rt_alloc_box                             0x000057fb   Thumb Code    30  rt_membox.o(i.rt_alloc_box)
    rt_alloc_mem                             0x00005819   Thumb Code    66  rt_memory.o(i.rt_alloc_mem)
    rt_block                                 0x0000585d   Thumb Code    42  rt_task.o(i.rt_block)
    rt_chk_robin                             0x00005895   Thumb Code    56  rt_robin.o(i.rt_chk_robin)
    rt_dec_dly                               0x000058d9   Thumb Code   108  rt_list.o(i.rt_dec_dly)
    rt_dispatch                              0x0000594d   Thumb Code    56  rt_task.o(i.rt_dispatch)
    rt_evt_psh                               0x0000598d   Thumb Code    74  rt_event.o(i.rt_evt_psh)
    rt_free_box                              0x000059dd   Thumb Code    38  rt_membox.o(i.rt_free_box)
    rt_free_mem                              0x00005a03   Thumb Code    48  rt_memory.o(i.rt_free_mem)
    rt_get_first                             0x00005a33   Thumb Code    42  rt_list.o(i.rt_get_first)
    rt_init_mem                              0x00005aad   Thumb Code    28  rt_memory.o(i.rt_init_mem)
    rt_init_robin                            0x00005ac9   Thumb Code    14  rt_robin.o(i.rt_init_robin)
    rt_init_stack                            0x00005ae1   Thumb Code   106  hal_cm.o(i.rt_init_stack)
    rt_mbx_check                             0x00005b59   Thumb Code     8  rt_mailbox.o(i.rt_mbx_check)
    rt_mbx_init                              0x00005b61   Thumb Code    30  rt_mailbox.o(i.rt_mbx_init)
    rt_mbx_psh                               0x00005b85   Thumb Code   204  rt_mailbox.o(i.rt_mbx_psh)
    rt_mbx_wait                              0x00005c55   Thumb Code   170  rt_mailbox.o(i.rt_mbx_wait)
    rt_mut_init                              0x00005d49   Thumb Code    16  rt_mutex.o(i.rt_mut_init)
    rt_mut_release                           0x00005d59   Thumb Code   206  rt_mutex.o(i.rt_mut_release)
    rt_mut_wait                              0x00005e31   Thumb Code   106  rt_mutex.o(i.rt_mut_wait)
    rt_pop_req                               0x00005ea1   Thumb Code   100  rt_system.o(i.rt_pop_req)
    rt_psh_req                               0x00005f11   Thumb Code    24  rt_system.o(i.rt_psh_req)
    rt_psq_enq                               0x00005f31   Thumb Code    60  rt_list.o(i.rt_psq_enq)
    rt_put_dly                               0x00005f71   Thumb Code    74  rt_list.o(i.rt_put_dly)
    rt_put_prio                              0x00005fc1   Thumb Code    60  rt_list.o(i.rt_put_prio)
    rt_put_rdy_first                         0x00005ffd   Thumb Code    14  rt_list.o(i.rt_put_rdy_first)
    rt_resort_prio                           0x00006011   Thumb Code    44  rt_list.o(i.rt_resort_prio)
    rt_ret_val                               0x00006041   Thumb Code     6  hal_cm.o(i.rt_ret_val)
    rt_ret_val2                              0x00006047   Thumb Code     8  hal_cm.o(i.rt_ret_val2)
    rt_rmv_dly                               0x0000604f   Thumb Code    42  rt_list.o(i.rt_rmv_dly)
    rt_rmv_list                              0x00006079   Thumb Code    46  rt_list.o(i.rt_rmv_list)
    rt_sem_psh                               0x000060ad   Thumb Code    48  rt_semaphore.o(i.rt_sem_psh)
    rt_stk_check                             0x000060e1   Thumb Code    30  rt_system.o(i.rt_stk_check)
    rt_switch_req                            0x00006109   Thumb Code    10  rt_task.o(i.rt_switch_req)
    rt_sys_init                              0x00006119   Thumb Code   134  rt_task.o(i.rt_sys_init)
    rt_sys_start                             0x000061e1   Thumb Code    82  rt_task.o(i.rt_sys_start)
    rt_systick                               0x00006245   Thumb Code    48  rt_system.o(i.rt_systick)
    rt_tsk_create                            0x000062cd   Thumb Code   106  rt_task.o(i.rt_tsk_create)
    rt_tsk_delete                            0x00006345   Thumb Code   318  rt_task.o(i.rt_tsk_delete)
    rt_tsk_prio                              0x0000649d   Thumb Code   112  rt_task.o(i.rt_tsk_prio)
    rt_tsk_self                              0x0000651d   Thumb Code    12  rt_task.o(i.rt_tsk_self)
    svcKernelInitialize                      0x0000652d   Thumb Code    86  rt_cmsis.o(i.svcKernelInitialize)
    svcKernelStart                           0x000065a5   Thumb Code    66  rt_cmsis.o(i.svcKernelStart)
    svcMessageCreate                         0x000065f1   Thumb Code    42  rt_cmsis.o(i.svcMessageCreate)
    svcMessageGet                            0x0000661b   Thumb Code    60  rt_cmsis.o(i.svcMessageGet)
    svcThreadCreate                          0x00006659   Thumb Code   106  rt_cmsis.o(i.svcThreadCreate)
    svcThreadGetId                           0x000066d1   Thumb Code    22  rt_cmsis.o(i.svcThreadGetId)
    svcThreadTerminate                       0x000066ed   Thumb Code    56  rt_cmsis.o(i.svcThreadTerminate)
    svcTimerCall                             0x00006729   Thumb Code    28  rt_cmsis.o(i.svcTimerCall)
    sysTimerTick                             0x00006745   Thumb Code    78  rt_cmsis.o(i.sysTimerTick)
    _get_lc_ctype                            0x0000679d   Thumb Code    44  lc_ctype_c.o(locale$$code)
    _get_lc_numeric                          0x000067c9   Thumb Code    44  lc_numeric_c.o(locale$$code)
    __aeabi_cdcmple                          0x000067f5   Thumb Code     0  dlef.o(x$fpl$dleqf)
    _dcmple                                  0x000067f5   Thumb Code    94  dlef.o(x$fpl$dleqf)
    __aeabi_cdrcmple                         0x00006859   Thumb Code     0  drlef.o(x$fpl$drleqf)
    _drcmple                                 0x00006859   Thumb Code   100  drlef.o(x$fpl$drleqf)
    __aeabi_fadd                             0x000068c1   Thumb Code     0  faddsub.o(x$fpl$fadd)
    _fadd                                    0x000068c1   Thumb Code   134  faddsub.o(x$fpl$fadd)
    __aeabi_fmul                             0x0000694d   Thumb Code     0  fmul.o(x$fpl$fmul)
    _fmul                                    0x0000694d   Thumb Code   172  fmul.o(x$fpl$fmul)
    __aeabi_frsub                            0x000069fd   Thumb Code     0  faddsub.o(x$fpl$frsb)
    _frsb                                    0x000069fd   Thumb Code    24  faddsub.o(x$fpl$frsb)
    __aeabi_fsub                             0x00006a15   Thumb Code     0  faddsub.o(x$fpl$fsub)
    _fsub                                    0x00006a15   Thumb Code   204  faddsub.o(x$fpl$fsub)
    _printf_fp_dec                           0x00006ae5   Thumb Code    16  printf1.o(x$fpl$printf1)
    OscRateIn                                0x00006af4   Data           4  clock_lpc82x.o(.constdata)
    __I$use$fp                               0x00006af4   Number         0  usenofp.o(x$fpl$usenofp)
    ExtRateIn                                0x00006af8   Data           4  clock_lpc82x.o(.constdata)
    os_maxtaskrun                            0x00006b3c   Data           2  rtx_conf_cm.o(.constdata)
    os_stackinfo                             0x00006b40   Data           4  rtx_conf_cm.o(.constdata)
    os_rrobin                                0x00006b44   Data           4  rtx_conf_cm.o(.constdata)
    os_tickfreq                              0x00006b48   Data           4  rtx_conf_cm.o(.constdata)
    os_tickus_i                              0x00006b4c   Data           2  rtx_conf_cm.o(.constdata)
    os_tickus_f                              0x00006b4e   Data           2  rtx_conf_cm.o(.constdata)
    os_trv                                   0x00006b50   Data           4  rtx_conf_cm.o(.constdata)
    os_flags                                 0x00006b54   Data           1  rtx_conf_cm.o(.constdata)
    CMSIS_RTOS_API_Version                   0x00006b58   Data           4  rtx_conf_cm.o(.constdata)
    CMSIS_RTOS_RTX_Version                   0x00006b5c   Data           4  rtx_conf_cm.o(.constdata)
    os_clockrate                             0x00006b60   Data           4  rtx_conf_cm.o(.constdata)
    os_timernum                              0x00006b64   Data           4  rtx_conf_cm.o(.constdata)
    mp_tcb_size                              0x00006b68   Data           2  rtx_conf_cm.o(.constdata)
    mp_stk_size                              0x00006b6c   Data           4  rtx_conf_cm.o(.constdata)
    os_stack_sz                              0x00006b70   Data           4  rtx_conf_cm.o(.constdata)
    os_fifo_size                             0x00006b74   Data           1  rtx_conf_cm.o(.constdata)
    os_thread_def_osTimerThread              0x00006b78   Data          16  rtx_conf_cm.o(.constdata)
    os_messageQ_def_osTimerMessageQ          0x00006b88   Data           8  rtx_conf_cm.o(.constdata)
    mp_tmr_size                              0x00006b90   Data           2  rtx_conf_cm.o(.constdata)
    Region$$Table$$Base                      0x00006d2c   Number         0  anon$$obj.o(Region$$Table)
    Region$$Table$$Limit                     0x00006d4c   Number         0  anon$$obj.o(Region$$Table)
    __ctype                                  0x00006d59   Data           0  lc_ctype_c.o(locale$$data)
    ledWaitMs                                0x10000000   Data           4  type_2_controller_lpc824_v1_keil5.o(.data)
    EV_UART_BufferLength                     0x10000004   Data           4  ev_uart.o(.data)
    EV_UART_ReceivingState                   0x10000008   Data           4  ev_uart.o(.data)
    EV_UART_DataReceived                     0x1000000c   Data           1  ev_uart.o(.data)
    selectedMaximumCurrent                   0x10000010   Data           4  ev_pwm.o(.data)
    pwmRunning                               0x10000014   Data           1  ev_pwm.o(.data)
    evPwmDutyCycle                           0x10000018   Data           4  ev_pwm.o(.data)
    sctClockRate                             0x1000001c   Data           4  ev_pwm.o(.data)
    settingsData                             0x10000020   Data           8  settings.o(.data)
    sequenceComplete                         0x10000028   Data           1  ev_adc.o(.data)
    pilotPositiveADCValue                    0x1000002c   Data           4  ev_adc.o(.data)
    pilotNegativeADCValue                    0x10000030   Data           4  ev_adc.o(.data)
    pilotPositiveVoltage                     0x10000034   Data           4  ev_adc.o(.data)
    pilotNegativeVoltage                     0x10000038   Data           4  ev_adc.o(.data)
    adcVoltageMeasured                       0x1000003c   Data           1  ev_adc.o(.data)
    adcCh10Voltage                           0x10000040   Data           4  ev_adc.o(.data)
    adcCh3Voltage                            0x10000044   Data           4  ev_adc.o(.data)
    adcCurrentSample                         0x10000048   Data           4  ev_adc.o(.data)
    selectedModuleMode                       0x1000004c   Data           1  ev_state_machine.o(.data)
    currentStateMachine                      0x10000050   Data           4  ev_state_machine.o(.data)
    evStateMachineWaitMs                     0x10000054   Data           4  ev_state_machine.o(.data)
    manualStartChargingFlag                  0x10000058   Data           1  ev_state_machine.o(.data)
    osThreadId_osTimerThread                 0x1000005c   Data           4  rtx_conf_cm.o(.data)
    osMessageQId_osTimerMessageQ             0x10000060   Data           4  rtx_conf_cm.o(.data)
    os_tmr                                   0x10000064   Data           4  rtx_conf_cm.o(.data)
    m_tmr                                    0x10000068   Data           4  rtx_conf_cm.o(.data)
    os_thread_def_main                       0x10000070   Data          16  rtx_conf_cm.o(.data)
    SystemCoreClock                          0x10000080   Data           4  system_lpc82x.o(.data)
    os_initialized                           0x10000084   Data           1  rt_cmsis.o(.data)
    os_running                               0x10000085   Data           1  rt_cmsis.o(.data)
    os_timer_head                            0x10000088   Data           4  rt_cmsis.o(.data)
    os_tsk                                   0x1000008c   Data           8  rt_task.o(.data)
    os_tick_irqn                             0x10000098   Data           4  rt_system.o(.data)
    os_time                                  0x1000009c   Data           4  rt_time.o(.data)
    os_robin                                 0x100000a0   Data           8  rt_robin.o(.data)
    EV_UART_Buffer                           0x100000a8   Data          64  ev_uart.o(.bss)
    mp_tcb                                   0x100000e8   Data         376  rtx_conf_cm.o(.bss)
    mp_stk                                   0x10000260   Data        1216  rtx_conf_cm.o(.bss)
    os_stack_mem                             0x10000720   Data         432  rtx_conf_cm.o(.bss)
    os_fifo                                  0x100008d0   Data         132  rtx_conf_cm.o(.bss)
    os_active_TCB                            0x10000954   Data          28  rtx_conf_cm.o(.bss)
    os_messageQ_q_osTimerMessageQ            0x10000970   Data          32  rtx_conf_cm.o(.bss)
    os_idle_TCB                              0x10000cb0   Data          52  rt_task.o(.bss)
    os_rdy                                   0x10000ce4   Data          24  rt_list.o(.bss)
    os_dly                                   0x10000cfc   Data          24  rt_list.o(.bss)
    __libspace_start                         0x10000d14   Data          96  libspace.o(.bss)
    __temporary_stack_top$libspace           0x10000d74   Data           0  libspace.o(.bss)



==============================================================================

Memory Map of the image

  Image Entry point : 0x000000c1

  Load Region LR_IROM1 (Base: 0x00000000, Size: 0x00006f20, Max: 0x00008000, ABSOLUTE)

    Execution Region ER_IROM1 (Base: 0x00000000, Size: 0x00006e78, Max: 0x00008000, ABSOLUTE)

    Base Addr    Size         Type   Attr      Idx    E Section Name        Object

    0x00000000   0x000000c0   Data   RO         1931    RESET               startup_lpc82x.o
    0x000000c0   0x00000008   Code   RO         3243  * !!!main             c_p.l(__main.o)
    0x000000c8   0x0000003c   Code   RO         3654    !!!scatter          c_p.l(__scatter.o)
    0x00000104   0x0000001a   Code   RO         3656    !!handler_copy      c_p.l(__scatter_copy.o)
    0x0000011e   0x00000002   PAD
    0x00000120   0x0000001c   Code   RO         3658    !!handler_zi        c_p.l(__scatter_zi.o)
    0x0000013c   0x00000002   Code   RO         3405    .ARM.Collect$$_printf_percent$$00000000  c_p.l(_printf_percent.o)
    0x0000013e   0x0000000a   Code   RO         3394    .ARM.Collect$$_printf_percent$$00000001  c_p.l(_printf_n.o)
    0x00000148   0x0000000a   Code   RO         3396    .ARM.Collect$$_printf_percent$$00000002  c_p.l(_printf_p.o)
    0x00000152   0x0000000a   Code   RO         3401    .ARM.Collect$$_printf_percent$$00000003  c_p.l(_printf_f.o)
    0x0000015c   0x0000000a   Code   RO         3402    .ARM.Collect$$_printf_percent$$00000004  c_p.l(_printf_e.o)
    0x00000166   0x0000000a   Code   RO         3403    .ARM.Collect$$_printf_percent$$00000005  c_p.l(_printf_g.o)
    0x00000170   0x0000000a   Code   RO         3404    .ARM.Collect$$_printf_percent$$00000006  c_p.l(_printf_a.o)
    0x0000017a   0x0000000a   Code   RO         3409    .ARM.Collect$$_printf_percent$$00000007  c_p.l(_printf_ll.o)
    0x00000184   0x0000000a   Code   RO         3398    .ARM.Collect$$_printf_percent$$00000008  c_p.l(_printf_i.o)
    0x0000018e   0x0000000a   Code   RO         3399    .ARM.Collect$$_printf_percent$$00000009  c_p.l(_printf_d.o)
    0x00000198   0x0000000a   Code   RO         3400    .ARM.Collect$$_printf_percent$$0000000A  c_p.l(_printf_u.o)
    0x000001a2   0x0000000a   Code   RO         3397    .ARM.Collect$$_printf_percent$$0000000B  c_p.l(_printf_o.o)
    0x000001ac   0x0000000a   Code   RO         3395    .ARM.Collect$$_printf_percent$$0000000C  c_p.l(_printf_x.o)
    0x000001b6   0x0000000a   Code   RO         3406    .ARM.Collect$$_printf_percent$$0000000D  c_p.l(_printf_lli.o)
    0x000001c0   0x0000000a   Code   RO         3407    .ARM.Collect$$_printf_percent$$0000000E  c_p.l(_printf_lld.o)
    0x000001ca   0x0000000a   Code   RO         3408    .ARM.Collect$$_printf_percent$$0000000F  c_p.l(_printf_llu.o)
    0x000001d4   0x0000000a   Code   RO         3413    .ARM.Collect$$_printf_percent$$00000010  c_p.l(_printf_llo.o)
    0x000001de   0x0000000a   Code   RO         3414    .ARM.Collect$$_printf_percent$$00000011  c_p.l(_printf_llx.o)
    0x000001e8   0x0000000a   Code   RO         3410    .ARM.Collect$$_printf_percent$$00000012  c_p.l(_printf_l.o)
    0x000001f2   0x0000000a   Code   RO         3392    .ARM.Collect$$_printf_percent$$00000013  c_p.l(_printf_c.o)
    0x000001fc   0x0000000a   Code   RO         3393    .ARM.Collect$$_printf_percent$$00000014  c_p.l(_printf_s.o)
    0x00000206   0x0000000a   Code   RO         3411    .ARM.Collect$$_printf_percent$$00000015  c_p.l(_printf_lc.o)
    0x00000210   0x0000000a   Code   RO         3412    .ARM.Collect$$_printf_percent$$00000016  c_p.l(_printf_ls.o)
    0x0000021a   0x00000004   Code   RO         3523    .ARM.Collect$$_printf_percent$$00000017  c_p.l(_printf_percent_end.o)
    0x0000021e   0x00000002   Code   RO         3597    .ARM.Collect$$libinit$$00000000  c_p.l(libinit.o)
    0x00000220   0x00000000   Code   RO         3426    .ARM.Collect$$libinit$$00000002  c_p.l(libinit2.o)
    0x00000220   0x00000000   Code   RO         3428    .ARM.Collect$$libinit$$00000004  c_p.l(libinit2.o)
    0x00000220   0x00000008   Code   RO         3429    .ARM.Collect$$libinit$$00000005  c_p.l(libinit2.o)
    0x00000228   0x00000000   Code   RO         3431    .ARM.Collect$$libinit$$0000000A  c_p.l(libinit2.o)
    0x00000228   0x00000000   Code   RO         3433    .ARM.Collect$$libinit$$0000000C  c_p.l(libinit2.o)
    0x00000228   0x00000000   Code   RO         3435    .ARM.Collect$$libinit$$0000000E  c_p.l(libinit2.o)
    0x00000228   0x00000006   Code   RO         3436    .ARM.Collect$$libinit$$0000000F  c_p.l(libinit2.o)
    0x0000022e   0x00000000   Code   RO         3438    .ARM.Collect$$libinit$$00000011  c_p.l(libinit2.o)
    0x0000022e   0x0000000c   Code   RO         3439    .ARM.Collect$$libinit$$00000012  c_p.l(libinit2.o)
    0x0000023a   0x00000000   Code   RO         3440    .ARM.Collect$$libinit$$00000013  c_p.l(libinit2.o)
    0x0000023a   0x00000000   Code   RO         3442    .ARM.Collect$$libinit$$00000015  c_p.l(libinit2.o)
    0x0000023a   0x0000000a   Code   RO         3443    .ARM.Collect$$libinit$$00000016  c_p.l(libinit2.o)
    0x00000244   0x00000000   Code   RO         3444    .ARM.Collect$$libinit$$00000017  c_p.l(libinit2.o)
    0x00000244   0x00000000   Code   RO         3446    .ARM.Collect$$libinit$$00000019  c_p.l(libinit2.o)
    0x00000244   0x00000000   Code   RO         3448    .ARM.Collect$$libinit$$0000001B  c_p.l(libinit2.o)
    0x00000244   0x00000000   Code   RO         3450    .ARM.Collect$$libinit$$0000001D  c_p.l(libinit2.o)
    0x00000244   0x00000000   Code   RO         3452    .ARM.Collect$$libinit$$0000001F  c_p.l(libinit2.o)
    0x00000244   0x00000000   Code   RO         3454    .ARM.Collect$$libinit$$00000021  c_p.l(libinit2.o)
    0x00000244   0x00000000   Code   RO         3456    .ARM.Collect$$libinit$$00000023  c_p.l(libinit2.o)
    0x00000244   0x00000000   Code   RO         3458    .ARM.Collect$$libinit$$00000025  c_p.l(libinit2.o)
    0x00000244   0x00000000   Code   RO         3462    .ARM.Collect$$libinit$$0000002C  c_p.l(libinit2.o)
    0x00000244   0x00000000   Code   RO         3464    .ARM.Collect$$libinit$$0000002E  c_p.l(libinit2.o)
    0x00000244   0x00000000   Code   RO         3466    .ARM.Collect$$libinit$$00000030  c_p.l(libinit2.o)
    0x00000244   0x00000000   Code   RO         3468    .ARM.Collect$$libinit$$00000032  c_p.l(libinit2.o)
    0x00000244   0x00000002   Code   RO         3469    .ARM.Collect$$libinit$$00000033  c_p.l(libinit2.o)
    0x00000246   0x00000002   Code   RO         3598    .ARM.Collect$$libshutdown$$00000000  c_p.l(libshutdown.o)
    0x00000248   0x00000000   Code   RO         3619    .ARM.Collect$$libshutdown$$00000002  c_p.l(libshutdown2.o)
    0x00000248   0x00000000   Code   RO         3621    .ARM.Collect$$libshutdown$$00000004  c_p.l(libshutdown2.o)
    0x00000248   0x00000000   Code   RO         3624    .ARM.Collect$$libshutdown$$00000007  c_p.l(libshutdown2.o)
    0x00000248   0x00000000   Code   RO         3627    .ARM.Collect$$libshutdown$$0000000A  c_p.l(libshutdown2.o)
    0x00000248   0x00000000   Code   RO         3629    .ARM.Collect$$libshutdown$$0000000C  c_p.l(libshutdown2.o)
    0x00000248   0x00000000   Code   RO         3632    .ARM.Collect$$libshutdown$$0000000F  c_p.l(libshutdown2.o)
    0x00000248   0x00000002   Code   RO         3633    .ARM.Collect$$libshutdown$$00000010  c_p.l(libshutdown2.o)
    0x0000024a   0x00000000   Code   RO         3279    .ARM.Collect$$rtentry$$00000000  c_p.l(__rtentry.o)
    0x0000024a   0x00000000   Code   RO         3478    .ARM.Collect$$rtentry$$00000002  c_p.l(__rtentry2.o)
    0x0000024a   0x00000006   Code   RO         3490    .ARM.Collect$$rtentry$$00000004  c_p.l(__rtentry4.o)
    0x00000250   0x00000000   Code   RO         3480    .ARM.Collect$$rtentry$$00000009  c_p.l(__rtentry2.o)
    0x00000250   0x00000004   Code   RO         3481    .ARM.Collect$$rtentry$$0000000A  c_p.l(__rtentry2.o)
    0x00000254   0x00000008   Code   RO         3482    .ARM.Collect$$rtentry$$0000000B  c_p.l(__rtentry2.o)
    0x0000025c   0x00000008   Code   RO         3484    .ARM.Collect$$rtentry$$0000000D  c_p.l(__rtentry2.o)
    0x00000264   0x00000002   Code   RO         3280    .ARM.Collect$$rtexit$$00000000  c_p.l(rtexit.o)
    0x00000266   0x00000000   Code   RO         3493    .ARM.Collect$$rtexit$$00000002  c_p.l(rtexit2.o)
    0x00000266   0x00000004   Code   RO         3494    .ARM.Collect$$rtexit$$00000003  c_p.l(rtexit2.o)
    0x0000026a   0x00000006   Code   RO         3495    .ARM.Collect$$rtexit$$00000004  c_p.l(rtexit2.o)
    0x00000270   0x0000001c   Code   RO         1871    .emb_text           rtx_conf_cm.o
    0x0000028c   0x00000000   Code   RO         3505    .emb_text           c_p.l(maybetermalloc1.o)
    0x0000028c   0x00000038   Code   RO         1933    .text               startup_lpc82x.o
    0x000002c4   0x00000008   Code   RO         3158    .text               c_p.l(libspace.o)
    0x000002cc   0x00000030   Code   RO         3223    .text               c_p.l(llmul.o)
    0x000002fc   0x00000004   Code   RO         1932    .ARM.__at_0x02FC    startup_lpc82x.o
    0x00000300   0x00000164   Code   RO         3143    .emb_text           RTX_CM0.lib(hal_cm0.o)
    0x00000464   0x0000009a   Code   RO         3169    .text               c_p.l(h1_alloc_mt.o)
    0x000004fe   0x00000074   Code   RO         3171    .text               c_p.l(h1_free_mt.o)
    0x00000572   0x00000102   Code   RO         3225    .text               c_p.l(lludiv.o)
    0x00000674   0x00000024   Code   RO         3227    .text               c_p.l(c89vsprintf.o)
    0x00000698   0x0000001a   Code   RO         3229    .text               c_p.l(atoi.o)
    0x000006b2   0x00000010   Code   RO         3231    .text               c_p.l(exit.o)
    0x000006c2   0x00000002   PAD
    0x000006c4   0x00000044   Code   RO         3233    .text               c_p.l(strlen.o)
    0x00000708   0x0000006c   Code   RO         3235    .text               c_p.l(strncpy.o)
    0x00000774   0x0000015a   Code   RO         3237    .text               c_p.l(aeabi_sdiv.o)
    0x000008ce   0x00000006   Code   RO         3241    .text               c_p.l(heapauxi.o)
    0x000008d4   0x0000007c   Code   RO         3245    .text               fz_ps.l(d2f.o)
    0x00000950   0x00000358   Code   RO         3247    .text               fz_ps.l(daddsub.o)
    0x00000ca8   0x00000448   Code   RO         3249    .text               fz_ps.l(ddiv.o)
    0x000010f0   0x00000058   Code   RO         3252    .text               fz_ps.l(dflti.o)
    0x00001148   0x00000248   Code   RO         3256    .text               fz_ps.l(dmul.o)
    0x00001390   0x00000054   Code   RO         3260    .text               fz_ps.l(f2d.o)
    0x000013e4   0x00000160   Code   RO         3268    .text               fz_ps.l(fdiv.o)
    0x00001544   0x0000004c   Code   RO         3271    .text               fz_ps.l(ffixi.o)
    0x00001590   0x00000030   Code   RO         3273    .text               fz_ps.l(ffixui.o)
    0x000015c0   0x0000005e   Code   RO         3275    .text               fz_ps.l(fflti.o)
    0x0000161e   0x0000000a   Code   RO         3295    .text               c_p.l(rt_heap_descriptor_twolibspace.o)
    0x00001628   0x00000008   Code   RO         3302    .text               c_p.l(rt_errno_addr_twolibspace.o)
    0x00001630   0x00000004   Code   RO         3304    .text               c_p.l(hguard.o)
    0x00001634   0x00000088   Code   RO         3306    .text               c_p.l(init_alloc.o)
    0x000016bc   0x00000016   Code   RO         3312    .text               c_p.l(h1_init_mt.o)
    0x000016d2   0x0000004e   Code   RO         3326    .text               c_p.l(_printf_pad.o)
    0x00001720   0x00000024   Code   RO         3328    .text               c_p.l(_printf_truncate.o)
    0x00001744   0x00000052   Code   RO         3330    .text               c_p.l(_printf_str.o)
    0x00001796   0x00000002   PAD
    0x00001798   0x0000006c   Code   RO         3332    .text               c_p.l(_printf_dec.o)
    0x00001804   0x00000026   Code   RO         3334    .text               c_p.l(_printf_charcount.o)
    0x0000182a   0x00000002   PAD
    0x0000182c   0x00000030   Code   RO         3336    .text               c_p.l(_printf_char_common.o)
    0x0000185c   0x0000000a   Code   RO         3338    .text               c_p.l(_sputc.o)
    0x00001866   0x00000002   PAD
    0x00001868   0x000000bc   Code   RO         3340    .text               c_p.l(_printf_wctomb.o)
    0x00001924   0x00000070   Code   RO         3343    .text               c_p.l(_printf_longlong_dec.o)
    0x00001994   0x00000070   Code   RO         3349    .text               c_p.l(_printf_oct_int_ll.o)
    0x00001a04   0x00000098   Code   RO         3369    .text               c_p.l(_printf_hex_int_ll_ptr.o)
    0x00001a9c   0x00000188   Code   RO         3389    .text               c_p.l(__printf_flags_ss_wp.o)
    0x00001c24   0x00000070   Code   RO         3415    .text               c_p.l(strtol.o)
    0x00001c94   0x00000040   Code   RO         3421    .text               c_p.l(rt_memclr.o)
    0x00001cd4   0x00000090   Code   RO         3470    .text               fz_ps.l(dcmpin.o)
    0x00001d64   0x00000010   Code   RO         3499    .text               c_p.l(rt_ctype_table.o)
    0x00001d74   0x00000036   Code   RO         3509    .text               c_p.l(h1_extend_mt.o)
    0x00001daa   0x0000007a   Code   RO         3511    .text               c_p.l(lludiv10.o)
    0x00001e24   0x000000b0   Code   RO         3513    .text               c_p.l(_printf_intcommon.o)
    0x00001ed4   0x00000414   Code   RO         3515    .text               c_p.l(_printf_fp_dec.o)
    0x000022e8   0x0000002e   Code   RO         3519    .text               c_p.l(_printf_char.o)
    0x00002316   0x0000002e   Code   RO         3521    .text               c_p.l(_printf_wchar.o)
    0x00002344   0x000000a6   Code   RO         3524    .text               c_p.l(_strtoul.o)
    0x000023ea   0x00000040   Code   RO         3526    .text               c_p.l(_wcrtomb.o)
    0x0000242a   0x0000000c   Code   RO         3528    .text               c_p.l(defsig_rtmem_outer.o)
    0x00002436   0x00000028   Code   RO         3532    .text               c_p.l(rtudiv10.o)
    0x0000245e   0x0000002e   Code   RO         3539    .text               fz_ps.l(cmpret.o)
    0x0000248c   0x00000014   Code   RO         3541    .text               fz_ps.l(dnan2.o)
    0x000024a0   0x0000000c   Code   RO         3545    .text               c_p.l(sys_exit.o)
    0x000024ac   0x00000002   Code   RO         3547    .text               c_p.l(use_no_semi.o)
    0x000024ae   0x00000000   Code   RO         3549    .text               c_p.l(indicate_semi.o)
    0x000024ae   0x0000003e   Code   RO         3550    .text               c_p.l(sys_stackheap_outer.o)
    0x000024ec   0x0000000a   Code   RO         3560    .text               c_p.l(rt_locale_twolibspace.o)
    0x000024f6   0x00000002   PAD
    0x000024f8   0x00000088   Code   RO         3564    .text               c_p.l(_printf_fp_infnan.o)
    0x00002580   0x0000001e   Code   RO         3566    .text               c_p.l(_chval.o)
    0x0000259e   0x00000002   PAD
    0x000025a0   0x000000c8   Code   RO         3568    .text               c_p.l(bigflt0.o)
    0x00002668   0x000004a8   Code   RO         3571    .text               c_p.l(btod.o)
    0x00002b10   0x0000000c   Code   RO         3579    .text               c_p.l(defsig_exit.o)
    0x00002b1c   0x00000050   Code   RO         3585    .text               c_p.l(defsig_rtmem_inner.o)
    0x00002b6c   0x0000005e   Code   RO         3601    .text               fz_ps.l(retnan.o)
    0x00002bca   0x00000034   Code   RO         3612    .text               c_p.l(defsig_general.o)
    0x00002bfe   0x00000002   PAD
    0x00002c00   0x00000088   Code   RO         3616    .text               c_p.l(strcmp.o)
    0x00002c88   0x0000000c   Code   RO         3634    .text               c_p.l(sys_wrch.o)
    0x00002c94   0x00000004   Code   RO         3153    SVC_TABLE           RTX_CM0.lib(svc_table.o)
    0x00002c98   0x00000004   Code   RO         1567    i.ADC_ClearFlags    adc_lpc82x.o
    0x00002c9c   0x00000024   Code   RO         1568    i.ADC_ClearSequencerBits  adc_lpc82x.o
    0x00002cc0   0x00000014   Code   RO         1571    i.ADC_DisableSequencer  adc_lpc82x.o
    0x00002cd4   0x0000000c   Code   RO         1572    i.ADC_EnableInt     adc_lpc82x.o
    0x00002ce0   0x00000014   Code   RO         1573    i.ADC_EnableSequencer  adc_lpc82x.o
    0x00002cf4   0x0000004c   Code   RO         1574    i.ADC_GetDataReg    adc_lpc82x.o
    0x00002d40   0x00000006   Code   RO         1576    i.ADC_GetFlags      adc_lpc82x.o
    0x00002d46   0x0000001a   Code   RO         1578    i.ADC_Init          adc_lpc82x.o
    0x00002d60   0x0000000c   Code   RO         1579    i.ADC_IsCalibrationDone  adc_lpc82x.o
    0x00002d6c   0x00000030   Code   RO          385    i.ADC_SEQA_IRQHandler  ev_adc.o
    0x00002d9c   0x00000020   Code   RO         1582    i.ADC_SetClockRate  adc_lpc82x.o
    0x00002dbc   0x0000000e   Code   RO         1583    i.ADC_SetDivider    adc_lpc82x.o
    0x00002dca   0x00000002   PAD
    0x00002dcc   0x00000024   Code   RO         1584    i.ADC_SetSequencerBits  adc_lpc82x.o
    0x00002df0   0x00000030   Code   RO         1591    i.ADC_StartCalibration  adc_lpc82x.o
    0x00002e20   0x00000014   Code   RO         1592    i.ADC_StartSequencer  adc_lpc82x.o
    0x00002e34   0x0000001c   Code   RO          650    i.Clock_DisablePeriphClock  clock_lpc82x.o
    0x00002e50   0x0000001c   Code   RO          651    i.Clock_EnablePeriphClock  clock_lpc82x.o
    0x00002e6c   0x00000004   Code   RO          652    i.Clock_GetExtClockInRate  clock_lpc82x.o
    0x00002e70   0x00000008   Code   RO          654    i.Clock_GetIntOscRate  clock_lpc82x.o
    0x00002e78   0x00000048   Code   RO          655    i.Clock_GetMainClockRate  clock_lpc82x.o
    0x00002ec0   0x00000008   Code   RO          657    i.Clock_GetMainOscRate  clock_lpc82x.o
    0x00002ec8   0x0000000e   Code   RO          658    i.Clock_GetPLLFreq  clock_lpc82x.o
    0x00002ed6   0x00000002   PAD
    0x00002ed8   0x0000001c   Code   RO          659    i.Clock_GetSystemClockRate  clock_lpc82x.o
    0x00002ef4   0x00000038   Code   RO          660    i.Clock_GetSystemPLLInClockRate  clock_lpc82x.o
    0x00002f2c   0x0000001c   Code   RO          661    i.Clock_GetSystemPLLOutClockRate  clock_lpc82x.o
    0x00002f48   0x0000000c   Code   RO          662    i.Clock_GetUARTClockDiv  clock_lpc82x.o
    0x00002f54   0x0000006e   Code   RO          663    i.Clock_GetUSARTNBaseClockRate  clock_lpc82x.o
    0x00002fc2   0x00000002   PAD
    0x00002fc4   0x00000020   Code   RO          664    i.Clock_GetWDTLFORate  clock_lpc82x.o
    0x00002fe4   0x00000014   Code   RO          665    i.Clock_GetWDTOSCRate  clock_lpc82x.o
    0x00002ff8   0x0000000c   Code   RO          673    i.Clock_SetUARTClockDiv  clock_lpc82x.o
    0x00003004   0x0000005a   Code   RO          674    i.Clock_SetUSARTNBaseClockRate  clock_lpc82x.o
    0x0000305e   0x00000002   PAD
    0x00003060   0x00000014   Code   RO          675    i.Clock_SetWDTOSC   clock_lpc82x.o
    0x00003074   0x00000098   Code   RO          386    i.EV_ADC_Init       ev_adc.o
    0x0000310c   0x000000dc   Code   RO          387    i.EV_ADC_ReadCPVoltage  ev_adc.o
    0x000031e8   0x00000012   Code   RO          598    i.EV_INPUTS_GetStateSwitchLockDevice  ev_inputs.o
    0x000031fa   0x00000012   Code   RO          599    i.EV_INPUTS_GetStateSwitchStartCharging  ev_inputs.o
    0x0000320c   0x00000020   Code   RO          600    i.EV_INPUTS_Init    ev_inputs.o
    0x0000322c   0x00000012   Code   RO          518    i.EV_OUTPUTS_GetStateLED1  ev_outputs.o
    0x0000323e   0x00000012   Code   RO          519    i.EV_OUTPUTS_GetStateLED2  ev_outputs.o
    0x00003250   0x0000000e   Code   RO          520    i.EV_OUTPUTS_GetStatePower  ev_outputs.o
    0x0000325e   0x0000000e   Code   RO          521    i.EV_OUTPUTS_GetStateShut  ev_outputs.o
    0x0000326c   0x0000000c   Code   RO          522    i.EV_OUTPUTS_GetStateVentilation  ev_outputs.o
    0x00003278   0x0000009e   Code   RO          523    i.EV_OUTPUTS_Init   ev_outputs.o
    0x00003316   0x00000024   Code   RO          524    i.EV_OUTPUTS_SetLED1  ev_outputs.o
    0x0000333a   0x00000026   Code   RO          525    i.EV_OUTPUTS_SetLED2  ev_outputs.o
    0x00003360   0x00000012   Code   RO          526    i.EV_OUTPUTS_SetPower  ev_outputs.o
    0x00003372   0x00000012   Code   RO          527    i.EV_OUTPUTS_SetShut  ev_outputs.o
    0x00003384   0x00000010   Code   RO          528    i.EV_OUTPUTS_SetVentilation  ev_outputs.o
    0x00003394   0x00000024   Code   RO          293    i.EV_PWM_GetSctClockRate  ev_pwm.o
    0x000033b8   0x00000120   Code   RO          294    i.EV_PWM_Init       ev_pwm.o
    0x000034d8   0x0000008c   Code   RO          295    i.EV_PWM_SetDutyCycle  ev_pwm.o
    0x00003564   0x0000003c   Code   RO          296    i.EV_PWM_Start      ev_pwm.o
    0x000035a0   0x00000054   Code   RO          297    i.EV_PWM_Stop       ev_pwm.o
    0x000035f4   0x00000048   Code   RO          429    i.EV_State_A1       ev_state_machine.o
    0x0000363c   0x00000048   Code   RO          430    i.EV_State_A2       ev_state_machine.o
    0x00003684   0x00000048   Code   RO          431    i.EV_State_B1       ev_state_machine.o
    0x000036cc   0x00000048   Code   RO          432    i.EV_State_B2       ev_state_machine.o
    0x00003714   0x00000048   Code   RO          433    i.EV_State_C1       ev_state_machine.o
    0x0000375c   0x00000048   Code   RO          434    i.EV_State_C2       ev_state_machine.o
    0x000037a4   0x00000048   Code   RO          435    i.EV_State_D1       ev_state_machine.o
    0x000037ec   0x00000048   Code   RO          436    i.EV_State_D2       ev_state_machine.o
    0x00003834   0x00000048   Code   RO          437    i.EV_State_E        ev_state_machine.o
    0x0000387c   0x00000048   Code   RO          438    i.EV_State_F        ev_state_machine.o
    0x000038c4   0x0000031c   Code   RO          439    i.EV_State_Machine  ev_state_machine.o
    0x00003be0   0x0000002c   Code   RO          160    i.EV_UART_BufferIsNumber  ev_uart.o
    0x00003c0c   0x00000012   Code   RO          161    i.EV_UART_DE_PIN_Set  ev_uart.o
    0x00003c1e   0x00000002   PAD
    0x00003c20   0x00000094   Code   RO          162    i.EV_UART_Init      ev_uart.o
    0x00003cb4   0x00000028   Code   RO          163    i.EV_UART_LocateCharacter  ev_uart.o
    0x00003cdc   0x00000012   Code   RO          164    i.EV_UART_RE_PIN_Set  ev_uart.o
    0x00003cee   0x00000002   PAD
    0x00003cf0   0x00000044   Code   RO          165    i.EV_UART_SendBuffer  ev_uart.o
    0x00003d34   0x00000016   Code   RO          166    i.EV_UART_SendString  ev_uart.o
    0x00003d4a   0x00000026   Code   RO          167    i.EV_UART_SendStringFormat  ev_uart.o
    0x00003d70   0x00000018   Code   RO         1743    i.FMC_ComputeSignature  fmc_lpc82x.o
    0x00003d88   0x00000012   Code   RO         1744    i.FMC_ComputeSignatureBlocks  fmc_lpc82x.o
    0x00003d9a   0x00000002   PAD
    0x00003d9c   0x0000000c   Code   RO         1746    i.FMC_IsSignatureBusy  fmc_lpc82x.o
    0x00003da8   0x0000001c   Code   RO          856    i.GPIO_GetPinState  gpio_lpc82x.o
    0x00003dc4   0x0000000c   Code   RO          860    i.GPIO_Init         gpio_lpc82x.o
    0x00003dd0   0x0000000e   Code   RO          864    i.GPIO_SetPinDIRInput  gpio_lpc82x.o
    0x00003dde   0x0000000e   Code   RO          865    i.GPIO_SetPinDIROutput  gpio_lpc82x.o
    0x00003dec   0x00000022   Code   RO          866    i.GPIO_SetPinState  gpio_lpc82x.o
    0x00003e0e   0x00000020   Code   RO         1395    i.IAP_BlankCheckSector  iap_lpc82x.o
    0x00003e2e   0x00000002   PAD
    0x00003e30   0x00000038   Code   RO         1397    i.IAP_CopyRamToFlash  iap_lpc82x.o
    0x00003e68   0x00000034   Code   RO         1399    i.IAP_EraseSector   iap_lpc82x.o
    0x00003e9c   0x00000020   Code   RO         1400    i.IAP_PreSectorForReadWrite  iap_lpc82x.o
    0x00003ebc   0x00000078   Code   RO            3    i.NVIC_SetPriority  type_2_controller_lpc824_v1_keil5.o
    0x00003f34   0x00000078   Code   RO          388    i.NVIC_SetPriority  ev_adc.o
    0x00003fac   0x00000034   Code   RO            4    i.NVIC_SystemReset  type_2_controller_lpc824_v1_keil5.o
    0x00003fe0   0x00000024   Code   RO          347    i.SETTINGS_Load     settings.o
    0x00004004   0x00000014   Code   RO          348    i.SETTINGS_LoadFactorySettings  settings.o
    0x00004018   0x00000048   Code   RO          349    i.SETTINGS_Save     settings.o
    0x00004060   0x0000000a   Code   RO         1339    i.SWM_DeInit        swm_lpc82x.o
    0x0000406a   0x00000002   PAD
    0x0000406c   0x0000001c   Code   RO         1341    i.SWM_EnableFixedPin  swm_lpc82x.o
    0x00004088   0x0000000a   Code   RO         1343    i.SWM_Init          swm_lpc82x.o
    0x00004092   0x00000002   PAD
    0x00004094   0x00000130   Code   RO         1345    i.SWM_MovablePinAssign  swm_lpc82x.o
    0x000041c4   0x0000001c   Code   RO         1017    i.SYSCTL_AssertPeriphReset  syscon_lpc82x.o
    0x000041e0   0x0000001c   Code   RO         1019    i.SYSCTL_DeassertPeriphReset  syscon_lpc82x.o
    0x000041fc   0x0000000c   Code   RO          677    i.SYSCTL_GetUSARTFRGDivider  clock_lpc82x.o
    0x00004208   0x0000000c   Code   RO          678    i.SYSCTL_GetUSARTFRGMultiplier  clock_lpc82x.o
    0x00004214   0x00000012   Code   RO         1036    i.SYSCTL_PeriphReset  syscon_lpc82x.o
    0x00004226   0x00000002   PAD
    0x00004228   0x0000002c   Code   RO         1038    i.SYSCTL_PowerUp    syscon_lpc82x.o
    0x00004254   0x0000000c   Code   RO          679    i.SYSCTL_SetUSARTFRGDivider  clock_lpc82x.o
    0x00004260   0x0000000c   Code   RO          680    i.SYSCTL_SetUSARTFRGMultiplier  clock_lpc82x.o
    0x0000426c   0x000001a8   Code   RO         1941    i.SystemCoreClockUpdate  system_lpc82x.o
    0x00004414   0x00000098   Code   RO         1942    i.SystemInit        system_lpc82x.o
    0x000044ac   0x000000ac   Code   RO          168    i.UART1_IRQHandler  ev_uart.o
    0x00004558   0x00000018   Code   RO         1206    i.UART_ConfigData   uart_lpc82x.o
    0x00004570   0x00000014   Code   RO         1209    i.UART_Enable       uart_lpc82x.o
    0x00004584   0x00000010   Code   RO         1212    i.UART_GetStatus    uart_lpc82x.o
    0x00004594   0x0000003c   Code   RO         1213    i.UART_Init         uart_lpc82x.o
    0x000045d0   0x00000004   Code   RO         1214    i.UART_IntDisable   uart_lpc82x.o
    0x000045d4   0x00000004   Code   RO         1215    i.UART_IntEnable    uart_lpc82x.o
    0x000045d8   0x0000000a   Code   RO         1216    i.UART_ReadByte     uart_lpc82x.o
    0x000045e2   0x0000002e   Code   RO         1217    i.UART_Send         uart_lpc82x.o
    0x00004610   0x00000004   Code   RO         1218    i.UART_SendByte     uart_lpc82x.o
    0x00004614   0x0000001a   Code   RO         1220    i.UART_SetBaud      uart_lpc82x.o
    0x0000462e   0x00000002   PAD
    0x00004630   0x00000010   Code   RO         1223    i.UART_TXEnable     uart_lpc82x.o
    0x00004640   0x00000046   Code   RO            5    i.WDT_IRQHandler    type_2_controller_lpc824_v1_keil5.o
    0x00004686   0x00000026   Code   RO         1787    i.WWDT_ClearStatusFlag  wwdt_lpc82x.o
    0x000046ac   0x0000000a   Code   RO         1789    i.WWDT_Feed         wwdt_lpc82x.o
    0x000046b6   0x00000006   Code   RO         1791    i.WWDT_GetStatus    wwdt_lpc82x.o
    0x000046bc   0x00000024   Code   RO         1792    i.WWDT_Init         wwdt_lpc82x.o
    0x000046e0   0x0000000c   Code   RO         1793    i.WWDT_SetOption    wwdt_lpc82x.o
    0x000046ec   0x00000004   Code   RO         1794    i.WWDT_SetTimeOut   wwdt_lpc82x.o
    0x000046f0   0x00000004   Code   RO         1795    i.WWDT_SetWarning   wwdt_lpc82x.o
    0x000046f4   0x00000004   Code   RO         1796    i.WWDT_SetWindow    wwdt_lpc82x.o
    0x000046f8   0x00000014   Code   RO         1797    i.WWDT_Start        wwdt_lpc82x.o
    0x0000470c   0x0000000c   Code   RO         1798    i.WWDT_UnsetOption  wwdt_lpc82x.o
    0x00004718   0x00000078   Code   RO            6    i.Watchdog_Init     type_2_controller_lpc824_v1_keil5.o
    0x00004790   0x00000030   Code   RO         2536    i.__ARM_common_ll_muluu  RTX_CM0.lib(rt_cmsis.o)
    0x000047c0   0x0000001c   Code   RO           50    i.__ARM_common_switch8  type_2_controller_lpc824_v1_keil5.o
    0x000047dc   0x0000002c   Code   RO         3603    i.__ARM_fpclassify  m_ps.l(fpclassify.o)
    0x00004808   0x00000030   Code   RO         1872    i.__user_perthread_libspace  rtx_conf_cm.o
    0x00004838   0x00000048   Code   RO         3066    i._init_box         RTX_CM0.lib(rt_membox.o)
    0x00004880   0x0000000e   Code   RO         3382    i._is_digit         c_p.l(__printf_wp.o)
    0x0000488e   0x00000002   PAD
    0x00004890   0x00000024   Code   RO         1873    i._mutex_acquire    rtx_conf_cm.o
    0x000048b4   0x0000002c   Code   RO         1874    i._mutex_initialize  rtx_conf_cm.o
    0x000048e0   0x0000001c   Code   RO         1875    i._mutex_release    rtx_conf_cm.o
    0x000048fc   0x00000024   Code   RO         1224    i.getUARTClockID    uart_lpc82x.o
    0x00004920   0x00000014   Code   RO         1405    i.iap_entry         iap_lpc82x.o
    0x00004934   0x0000006c   Code   RO            7    i.init              type_2_controller_lpc824_v1_keil5.o
    0x000049a0   0x0000002e   Code   RO         1973    i.isrMessageGet     RTX_CM0.lib(rt_cmsis.o)
    0x000049ce   0x00000030   Code   RO         1974    i.isrMessagePut     RTX_CM0.lib(rt_cmsis.o)
    0x000049fe   0x00000046   Code   RO         2921    i.isr_mbx_receive   RTX_CM0.lib(rt_mailbox.o)
    0x00004a44   0x0000000c   Code   RO         2922    i.isr_mbx_send      RTX_CM0.lib(rt_mailbox.o)
    0x00004a50   0x00000c24   Code   RO            8    i.main              type_2_controller_lpc824_v1_keil5.o
    0x00005674   0x00000028   Code   RO         1978    i.osKernelInitialize  RTX_CM0.lib(rt_cmsis.o)
    0x0000569c   0x0000006c   Code   RO         1980    i.osKernelStart     RTX_CM0.lib(rt_cmsis.o)
    0x00005708   0x0000001c   Code   RO         1989    i.osMessageGet      RTX_CM0.lib(rt_cmsis.o)
    0x00005724   0x00000034   Code   RO         2006    i.osThreadCreate    RTX_CM0.lib(rt_cmsis.o)
    0x00005758   0x00000018   Code   RO         2007    i.osThreadExit      RTX_CM0.lib(rt_cmsis.o)
    0x00005770   0x00000010   Code   RO         2013    i.osTimerCall       RTX_CM0.lib(rt_cmsis.o)
    0x00005780   0x0000002c   Code   RO         2018    i.osTimerThread     RTX_CM0.lib(rt_cmsis.o)
    0x000057ac   0x0000001a   Code   RO         1876    i.os_error          rtx_conf_cm.o
    0x000057c6   0x00000004   Code   RO         1877    i.os_idle_demon     rtx_conf_cm.o
    0x000057ca   0x00000002   PAD
    0x000057cc   0x0000002c   Code   RO         2713    i.os_tick_init      RTX_CM0.lib(rt_system.o)
    0x000057f8   0x00000002   Code   RO         2714    i.os_tick_irqack    RTX_CM0.lib(rt_system.o)
    0x000057fa   0x0000001e   Code   RO         3067    i.rt_alloc_box      RTX_CM0.lib(rt_membox.o)
    0x00005818   0x00000042   Code   RO         3095    i.rt_alloc_mem      RTX_CM0.lib(rt_memory.o)
    0x0000585a   0x00000002   PAD
    0x0000585c   0x00000038   Code   RO         2594    i.rt_block          RTX_CM0.lib(rt_task.o)
    0x00005894   0x00000044   Code   RO         3044    i.rt_chk_robin      RTX_CM0.lib(rt_robin.o)
    0x000058d8   0x00000074   Code   RO         2845    i.rt_dec_dly        RTX_CM0.lib(rt_list.o)
    0x0000594c   0x00000040   Code   RO         2595    i.rt_dispatch       RTX_CM0.lib(rt_task.o)
    0x0000598c   0x00000050   Code   RO         2806    i.rt_evt_psh        RTX_CM0.lib(rt_event.o)
    0x000059dc   0x00000026   Code   RO         3068    i.rt_free_box       RTX_CM0.lib(rt_membox.o)
    0x00005a02   0x00000030   Code   RO         3096    i.rt_free_mem       RTX_CM0.lib(rt_memory.o)
    0x00005a32   0x0000002a   Code   RO         2846    i.rt_get_first      RTX_CM0.lib(rt_list.o)
    0x00005a5c   0x00000008   Code   RO         2023    i.rt_id2obj         RTX_CM0.lib(rt_cmsis.o)
    0x00005a64   0x00000048   Code   RO         2596    i.rt_init_context   RTX_CM0.lib(rt_task.o)
    0x00005aac   0x0000001c   Code   RO         3097    i.rt_init_mem       RTX_CM0.lib(rt_memory.o)
    0x00005ac8   0x00000018   Code   RO         3045    i.rt_init_robin     RTX_CM0.lib(rt_robin.o)
    0x00005ae0   0x00000078   Code   RO         3119    i.rt_init_stack     RTX_CM0.lib(hal_cm.o)
    0x00005b58   0x00000008   Code   RO         2923    i.rt_mbx_check      RTX_CM0.lib(rt_mailbox.o)
    0x00005b60   0x00000024   Code   RO         2924    i.rt_mbx_init       RTX_CM0.lib(rt_mailbox.o)
    0x00005b84   0x000000d0   Code   RO         2925    i.rt_mbx_psh        RTX_CM0.lib(rt_mailbox.o)
    0x00005c54   0x000000b0   Code   RO         2927    i.rt_mbx_wait       RTX_CM0.lib(rt_mailbox.o)
    0x00005d04   0x00000044   Code   RO         2024    i.rt_ms2tick        RTX_CM0.lib(rt_cmsis.o)
    0x00005d48   0x00000010   Code   RO         2679    i.rt_mut_init       RTX_CM0.lib(rt_mutex.o)
    0x00005d58   0x000000d8   Code   RO         2680    i.rt_mut_release    RTX_CM0.lib(rt_mutex.o)
    0x00005e30   0x00000070   Code   RO         2681    i.rt_mut_wait       RTX_CM0.lib(rt_mutex.o)
    0x00005ea0   0x00000070   Code   RO         2717    i.rt_pop_req        RTX_CM0.lib(rt_system.o)
    0x00005f10   0x00000020   Code   RO         2718    i.rt_psh_req        RTX_CM0.lib(rt_system.o)
    0x00005f30   0x00000040   Code   RO         2848    i.rt_psq_enq        RTX_CM0.lib(rt_list.o)
    0x00005f70   0x00000050   Code   RO         2849    i.rt_put_dly        RTX_CM0.lib(rt_list.o)
    0x00005fc0   0x0000003c   Code   RO         2850    i.rt_put_prio       RTX_CM0.lib(rt_list.o)
    0x00005ffc   0x00000014   Code   RO         2851    i.rt_put_rdy_first  RTX_CM0.lib(rt_list.o)
    0x00006010   0x00000030   Code   RO         2852    i.rt_resort_prio    RTX_CM0.lib(rt_list.o)
    0x00006040   0x00000006   Code   RO         3120    i.rt_ret_val        RTX_CM0.lib(hal_cm.o)
    0x00006046   0x00000008   Code   RO         3121    i.rt_ret_val2       RTX_CM0.lib(hal_cm.o)
    0x0000604e   0x0000002a   Code   RO         2853    i.rt_rmv_dly        RTX_CM0.lib(rt_list.o)
    0x00006078   0x00000034   Code   RO         2854    i.rt_rmv_list       RTX_CM0.lib(rt_list.o)
    0x000060ac   0x00000034   Code   RO         2972    i.rt_sem_psh        RTX_CM0.lib(rt_semaphore.o)
    0x000060e0   0x00000028   Code   RO         2720    i.rt_stk_check      RTX_CM0.lib(rt_system.o)
    0x00006108   0x00000010   Code   RO         2597    i.rt_switch_req     RTX_CM0.lib(rt_task.o)
    0x00006118   0x000000c8   Code   RO         2598    i.rt_sys_init       RTX_CM0.lib(rt_task.o)
    0x000061e0   0x00000064   Code   RO         2599    i.rt_sys_start      RTX_CM0.lib(rt_task.o)
    0x00006244   0x0000003c   Code   RO         2722    i.rt_systick        RTX_CM0.lib(rt_system.o)
    0x00006280   0x00000012   Code   RO         2025    i.rt_tid2ptcb       RTX_CM0.lib(rt_cmsis.o)
    0x00006292   0x00000002   PAD
    0x00006294   0x00000038   Code   RO         2026    i.rt_timer_insert   RTX_CM0.lib(rt_cmsis.o)
    0x000062cc   0x00000078   Code   RO         2600    i.rt_tsk_create     RTX_CM0.lib(rt_task.o)
    0x00006344   0x00000158   Code   RO         2601    i.rt_tsk_delete     RTX_CM0.lib(rt_task.o)
    0x0000649c   0x00000080   Code   RO         2603    i.rt_tsk_prio       RTX_CM0.lib(rt_task.o)
    0x0000651c   0x00000010   Code   RO         2604    i.rt_tsk_self       RTX_CM0.lib(rt_task.o)
    0x0000652c   0x00000078   Code   RO         2029    i.svcKernelInitialize  RTX_CM0.lib(rt_cmsis.o)
    0x000065a4   0x0000004c   Code   RO         2031    i.svcKernelStart    RTX_CM0.lib(rt_cmsis.o)
    0x000065f0   0x0000002a   Code   RO         2034    i.svcMessageCreate  RTX_CM0.lib(rt_cmsis.o)
    0x0000661a   0x0000003c   Code   RO         2035    i.svcMessageGet     RTX_CM0.lib(rt_cmsis.o)
    0x00006656   0x00000002   PAD
    0x00006658   0x00000078   Code   RO         2049    i.svcThreadCreate   RTX_CM0.lib(rt_cmsis.o)
    0x000066d0   0x0000001c   Code   RO         2050    i.svcThreadGetId    RTX_CM0.lib(rt_cmsis.o)
    0x000066ec   0x0000003c   Code   RO         2053    i.svcThreadTerminate  RTX_CM0.lib(rt_cmsis.o)
    0x00006728   0x0000001c   Code   RO         2055    i.svcTimerCall      RTX_CM0.lib(rt_cmsis.o)
    0x00006744   0x00000058   Code   RO         2064    i.sysTimerTick      RTX_CM0.lib(rt_cmsis.o)
    0x0000679c   0x0000002c   Code   RO         3574    locale$$code        c_p.l(lc_ctype_c.o)
    0x000067c8   0x0000002c   Code   RO         3577    locale$$code        c_p.l(lc_numeric_c.o)
    0x000067f4   0x00000064   Code   RO         3254    x$fpl$dleqf         fz_ps.l(dlef.o)
    0x00006858   0x00000068   Code   RO         3258    x$fpl$drleqf        fz_ps.l(drlef.o)
    0x000068c0   0x0000008c   Code   RO         3262    x$fpl$fadd          fz_ps.l(faddsub.o)
    0x0000694c   0x000000b0   Code   RO         3277    x$fpl$fmul          fz_ps.l(fmul.o)
    0x000069fc   0x00000018   Code   RO         3263    x$fpl$frsb          fz_ps.l(faddsub.o)
    0x00006a14   0x000000d0   Code   RO         3264    x$fpl$fsub          fz_ps.l(faddsub.o)
    0x00006ae4   0x00000010   Code   RO         3472    x$fpl$printf1       fz_ps.l(printf1.o)
    0x00006af4   0x00000000   Code   RO         3474    x$fpl$usenofp       fz_ps.l(usenofp.o)
    0x00006af4   0x00000048   Data   RO          681    .constdata          clock_lpc82x.o
    0x00006b3c   0x00000056   Data   RO         1879    .constdata          rtx_conf_cm.o
    0x00006b92   0x00000080   Data   RO         3250    .constdata          fz_ps.l(ddiv.o)
    0x00006c12   0x00000040   Data   RO         3269    .constdata          fz_ps.l(fdiv.o)
    0x00006c52   0x00000002   PAD
    0x00006c54   0x00000008   Data   RO         3341    .constdata          c_p.l(_printf_wctomb.o)
    0x00006c5c   0x00000028   Data   RO         3370    .constdata          c_p.l(_printf_hex_int_ll_ptr.o)
    0x00006c84   0x00000011   Data   RO         3390    .constdata          c_p.l(__printf_flags_ss_wp.o)
    0x00006c95   0x00000003   PAD
    0x00006c98   0x00000094   Data   RO         3569    .constdata          c_p.l(bigflt0.o)
    0x00006d2c   0x00000020   Data   RO         3652    Region$$Table       anon$$obj.o
    0x00006d4c   0x00000110   Data   RO         3573    locale$$data        c_p.l(lc_ctype_c.o)
    0x00006e5c   0x0000001c   Data   RO         3576    locale$$data        c_p.l(lc_numeric_c.o)


    Execution Region RW_IRAM1 (Base: 0x10000000, Size: 0x00001578, Max: 0x00002000, ABSOLUTE)

    Base Addr    Size         Type   Attr      Idx    E Section Name        Object

    0x10000000   0x00000004   Data   RW            9    .data               type_2_controller_lpc824_v1_keil5.o
    0x10000004   0x00000009   Data   RW          170    .data               ev_uart.o
    0x1000000d   0x00000003   PAD
    0x10000010   0x00000010   Data   RW          298    .data               ev_pwm.o
    0x10000020   0x00000008   Data   RW          350    .data               settings.o
    0x10000028   0x00000024   Data   RW          389    .data               ev_adc.o
    0x1000004c   0x0000000d   Data   RW          440    .data               ev_state_machine.o
    0x10000059   0x00000003   PAD
    0x1000005c   0x00000024   Data   RW         1880    .data               rtx_conf_cm.o
    0x10000080   0x00000004   Data   RW         1943    .data               system_lpc82x.o
    0x10000084   0x00000008   Data   RW         2067    .data               RTX_CM0.lib(rt_cmsis.o)
    0x1000008c   0x00000008   Data   RW         2606    .data               RTX_CM0.lib(rt_task.o)
    0x10000094   0x00000008   Data   RW         2725    .data               RTX_CM0.lib(rt_system.o)
    0x1000009c   0x00000004   Data   RW         3015    .data               RTX_CM0.lib(rt_time.o)
    0x100000a0   0x00000008   Data   RW         3046    .data               RTX_CM0.lib(rt_robin.o)
    0x100000a8   0x00000040   Zero   RW          169    .bss                ev_uart.o
    0x100000e8   0x00000bc8   Zero   RW         1878    .bss                rtx_conf_cm.o
    0x10000cb0   0x00000034   Zero   RW         2605    .bss                RTX_CM0.lib(rt_task.o)
    0x10000ce4   0x00000030   Zero   RW         2855    .bss                RTX_CM0.lib(rt_list.o)
    0x10000d14   0x00000060   Zero   RW         3159    .bss                c_p.l(libspace.o)
    0x10000d74   0x00000004   PAD
    0x10000d78   0x00000400   Zero   RW         1930    HEAP                startup_lpc82x.o
    0x10001178   0x00000400   Zero   RW         1929    STACK               startup_lpc82x.o


==============================================================================

Image component sizes


      Code (inc. data)   RO Data    RW Data    ZI Data      Debug   Object Name

       362         32          0          0          0       7705   adc_lpc82x.o
       618         88         72          0          0      11244   clock_lpc82x.o
       540         84          0         36          0       9257   ev_adc.o
        68          0          0          0          0       1442   ev_inputs.o
       360          0          0          0          0       5433   ev_outputs.o
       608        102          0         16          0       2854   ev_pwm.o
      1516        330          0         13          0       6623   ev_state_machine.o
       568         36          0          9         64      13210   ev_uart.o
        54         10          0          0          0       1506   fmc_lpc82x.o
       102          0          0          0          0       2871   gpio_lpc82x.o
       192         16          0          0          0       3566   iap_lpc82x.o
       214         52         86         36       3016      10367   rtx_conf_cm.o
       128         18          0          8          0       1558   settings.o
        60         30        192          0       2048        880   startup_lpc82x.o
       352         24          0          0          0       2020   swm_lpc82x.o
       118         26          0          0          0       1950   syscon_lpc82x.o
       576        106          0          4          0       1523   system_lpc82x.o
      3606        544          0          4          0      42979   type_2_controller_lpc824_v1_keil5.o
       266         42          0          0          0       6380   uart_lpc82x.o
       146          8          0          0          0       5150   wwdt_lpc82x.o

    ----------------------------------------------------------------------
     10480       1548        382        132       5128     138518   Object Totals
         0          0         32          0          0          0   (incl. Generated)
        26          0          0          6          0          0   (incl. Padding)

    ----------------------------------------------------------------------

      Code (inc. data)   RO Data    RW Data    ZI Data      Debug   Library Member Name

       134         14          0          0          0       1663   hal_cm.o
       356         40          0          0          0        832   hal_cm0.o
      1226        140          0          8          0      30125   rt_cmsis.o
        80          6          0          0          0        621   rt_event.o
       524         34          0          0         48       7993   rt_list.o
       510         16          0          0          0       3781   rt_mailbox.o
       140          0          0          0          0       1933   rt_membox.o
       142          0          0          0          0       2283   rt_memory.o
       344         16          0          0          0       2021   rt_mutex.o
        92         22          0          8          0       1102   rt_robin.o
        52          4          0          0          0        545   rt_semaphore.o
       290         54          0          8          0       5967   rt_system.o
      1116        178          0          8         52       9149   rt_task.o
         0          0          0          4          0        206   rt_time.o
         4          4          0          0          0        200   svc_table.o
         8          0          0          0          0         68   __main.o
       392          6         17          0          0         76   __printf_flags_ss_wp.o
        14          0          0          0          0         60   __printf_wp.o
         0          0          0          0          0          0   __rtentry.o
        20          0          0          0          0          0   __rtentry2.o
         6          0          0          0          0          0   __rtentry4.o
        60          8          0          0          0          0   __scatter.o
        26          0          0          0          0          0   __scatter_copy.o
        28          0          0          0          0          0   __scatter_zi.o
        30          0          0          0          0         60   _chval.o
        10          0          0          0          0          0   _printf_a.o
        10          0          0          0          0          0   _printf_c.o
        46          0          0          0          0        100   _printf_char.o
        48          6          0          0          0         88   _printf_char_common.o
        38          0          0          0          0         60   _printf_charcount.o
        10          0          0          0          0          0   _printf_d.o
       108         18          0          0          0         76   _printf_dec.o
        10          0          0          0          0          0   _printf_e.o
        10          0          0          0          0          0   _printf_f.o
      1044         14          0          0          0        176   _printf_fp_dec.o
       136         16          0          0          0         76   _printf_fp_infnan.o
        10          0          0          0          0          0   _printf_g.o
       152          4         40          0          0        148   _printf_hex_int_ll_ptr.o
        10          0          0          0          0          0   _printf_i.o
       176          0          0          0          0         84   _printf_intcommon.o
        10          0          0          0          0          0   _printf_l.o
        10          0          0          0          0          0   _printf_lc.o
        10          0          0          0          0          0   _printf_ll.o
        10          0          0          0          0          0   _printf_lld.o
        10          0          0          0          0          0   _printf_lli.o
        10          0          0          0          0          0   _printf_llo.o
        10          0          0          0          0          0   _printf_llu.o
        10          0          0          0          0          0   _printf_llx.o
       112         18          0          0          0         76   _printf_longlong_dec.o
        10          0          0          0          0          0   _printf_ls.o
        10          0          0          0          0          0   _printf_n.o
        10          0          0          0          0          0   _printf_o.o
       112         10          0          0          0        112   _printf_oct_int_ll.o
        10          0          0          0          0          0   _printf_p.o
        78          0          0          0          0        100   _printf_pad.o
         2          0          0          0          0          0   _printf_percent.o
         4          0          0          0          0          0   _printf_percent_end.o
        10          0          0          0          0          0   _printf_s.o
        82          0          0          0          0         72   _printf_str.o
        36          0          0          0          0         76   _printf_truncate.o
        10          0          0          0          0          0   _printf_u.o
        46          0          0          0          0        100   _printf_wchar.o
       188          6          8          0          0         80   _printf_wctomb.o
        10          0          0          0          0          0   _printf_x.o
        10          0          0          0          0         60   _sputc.o
       166          0          0          0          0         84   _strtoul.o
        64          0          0          0          0         72   _wcrtomb.o
       346          0          0          0          0         92   aeabi_sdiv.o
        26          0          0          0          0         72   atoi.o
       200          4        148          0          0         80   bigflt0.o
      1192         12          0          0          0        240   btod.o
        36          4          0          0          0         68   c89vsprintf.o
        12          0          0          0          0         68   defsig_exit.o
        52          0          0          0          0         72   defsig_general.o
        80         58          0          0          0         68   defsig_rtmem_inner.o
        12          0          0          0          0         68   defsig_rtmem_outer.o
        16          0          0          0          0         68   exit.o
       154          0          0          0          0        116   h1_alloc_mt.o
        54          0          0          0          0         72   h1_extend_mt.o
       116          0          0          0          0        100   h1_free_mt.o
        22          0          0          0          0         84   h1_init_mt.o
         6          0          0          0          0        136   heapauxi.o
         4          0          0          0          0        120   hguard.o
         0          0          0          0          0          0   indicate_semi.o
       136          0          0          0          0        160   init_alloc.o
        44         10        272          0          0         76   lc_ctype_c.o
        44         10         28          0          0         76   lc_numeric_c.o
         2          0          0          0          0          0   libinit.o
        38          0          0          0          0          0   libinit2.o
         2          0          0          0          0          0   libshutdown.o
         2          0          0          0          0          0   libshutdown2.o
         8          4          0          0         96         68   libspace.o
        48          0          0          0          0         72   llmul.o
       258          0          0          0          0         88   lludiv.o
       122          0          0          0          0         72   lludiv10.o
         0          0          0          0          0          0   maybetermalloc1.o
        16          4          0          0          0         76   rt_ctype_table.o
         8          0          0          0          0         76   rt_errno_addr_twolibspace.o
        10          0          0          0          0         76   rt_heap_descriptor_twolibspace.o
        10          0          0          0          0         76   rt_locale_twolibspace.o
        64          0          0          0          0        108   rt_memclr.o
         2          0          0          0          0          0   rtexit.o
        10          0          0          0          0          0   rtexit2.o
        40          0          0          0          0         60   rtudiv10.o
       136          4          0          0          0         72   strcmp.o
        68          6          0          0          0         72   strlen.o
       108          4          0          0          0         76   strncpy.o
       112          4          0          0          0         76   strtol.o
        12          4          0          0          0         60   sys_exit.o
        62          0          0          0          0         80   sys_stackheap_outer.o
        12          0          0          0          0         68   sys_wrch.o
         2          0          0          0          0         68   use_no_semi.o
        46          0          0          0          0         60   cmpret.o
       124          4          0          0          0         72   d2f.o
       856         20          0          0          0        208   daddsub.o
       144          4          0          0          0         76   dcmpin.o
      1096         26        128          0          0        112   ddiv.o
        88          0          0          0          0         92   dflti.o
       100          4          0          0          0         92   dlef.o
       584         26          0          0          0         84   dmul.o
        20          6          0          0          0         68   dnan2.o
       104          4          0          0          0        104   drlef.o
        84          4          0          0          0         60   f2d.o
       372          8          0          0          0        240   faddsub.o
       352         10         64          0          0         92   fdiv.o
        76          0          0          0          0         68   ffixi.o
        48          0          0          0          0         60   ffixui.o
        94          0          0          0          0         92   fflti.o
       176          4          0          0          0         80   fmul.o
        16          4          0          0          0         76   printf1.o
        94          0          0          0          0         68   retnan.o
         0          0          0          0          0          0   usenofp.o
        44          4          0          0          0         60   fpclassify.o

    ----------------------------------------------------------------------
     16708        890        710         36        200      75369   Library Totals
        24          0          5          0          4          0   (incl. Padding)

    ----------------------------------------------------------------------

      Code (inc. data)   RO Data    RW Data    ZI Data      Debug   Library Name

      5010        528          0         36        100      68421   RTX_CM0.lib
      7156        234        513          0         96       5084   c_p.l
      4474        124        192          0          0       1804   fz_ps.l
        44          4          0          0          0         60   m_ps.l

    ----------------------------------------------------------------------
     16708        890        710         36        200      75369   Library Totals

    ----------------------------------------------------------------------

==============================================================================


      Code (inc. data)   RO Data    RW Data    ZI Data      Debug   

     27188       2438       1092        168       5328     201391   Grand Totals
     27188       2438       1092        168       5328     201391   ELF Image Totals
     27188       2438       1092        168          0          0   ROM Totals

==============================================================================

    Total RO  Size (Code + RO Data)                28280 (  27.62kB)
    Total RW  Size (RW Data + ZI Data)              5496 (   5.37kB)
    Total ROM Size (Code + RO Data + RW Data)      28448 (  27.78kB)

==============================================================================

