Component: ARM Compiler 5.06 (build 20) Tool: armlink [4d35a3]

==============================================================================

Section Cross References

    type_2_controller_lpc824_v1_keil5.o(i.init) refers to system_lpc82x.o(i.SystemInit) for SystemInit
    type_2_controller_lpc824_v1_keil5.o(i.init) refers to system_lpc82x.o(i.SystemCoreClockUpdate) for SystemCoreClockUpdate
    type_2_controller_lpc824_v1_keil5.o(i.init) refers to aeabi_sdiv.o(.text) for __aeabi_uidivmod
    type_2_controller_lpc824_v1_keil5.o(i.init) refers to type_2_controller_lpc824_v1_keil5.o(i.NVIC_SetPriority) for NVIC_SetPriority
    type_2_controller_lpc824_v1_keil5.o(i.init) refers to ev_outputs.o(i.EV_OUTPUTS_Init) for EV_OUTPUTS_Init
    type_2_controller_lpc824_v1_keil5.o(i.init) refers to ev_inputs.o(i.EV_INPUTS_Init) for EV_INPUTS_Init
    type_2_controller_lpc824_v1_keil5.o(i.init) refers to ev_uart.o(i.EV_UART_Init) for EV_UART_Init
    type_2_controller_lpc824_v1_keil5.o(i.init) refers to ev_pwm.o(i.EV_PWM_Init) for EV_PWM_Init
    type_2_controller_lpc824_v1_keil5.o(i.init) refers to ev_adc.o(i.EV_ADC_Init) for EV_ADC_Init
    type_2_controller_lpc824_v1_keil5.o(i.init) refers to settings.o(i.SETTINGS_Load) for SETTINGS_Load
    type_2_controller_lpc824_v1_keil5.o(i.init) refers to ev_state_machine.o(i.EV_State_A1) for EV_State_A1
    type_2_controller_lpc824_v1_keil5.o(i.init) refers to system_lpc82x.o(.data) for SystemCoreClock
    type_2_controller_lpc824_v1_keil5.o(i.main) refers to type_2_controller_lpc824_v1_keil5.o(i.init) for init
    type_2_controller_lpc824_v1_keil5.o(i.main) refers to ev_uart.o(i.EV_UART_SendStringFormat) for EV_UART_SendStringFormat
    type_2_controller_lpc824_v1_keil5.o(i.main) refers to ev_uart.o(i.EV_UART_SendString) for EV_UART_SendString
    type_2_controller_lpc824_v1_keil5.o(i.main) refers to ev_pwm.o(i.EV_PWM_SetDutyCycle) for EV_PWM_SetDutyCycle
    type_2_controller_lpc824_v1_keil5.o(i.main) refers to ev_adc.o(i.EV_ADC_ReadCPVoltage) for EV_ADC_ReadCPVoltage
    type_2_controller_lpc824_v1_keil5.o(i.main) refers to adc_lpc82x.o(i.ADC_StartSequencer) for ADC_StartSequencer
    type_2_controller_lpc824_v1_keil5.o(i.main) refers to ev_state_machine.o(i.EV_State_Machine) for EV_State_Machine
    type_2_controller_lpc824_v1_keil5.o(i.main) refers to uart_lpc82x.o(i.UART_GetStatus) for UART_GetStatus
    type_2_controller_lpc824_v1_keil5.o(i.main) refers to ev_uart.o(i.EV_UART_LocateCharacter) for EV_UART_LocateCharacter
    type_2_controller_lpc824_v1_keil5.o(i.main) refers to h1_alloc_mt.o(.text) for malloc
    type_2_controller_lpc824_v1_keil5.o(i.main) refers to strncpy.o(.text) for strncpy
    type_2_controller_lpc824_v1_keil5.o(i.main) refers to ev_uart.o(i.EV_UART_BufferIsNumber) for EV_UART_BufferIsNumber
    type_2_controller_lpc824_v1_keil5.o(i.main) refers to atoi.o(.text) for atoi
    type_2_controller_lpc824_v1_keil5.o(i.main) refers to h1_free_mt.o(.text) for free
    type_2_controller_lpc824_v1_keil5.o(i.main) refers to settings.o(i.SETTINGS_Save) for SETTINGS_Save
    type_2_controller_lpc824_v1_keil5.o(i.main) refers to ev_outputs.o(i.EV_OUTPUTS_SetLED1) for EV_OUTPUTS_SetLED1
    type_2_controller_lpc824_v1_keil5.o(i.main) refers to ev_outputs.o(i.EV_OUTPUTS_SetLED2) for EV_OUTPUTS_SetLED2
    type_2_controller_lpc824_v1_keil5.o(i.main) refers to ev_outputs.o(i.EV_OUTPUTS_SetPower) for EV_OUTPUTS_SetPower
    type_2_controller_lpc824_v1_keil5.o(i.main) refers to ev_outputs.o(i.EV_OUTPUTS_SetVentilation) for EV_OUTPUTS_SetVentilation
    type_2_controller_lpc824_v1_keil5.o(i.main) refers to ev_outputs.o(i.EV_OUTPUTS_SetShut) for EV_OUTPUTS_SetShut
    type_2_controller_lpc824_v1_keil5.o(i.main) refers to dflti.o(.text) for __aeabi_i2d
    type_2_controller_lpc824_v1_keil5.o(i.main) refers to dlef.o(x$fpl$dleqf) for __aeabi_cdcmple
    type_2_controller_lpc824_v1_keil5.o(i.main) refers to type_2_controller_lpc824_v1_keil5.o(i.__ARM_common_switch8) for __ARM_common_switch8
    type_2_controller_lpc824_v1_keil5.o(i.main) refers to fflti.o(.text) for __aeabi_i2f
    type_2_controller_lpc824_v1_keil5.o(i.main) refers to fdiv.o(.text) for __aeabi_fdiv
    type_2_controller_lpc824_v1_keil5.o(i.main) refers to settings.o(.data) for settingsData
    type_2_controller_lpc824_v1_keil5.o(i.main) refers to ev_pwm.o(.data) for selectedMaximumCurrent
    type_2_controller_lpc824_v1_keil5.o(i.main) refers to ev_adc.o(.data) for sequenceComplete
    type_2_controller_lpc824_v1_keil5.o(i.main) refers to ev_uart.o(.data) for EV_UART_DataReceived
    type_2_controller_lpc824_v1_keil5.o(i.main) refers to ev_uart.o(.bss) for EV_UART_Buffer
    type_2_controller_lpc824_v1_keil5.o(i.main) refers to type_2_controller_lpc824_v1_keil5.o(i.NVIC_SystemReset) for NVIC_SystemReset
    type_2_controller_lpc824_v1_keil5.o(i.main) refers to settings.o(i.SETTINGS_LoadFactorySettings) for SETTINGS_LoadFactorySettings
[...]
    _dfixu                                   0x000010f1   Thumb Code    68  dfixui.o(.text)
    __aeabi_i2d_normalise                    0x00001139   Thumb Code    66  dflti.o(.text)
    __aeabi_i2d                              0x0000117b   Thumb Code    16  dflti.o(.text)
    _dflt                                    0x0000117b   Thumb Code     0  dflti.o(.text)
    __aeabi_ui2d                             0x0000118b   Thumb Code     6  dflti.o(.text)
    _dfltu                                   0x0000118b   Thumb Code     0  dflti.o(.text)
    __aeabi_dmul                             0x00001191   Thumb Code     0  dmul.o(.text)
    _dmul                                    0x00001191   Thumb Code   558  dmul.o(.text)
    __aeabi_f2d                              0x000013d9   Thumb Code     0  f2d.o(.text)
    _f2d                                     0x000013d9   Thumb Code    80  f2d.o(.text)
    __aeabi_fdiv                             0x0000142d   Thumb Code     0  fdiv.o(.text)
    _fdiv                                    0x0000142d   Thumb Code   334  fdiv.o(.text)
    _frdiv                                   0x0000157b   Thumb Code     8  fdiv.o(.text)
    __aeabi_f2iz                             0x0000158d   Thumb Code     0  ffixi.o(.text)
    _ffix                                    0x0000158d   Thumb Code    76  ffixi.o(.text)
    __aeabi_f2uiz                            0x000015d9   Thumb Code     0  ffixui.o(.text)
    _ffixu                                   0x000015d9   Thumb Code    48  ffixui.o(.text)
    __aeabi_i2f_normalise                    0x00001609   Thumb Code    72  fflti.o(.text)
    __aeabi_i2f                              0x00001651   Thumb Code    16  fflti.o(.text)
    _fflt                                    0x00001651   Thumb Code     0  fflti.o(.text)
    __aeabi_ui2f                             0x00001661   Thumb Code     6  fflti.o(.text)
    _ffltu                                   0x00001661   Thumb Code     0  fflti.o(.text)
    __rt_heap_descriptor                     0x00001667   Thumb Code    10  rt_heap_descriptor_twolibspace.o(.text)
    __aeabi_errno_addr                       0x00001671   Thumb Code     8  rt_errno_addr_twolibspace.o(.text)
    __errno$twolibspace                      0x00001671   Thumb Code     0  rt_errno_addr_twolibspace.o(.text)
    __rt_errno_addr$twolibspace              0x00001671   Thumb Code     0  rt_errno_addr_twolibspace.o(.text)
    __use_no_heap                            0x00001679   Thumb Code     2  hguard.o(.text)
    __heap$guard                             0x0000167b   Thumb Code     2  hguard.o(.text)
    _terminate_user_alloc                    0x0000167d   Thumb Code     2  init_alloc.o(.text)
    _init_user_alloc                         0x0000167f   Thumb Code     2  init_alloc.o(.text)
    __Heap_Full                              0x00001681   Thumb Code    32  init_alloc.o(.text)
    __Heap_Broken                            0x000016a1   Thumb Code    10  init_alloc.o(.text)
    _init_alloc                              0x000016ab   Thumb Code    90  init_alloc.o(.text)
    __Heap_Initialize                        0x00001705   Thumb Code    18  h1_init_mt.o(.text)
    __Heap_DescSize                          0x00001717   Thumb Code     4  h1_init_mt.o(.text)
    _printf_pre_padding                      0x0000171b   Thumb Code    44  _printf_pad.o(.text)
    _printf_post_padding                     0x00001747   Thumb Code    34  _printf_pad.o(.text)
    _printf_truncate_signed                  0x00001769   Thumb Code    18  _printf_truncate.o(.text)
    _printf_truncate_unsigned                0x0000177b   Thumb Code    18  _printf_truncate.o(.text)
    _printf_str                              0x0000178d   Thumb Code    82  _printf_str.o(.text)
    _printf_int_dec                          0x000017e1   Thumb Code    90  _printf_dec.o(.text)
    _printf_charcount                        0x0000184d   Thumb Code    38  _printf_charcount.o(.text)
    _printf_char_common                      0x0000187f   Thumb Code    32  _printf_char_common.o(.text)
    _sputc                                   0x000018a5   Thumb Code    10  _sputc.o(.text)
    _printf_wctomb                           0x000018b1   Thumb Code   182  _printf_wctomb.o(.text)
    _printf_longlong_dec                     0x0000196d   Thumb Code    94  _printf_longlong_dec.o(.text)
    _printf_longlong_oct                     0x000019dd   Thumb Code    68  _printf_oct_int_ll.o(.text)
    _printf_int_oct                          0x00001a21   Thumb Code    24  _printf_oct_int_ll.o(.text)
    _printf_ll_oct                           0x00001a39   Thumb Code    10  _printf_oct_int_ll.o(.text)
    _printf_longlong_hex                     0x00001a4d   Thumb Code    88  _printf_hex_int_ll_ptr.o(.text)
    _printf_int_hex                          0x00001aa5   Thumb Code    28  _printf_hex_int_ll_ptr.o(.text)
    _printf_ll_hex                           0x00001ac1   Thumb Code    10  _printf_hex_int_ll_ptr.o(.text)
    _printf_hex_ptr                          0x00001acb   Thumb Code    22  _printf_hex_int_ll_ptr.o(.text)
    __printf                                 0x00001ae5   Thumb Code   386  __printf_flags_ss_wp.o(.text)
    strtol                                   0x00001c6d   Thumb Code   108  strtol.o(.text)
    _memset_w                                0x00001cdd   Thumb Code    26  rt_memclr.o(.text)
    _memset                                  0x00001cf7   Thumb Code    30  rt_memclr.o(.text)
    __aeabi_memclr                           0x00001d15   Thumb Code     4  rt_memclr.o(.text)
    __rt_memclr                              0x00001d15   Thumb Code     0  rt_memclr.o(.text)
    __aeabi_memclr4                          0x00001d19   Thumb Code     0  rt_memclr.o(.text)
    __aeabi_memclr8                          0x00001d19   Thumb Code     0  rt_memclr.o(.text)
    __rt_memclr_w                            0x00001d19   Thumb Code     4  rt_memclr.o(.text)
    __fpl_dcmp_InfNaN                        0x00001d1d   Thumb Code   140  dcmpin.o(.text)
    __rt_ctype_table                         0x00001dad   Thumb Code    16  rt_ctype_table.o(.text)
    __Heap_ProvideMemory                     0x00001dbd   Thumb Code    54  h1_extend_mt.o(.text)
    _ll_udiv10                               0x00001df3   Thumb Code   122  lludiv10.o(.text)
    _printf_int_common                       0x00001e6d   Thumb Code   176  _printf_intcommon.o(.text)
    __lib_sel_fp_printf                      0x00001f1d   Thumb Code     2  _printf_fp_dec.o(.text)
    _printf_fp_dec_real                      0x000020b7   Thumb Code   620  _printf_fp_dec.o(.text)
    _printf_cs_common                        0x00002331   Thumb Code    22  _printf_char.o(.text)
    _printf_char                             0x00002347   Thumb Code    16  _printf_char.o(.text)
    _printf_string                           0x00002357   Thumb Code     8  _printf_char.o(.text)
    _printf_lcs_common                       0x0000235f   Thumb Code    22  _printf_wchar.o(.text)
    _printf_wchar                            0x00002375   Thumb Code    16  _printf_wchar.o(.text)
    _printf_wstring                          0x00002385   Thumb Code     8  _printf_wchar.o(.text)
    _strtoul                                 0x0000238d   Thumb Code   166  _strtoul.o(.text)
    _wcrtomb                                 0x00002433   Thumb Code    64  _wcrtomb.o(.text)
    __rt_SIGRTMEM                            0x00002473   Thumb Code    12  defsig_rtmem_outer.o(.text)
    __rt_udiv10                              0x0000247f   Thumb Code    40  rtudiv10.o(.text)
    __fpl_cmpreturn                          0x000024a7   Thumb Code    46  cmpret.o(.text)
    __fpl_dcheck_NaN2                        0x000024d5   Thumb Code    14  dnan2.o(.text)
    _sys_exit                                0x000024e9   Thumb Code     8  sys_exit.o(.text)
    __I$use$semihosting                      0x000024f5   Thumb Code     0  use_no_semi.o(.text)
    __use_no_semihosting_swi                 0x000024f5   Thumb Code     2  use_no_semi.o(.text)
    __semihosting_library_function           0x000024f7   Thumb Code     0  indicate_semi.o(.text)
    __user_setup_stackheap                   0x000024f7   Thumb Code    62  sys_stackheap_outer.o(.text)
    __rt_locale                              0x00002535   Thumb Code    10  rt_locale_twolibspace.o(.text)
    _printf_fp_infnan                        0x00002541   Thumb Code   120  _printf_fp_infnan.o(.text)
    _chval                                   0x000025c9   Thumb Code    30  _chval.o(.text)
    _btod_etento                             0x000025e9   Thumb Code   196  bigflt0.o(.text)
    _btod_d2e                                0x000026b1   Thumb Code    64  btod.o(.text)
    _btod_emul                               0x00002aa7   Thumb Code    24  btod.o(.text)
    _btod_emuld                              0x00002abf   Thumb Code    60  btod.o(.text)
    _btod_ediv                               0x00002afb   Thumb Code    22  btod.o(.text)
    _btod_edivd                              0x00002b11   Thumb Code    60  btod.o(.text)
    __sig_exit                               0x00002b59   Thumb Code    12  defsig_exit.o(.text)
    __rt_SIGRTMEM_inner                      0x00002b65   Thumb Code    22  defsig_rtmem_inner.o(.text)
    __fpl_return_NaN                         0x00002bb5   Thumb Code    94  retnan.o(.text)
    __default_signal_display                 0x00002c13   Thumb Code    52  defsig_general.o(.text)
    strcmp                                   0x00002c49   Thumb Code   132  strcmp.o(.text)
    _ttywrch                                 0x00002cd1   Thumb Code    12  sys_wrch.o(.text)
    SVC_Count                                0x00002cdc   Data           4  svc_table.o(SVC_TABLE)
    ADC_ClearFlags                           0x00002ce1   Thumb Code     4  adc_lpc82x.o(i.ADC_ClearFlags)
    SVC_Table                                0x00002ce0   Data           0  svc_table.o(SVC_TABLE)
    ADC_ClearSequencerBits                   0x00002ce5   Thumb Code    30  adc_lpc82x.o(i.ADC_ClearSequencerBits)
    ADC_DisableSequencer                     0x00002d09   Thumb Code    20  adc_lpc82x.o(i.ADC_DisableSequencer)
    ADC_EnableInt                            0x00002d1d   Thumb Code    12  adc_lpc82x.o(i.ADC_EnableInt)
    ADC_EnableSequencer                      0x00002d29   Thumb Code    20  adc_lpc82x.o(i.ADC_EnableSequencer)
    ADC_GetDataReg                           0x00002d3d   Thumb Code    76  adc_lpc82x.o(i.ADC_GetDataReg)
    ADC_GetFlags                             0x00002d89   Thumb Code     6  adc_lpc82x.o(i.ADC_GetFlags)
    ADC_Init                                 0x00002d8f   Thumb Code    26  adc_lpc82x.o(i.ADC_Init)
    ADC_IsCalibrationDone                    0x00002da9   Thumb Code    12  adc_lpc82x.o(i.ADC_IsCalibrationDone)
    ADC_SEQA_IRQHandler                      0x00002db5   Thumb Code    38  ev_adc.o(i.ADC_SEQA_IRQHandler)
    ADC_SetClockRate                         0x00002de5   Thumb Code    32  adc_lpc82x.o(i.ADC_SetClockRate)
    ADC_SetDivider                           0x00002e05   Thumb Code    14  adc_lpc82x.o(i.ADC_SetDivider)
    ADC_SetSequencerBits                     0x00002e15   Thumb Code    30  adc_lpc82x.o(i.ADC_SetSequencerBits)
    ADC_StartCalibration                     0x00002e39   Thumb Code    42  adc_lpc82x.o(i.ADC_StartCalibration)
    ADC_StartSequencer                       0x00002e69   Thumb Code    20  adc_lpc82x.o(i.ADC_StartSequencer)
    Clock_DisablePeriphClock                 0x00002e7d   Thumb Code    20  clock_lpc82x.o(i.Clock_DisablePeriphClock)
    Clock_EnablePeriphClock                  0x00002e99   Thumb Code    20  clock_lpc82x.o(i.Clock_EnablePeriphClock)
    Clock_GetExtClockInRate                  0x00002eb5   Thumb Code     4  clock_lpc82x.o(i.Clock_GetExtClockInRate)
    Clock_GetIntOscRate                      0x00002eb9   Thumb Code     4  clock_lpc82x.o(i.Clock_GetIntOscRate)
    Clock_GetMainClockRate                   0x00002ec1   Thumb Code    68  clock_lpc82x.o(i.Clock_GetMainClockRate)
    Clock_GetMainOscRate                     0x00002f09   Thumb Code     4  clock_lpc82x.o(i.Clock_GetMainOscRate)
    Clock_GetPLLFreq                         0x00002f11   Thumb Code    14  clock_lpc82x.o(i.Clock_GetPLLFreq)
    Clock_GetSystemClockRate                 0x00002f21   Thumb Code    22  clock_lpc82x.o(i.Clock_GetSystemClockRate)
    Clock_GetSystemPLLInClockRate            0x00002f3d   Thumb Code    50  clock_lpc82x.o(i.Clock_GetSystemPLLInClockRate)
    Clock_GetSystemPLLOutClockRate           0x00002f75   Thumb Code    24  clock_lpc82x.o(i.Clock_GetSystemPLLOutClockRate)
    Clock_GetUARTClockDiv                    0x00002f91   Thumb Code     8  clock_lpc82x.o(i.Clock_GetUARTClockDiv)
    Clock_GetUSARTNBaseClockRate             0x00002f9d   Thumb Code   110  clock_lpc82x.o(i.Clock_GetUSARTNBaseClockRate)
    Clock_GetWDTLFORate                      0x0000300d   Thumb Code    28  clock_lpc82x.o(i.Clock_GetWDTLFORate)
    Clock_GetWDTOSCRate                      0x0000302d   Thumb Code    16  clock_lpc82x.o(i.Clock_GetWDTOSCRate)
    Clock_SetUARTClockDiv                    0x00003041   Thumb Code     6  clock_lpc82x.o(i.Clock_SetUARTClockDiv)
    Clock_SetUSARTNBaseClockRate             0x0000304d   Thumb Code    90  clock_lpc82x.o(i.Clock_SetUSARTNBaseClockRate)
    EV_ADC_Init                              0x000030a9   Thumb Code   132  ev_adc.o(i.EV_ADC_Init)
    EV_ADC_ReadCPVoltage                     0x00003141   Thumb Code   176  ev_adc.o(i.EV_ADC_ReadCPVoltage)
    EV_DisableAllOutputs                     0x0000321d   Thumb Code    40  ev_state_machine.o(i.EV_DisableAllOutputs)
    EV_INPUTS_GetStateSwitchLockDevice       0x00003251   Thumb Code    18  ev_inputs.o(i.EV_INPUTS_GetStateSwitchLockDevice)
    EV_INPUTS_GetStateSwitchStartCharging    0x00003263   Thumb Code    18  ev_inputs.o(i.EV_INPUTS_GetStateSwitchStartCharging)
    EV_INPUTS_Init                           0x00003275   Thumb Code    32  ev_inputs.o(i.EV_INPUTS_Init)
    EV_OUTPUTS_GetStateLED1                  0x00003295   Thumb Code    18  ev_outputs.o(i.EV_OUTPUTS_GetStateLED1)
    EV_OUTPUTS_GetStateLED2                  0x000032a7   Thumb Code    18  ev_outputs.o(i.EV_OUTPUTS_GetStateLED2)
    EV_OUTPUTS_GetStatePower                 0x000032b9   Thumb Code    14  ev_outputs.o(i.EV_OUTPUTS_GetStatePower)
    EV_OUTPUTS_GetStateShut                  0x000032c7   Thumb Code    14  ev_outputs.o(i.EV_OUTPUTS_GetStateShut)
    EV_OUTPUTS_GetStateVentilation           0x000032d5   Thumb Code    14  ev_outputs.o(i.EV_OUTPUTS_GetStateVentilation)
    EV_OUTPUTS_Init                          0x000032e3   Thumb Code   122  ev_outputs.o(i.EV_OUTPUTS_Init)
    EV_OUTPUTS_SetLED1                       0x0000335d   Thumb Code    22  ev_outputs.o(i.EV_OUTPUTS_SetLED1)
    EV_OUTPUTS_SetLED2                       0x00003373   Thumb Code    22  ev_outputs.o(i.EV_OUTPUTS_SetLED2)
    EV_OUTPUTS_SetPower                      0x00003389   Thumb Code    18  ev_outputs.o(i.EV_OUTPUTS_SetPower)
    EV_OUTPUTS_SetShut                       0x0000339b   Thumb Code    18  ev_outputs.o(i.EV_OUTPUTS_SetShut)
    EV_OUTPUTS_SetVentilation                0x000033ad   Thumb Code    18  ev_outputs.o(i.EV_OUTPUTS_SetVentilation)
    EV_PWM_GetSctClockRate                   0x000033c1   Thumb Code    30  ev_pwm.o(i.EV_PWM_GetSctClockRate)
    EV_PWM_Init                              0x000033e5   Thumb Code   372  ev_pwm.o(i.EV_PWM_Init)
    EV_PWM_SetDutyCycle                      0x00003585   Thumb Code   186  ev_pwm.o(i.EV_PWM_SetDutyCycle)
    EV_PWM_Start                             0x00003665   Thumb Code    48  ev_pwm.o(i.EV_PWM_Start)
    EV_PWM_Stop                              0x000036a1   Thumb Code    60  ev_pwm.o(i.EV_PWM_Stop)
    EV_State_A1                              0x000036e9   Thumb Code    40  ev_state_machine.o(i.EV_State_A1)
    EV_State_A2                              0x0000371d   Thumb Code    22  ev_state_machine.o(i.EV_State_A2)
    EV_State_B1                              0x00003741   Thumb Code    40  ev_state_machine.o(i.EV_State_B1)
    EV_State_B2                              0x00003775   Thumb Code    40  ev_state_machine.o(i.EV_State_B2)
    EV_State_C1                              0x000037a9   Thumb Code    40  ev_state_machine.o(i.EV_State_C1)
    EV_State_C2                              0x000037dd   Thumb Code    40  ev_state_machine.o(i.EV_State_C2)
    EV_State_D1                              0x00003811   Thumb Code    40  ev_state_machine.o(i.EV_State_D1)
    EV_State_D2                              0x00003845   Thumb Code    40  ev_state_machine.o(i.EV_State_D2)
    EV_State_E                               0x00003879   Thumb Code    40  ev_state_machine.o(i.EV_State_E)
    EV_State_F                               0x000038ad   Thumb Code    40  ev_state_machine.o(i.EV_State_F)
    EV_State_Machine                         0x000038e1   Thumb Code   356  ev_state_machine.o(i.EV_State_Machine)
    EV_UART_BufferIsNumber                   0x00003a99   Thumb Code    44  ev_uart.o(i.EV_UART_BufferIsNumber)
    EV_UART_DE_PIN_Set                       0x00003ac5   Thumb Code    18  ev_uart.o(i.EV_UART_DE_PIN_Set)
    EV_UART_Init                             0x00003ad9   Thumb Code   140  ev_uart.o(i.EV_UART_Init)
    EV_UART_LocateCharacter                  0x00003b6d   Thumb Code    40  ev_uart.o(i.EV_UART_LocateCharacter)
    EV_UART_RE_PIN_Set                       0x00003b95   Thumb Code    18  ev_uart.o(i.EV_UART_RE_PIN_Set)
    EV_UART_SendBuffer                       0x00003ba9   Thumb Code    62  ev_uart.o(i.EV_UART_SendBuffer)
    EV_UART_SendString                       0x00003bed   Thumb Code    22  ev_uart.o(i.EV_UART_SendString)
    EV_UART_SendStringFormat                 0x00003c03   Thumb Code    38  ev_uart.o(i.EV_UART_SendStringFormat)
    FMC_ComputeSignature                     0x00003c29   Thumb Code    18  fmc_lpc82x.o(i.FMC_ComputeSignature)
    FMC_ComputeSignatureBlocks               0x00003c41   Thumb Code    18  fmc_lpc82x.o(i.FMC_ComputeSignatureBlocks)
    FMC_IsSignatureBusy                      0x00003c55   Thumb Code     8  fmc_lpc82x.o(i.FMC_IsSignatureBusy)
    GPIO_GetPinState                         0x00003c61   Thumb Code    28  gpio_lpc82x.o(i.GPIO_GetPinState)
    GPIO_Init                                0x00003c7d   Thumb Code    12  gpio_lpc82x.o(i.GPIO_Init)
    GPIO_SetPinDIRInput                      0x00003c89   Thumb Code    14  gpio_lpc82x.o(i.GPIO_SetPinDIRInput)
    GPIO_SetPinDIROutput                     0x00003c97   Thumb Code    14  gpio_lpc82x.o(i.GPIO_SetPinDIROutput)
    GPIO_SetPinState                         0x00003ca5   Thumb Code    34  gpio_lpc82x.o(i.GPIO_SetPinState)
    IAP_BlankCheckSector                     0x00003cc7   Thumb Code    32  iap_lpc82x.o(i.IAP_BlankCheckSector)
    IAP_CopyRamToFlash                       0x00003ce9   Thumb Code    50  iap_lpc82x.o(i.IAP_CopyRamToFlash)
    IAP_EraseSector                          0x00003d21   Thumb Code    46  iap_lpc82x.o(i.IAP_EraseSector)
    IAP_PreSectorForReadWrite                0x00003d55   Thumb Code    32  iap_lpc82x.o(i.IAP_PreSectorForReadWrite)
    SETTINGS_Load                            0x00003e99   Thumb Code    32  settings.o(i.SETTINGS_Load)
    SETTINGS_LoadFactorySettings             0x00003ebd   Thumb Code    12  settings.o(i.SETTINGS_LoadFactorySettings)
    SETTINGS_Save                            0x00003ed1   Thumb Code    66  settings.o(i.SETTINGS_Save)
    SWM_DeInit                               0x00003f19   Thumb Code    10  swm_lpc82x.o(i.SWM_DeInit)
    SWM_EnableFixedPin                       0x00003f25   Thumb Code    22  swm_lpc82x.o(i.SWM_EnableFixedPin)
    SWM_Init                                 0x00003f41   Thumb Code    10  swm_lpc82x.o(i.SWM_Init)
    SWM_MovablePinAssign                     0x00003f4d   Thumb Code   300  swm_lpc82x.o(i.SWM_MovablePinAssign)
    SYSCTL_AssertPeriphReset                 0x0000407d   Thumb Code    20  syscon_lpc82x.o(i.SYSCTL_AssertPeriphReset)
    SYSCTL_DeassertPeriphReset               0x00004099   Thumb Code    20  syscon_lpc82x.o(i.SYSCTL_DeassertPeriphReset)
    SYSCTL_GetUSARTFRGDivider                0x000040b5   Thumb Code     8  clock_lpc82x.o(i.SYSCTL_GetUSARTFRGDivider)
    SYSCTL_GetUSARTFRGMultiplier             0x000040c1   Thumb Code     8  clock_lpc82x.o(i.SYSCTL_GetUSARTFRGMultiplier)
    SYSCTL_PeriphReset                       0x000040cd   Thumb Code    18  syscon_lpc82x.o(i.SYSCTL_PeriphReset)
    SYSCTL_PowerUp                           0x000040e1   Thumb Code    34  syscon_lpc82x.o(i.SYSCTL_PowerUp)
    SYSCTL_SetUSARTFRGDivider                0x0000410d   Thumb Code     6  clock_lpc82x.o(i.SYSCTL_SetUSARTFRGDivider)
    SYSCTL_SetUSARTFRGMultiplier             0x00004119   Thumb Code     6  clock_lpc82x.o(i.SYSCTL_SetUSARTFRGMultiplier)
    SystemCoreClockUpdate                    0x00004125   Thumb Code   350  system_lpc82x.o(i.SystemCoreClockUpdate)
    SystemInit                               0x000042cd   Thumb Code   138  system_lpc82x.o(i.SystemInit)
    UART1_IRQHandler                         0x00004365   Thumb Code   150  ev_uart.o(i.UART1_IRQHandler)
    UART_ConfigData                          0x00004411   Thumb Code    18  uart_lpc82x.o(i.UART_ConfigData)
    UART_Enable                              0x00004429   Thumb Code    14  uart_lpc82x.o(i.UART_Enable)
    UART_GetStatus                           0x0000443d   Thumb Code    10  uart_lpc82x.o(i.UART_GetStatus)
    UART_Init                                0x0000444d   Thumb Code    52  uart_lpc82x.o(i.UART_Init)
    UART_IntDisable                          0x00004489   Thumb Code     4  uart_lpc82x.o(i.UART_IntDisable)
    UART_IntEnable                           0x0000448d   Thumb Code     4  uart_lpc82x.o(i.UART_IntEnable)
    UART_ReadByte                            0x00004491   Thumb Code    10  uart_lpc82x.o(i.UART_ReadByte)
    UART_Send                                0x0000449b   Thumb Code    46  uart_lpc82x.o(i.UART_Send)
    UART_SendByte                            0x000044c9   Thumb Code     4  uart_lpc82x.o(i.UART_SendByte)
    UART_SetBaud                             0x000044cd   Thumb Code    26  uart_lpc82x.o(i.UART_SetBaud)
    UART_TXEnable                            0x000044e9   Thumb Code    10  uart_lpc82x.o(i.UART_TXEnable)
    __ARM_common_ll_muluu                    0x000044f9   Thumb Code    48  rt_cmsis.o(i.__ARM_common_ll_muluu)
    __ARM_common_switch8                     0x00004529   Thumb Code    28  type_2_controller_lpc824_v1_keil5.o(i.__ARM_common_switch8)
    __ARM_fpclassify                         0x00004545   Thumb Code    40  fpclassify.o(i.__ARM_fpclassify)
    __user_perthread_libspace                0x00004571   Thumb Code    34  rtx_conf_cm.o(i.__user_perthread_libspace)
    _init_box                                0x000045a1   Thumb Code    72  rt_membox.o(i._init_box)
    _is_digit                                0x000045e9   Thumb Code    14  __printf_wp.o(i._is_digit)
    _mutex_acquire                           0x000045f9   Thumb Code    22  rtx_conf_cm.o(i._mutex_acquire)
    _mutex_initialize                        0x0000461d   Thumb Code    34  rtx_conf_cm.o(i._mutex_initialize)
    _mutex_release                           0x00004649   Thumb Code    20  rtx_conf_cm.o(i._mutex_release)
    getUARTClockID                           0x00004665   Thumb Code    26  uart_lpc82x.o(i.getUARTClockID)
    iap_entry                                0x00004689   Thumb Code    16  iap_lpc82x.o(i.iap_entry)
    init                                     0x0000469d   Thumb Code    90  type_2_controller_lpc824_v1_keil5.o(i.init)
    isrMessageGet                            0x00004705   Thumb Code    46  rt_cmsis.o(i.isrMessageGet)
    isrMessagePut                            0x00004733   Thumb Code    48  rt_cmsis.o(i.isrMessagePut)
    isr_mbx_receive                          0x00004763   Thumb Code    70  rt_mailbox.o(i.isr_mbx_receive)
    isr_mbx_send                             0x000047a9   Thumb Code    12  rt_mailbox.o(i.isr_mbx_send)
    main                                     0x000047b5   Thumb Code  2348  type_2_controller_lpc824_v1_keil5.o(i.main)
    osKernelInitialize                       0x000050e1   Thumb Code    36  rt_cmsis.o(i.osKernelInitialize)
    osKernelStart                            0x00005109   Thumb Code   100  rt_cmsis.o(i.osKernelStart)
    osMessageGet                             0x00005175   Thumb Code    24  rt_cmsis.o(i.osMessageGet)
    osThreadCreate                           0x00005191   Thumb Code    44  rt_cmsis.o(i.osThreadCreate)
    osThreadExit                             0x000051c5   Thumb Code    14  rt_cmsis.o(i.osThreadExit)
    osTimerCall                              0x000051dd   Thumb Code    10  rt_cmsis.o(i.osTimerCall)
    osTimerThread                            0x000051ed   Thumb Code    38  rt_cmsis.o(i.osTimerThread)
    os_error                                 0x00005219   Thumb Code    26  rtx_conf_cm.o(i.os_error)
    os_idle_demon                            0x00005233   Thumb Code     4  rtx_conf_cm.o(i.os_idle_demon)
    os_tick_init                             0x00005239   Thumb Code    32  rt_system.o(i.os_tick_init)
    os_tick_irqack                           0x00005265   Thumb Code     2  rt_system.o(i.os_tick_irqack)
    rt_alloc_box                             0x00005267   Thumb Code    30  rt_membox.o(i.rt_alloc_box)
    rt_alloc_mem                             0x00005285   Thumb Code    66  rt_memory.o(i.rt_alloc_mem)
    rt_block                                 0x000052c9   Thumb Code    42  rt_task.o(i.rt_block)
    rt_chk_robin                             0x00005301   Thumb Code    56  rt_robin.o(i.rt_chk_robin)
    rt_dec_dly                               0x00005345   Thumb Code   108  rt_list.o(i.rt_dec_dly)
    rt_dispatch                              0x000053b9   Thumb Code    56  rt_task.o(i.rt_dispatch)
    rt_evt_psh                               0x000053f9   Thumb Code    74  rt_event.o(i.rt_evt_psh)
    rt_free_box                              0x00005449   Thumb Code    38  rt_membox.o(i.rt_free_box)
    rt_free_mem                              0x0000546f   Thumb Code    48  rt_memory.o(i.rt_free_mem)
    rt_get_first                             0x0000549f   Thumb Code    42  rt_list.o(i.rt_get_first)
    rt_init_mem                              0x00005519   Thumb Code    28  rt_memory.o(i.rt_init_mem)
    rt_init_robin                            0x00005535   Thumb Code    14  rt_robin.o(i.rt_init_robin)
    rt_init_stack                            0x0000554d   Thumb Code   106  hal_cm.o(i.rt_init_stack)
    rt_mbx_check                             0x000055c5   Thumb Code     8  rt_mailbox.o(i.rt_mbx_check)
    rt_mbx_init                              0x000055cd   Thumb Code    30  rt_mailbox.o(i.rt_mbx_init)
    rt_mbx_psh                               0x000055f1   Thumb Code   204  rt_mailbox.o(i.rt_mbx_psh)
    rt_mbx_wait                              0x000056c1   Thumb Code   170  rt_mailbox.o(i.rt_mbx_wait)
    rt_mut_init                              0x000057ad   Thumb Code    16  rt_mutex.o(i.rt_mut_init)
    rt_mut_release                           0x000057bd   Thumb Code   206  rt_mutex.o(i.rt_mut_release)
    rt_mut_wait                              0x00005895   Thumb Code   106  rt_mutex.o(i.rt_mut_wait)
    rt_pop_req                               0x00005905   Thumb Code   100  rt_system.o(i.rt_pop_req)
    rt_psh_req                               0x00005975   Thumb Code    24  rt_system.o(i.rt_psh_req)
    rt_psq_enq                               0x00005995   Thumb Code    60  rt_list.o(i.rt_psq_enq)
    rt_put_dly                               0x000059d5   Thumb Code    74  rt_list.o(i.rt_put_dly)
    rt_put_prio                              0x00005a25   Thumb Code    60  rt_list.o(i.rt_put_prio)
    rt_put_rdy_first                         0x00005a61   Thumb Code    14  rt_list.o(i.rt_put_rdy_first)
    rt_resort_prio                           0x00005a75   Thumb Code    44  rt_list.o(i.rt_resort_prio)
    rt_ret_val                               0x00005aa5   Thumb Code     6  hal_cm.o(i.rt_ret_val)
    rt_ret_val2                              0x00005aab   Thumb Code     8  hal_cm.o(i.rt_ret_val2)
    rt_rmv_dly                               0x00005ab3   Thumb Code    42  rt_list.o(i.rt_rmv_dly)
    rt_rmv_list                              0x00005add   Thumb Code    46  rt_list.o(i.rt_rmv_list)
    rt_sem_psh                               0x00005b11   Thumb Code    48  rt_semaphore.o(i.rt_sem_psh)
    rt_stk_check                             0x00005b45   Thumb Code    30  rt_system.o(i.rt_stk_check)
    rt_switch_req                            0x00005b6d   Thumb Code    10  rt_task.o(i.rt_switch_req)
    rt_sys_init                              0x00005b7d   Thumb Code   134  rt_task.o(i.rt_sys_init)
    rt_sys_start                             0x00005c45   Thumb Code    82  rt_task.o(i.rt_sys_start)
    rt_systick                               0x00005ca9   Thumb Code    48  rt_system.o(i.rt_systick)
    rt_tsk_create                            0x00005d31   Thumb Code   100  rt_task.o(i.rt_tsk_create)
    rt_tsk_delete                            0x00005da1   Thumb Code   290  rt_task.o(i.rt_tsk_delete)
    rt_tsk_prio                              0x00005edd   Thumb Code   112  rt_task.o(i.rt_tsk_prio)
    rt_tsk_self                              0x00005f5d   Thumb Code    12  rt_task.o(i.rt_tsk_self)
    svcKernelInitialize                      0x00005f6d   Thumb Code    86  rt_cmsis.o(i.svcKernelInitialize)
    svcKernelStart                           0x00005fe5   Thumb Code    66  rt_cmsis.o(i.svcKernelStart)
    svcMessageCreate                         0x00006031   Thumb Code    42  rt_cmsis.o(i.svcMessageCreate)
    svcMessageGet                            0x0000605b   Thumb Code    60  rt_cmsis.o(i.svcMessageGet)
    svcThreadCreate                          0x00006099   Thumb Code   106  rt_cmsis.o(i.svcThreadCreate)
    svcThreadGetId                           0x00006111   Thumb Code    22  rt_cmsis.o(i.svcThreadGetId)
    svcThreadTerminate                       0x0000612d   Thumb Code    56  rt_cmsis.o(i.svcThreadTerminate)
    svcTimerCall                             0x00006169   Thumb Code    28  rt_cmsis.o(i.svcTimerCall)
    sysTimerTick                             0x00006185   Thumb Code    78  rt_cmsis.o(i.sysTimerTick)
    _get_lc_ctype                            0x000061dd   Thumb Code    44  lc_ctype_c.o(locale$$code)
    _get_lc_numeric                          0x00006209   Thumb Code    44  lc_numeric_c.o(locale$$code)
    __aeabi_cdcmple                          0x00006235   Thumb Code     0  dlef.o(x$fpl$dleqf)
    _dcmple                                  0x00006235   Thumb Code    94  dlef.o(x$fpl$dleqf)
    __aeabi_cdrcmple                         0x00006299   Thumb Code     0  drlef.o(x$fpl$drleqf)
    _drcmple                                 0x00006299   Thumb Code   100  drlef.o(x$fpl$drleqf)
    __aeabi_fadd                             0x00006301   Thumb Code     0  faddsub.o(x$fpl$fadd)
    _fadd                                    0x00006301   Thumb Code   134  faddsub.o(x$fpl$fadd)
    __aeabi_fmul                             0x0000638d   Thumb Code     0  fmul.o(x$fpl$fmul)
    _fmul                                    0x0000638d   Thumb Code   172  fmul.o(x$fpl$fmul)
    __aeabi_frsub                            0x0000643d   Thumb Code     0  faddsub.o(x$fpl$frsb)
    _frsb                                    0x0000643d   Thumb Code    24  faddsub.o(x$fpl$frsb)
    __aeabi_fsub                             0x00006455   Thumb Code     0  faddsub.o(x$fpl$fsub)
    _fsub                                    0x00006455   Thumb Code   204  faddsub.o(x$fpl$fsub)
    _printf_fp_dec                           0x00006525   Thumb Code    16  printf1.o(x$fpl$printf1)
    OscRateIn                                0x00006534   Data           4  clock_lpc82x.o(.constdata)
    __I$use$fp                               0x00006534   Number         0  usenofp.o(x$fpl$usenofp)
    ExtRateIn                                0x00006538   Data           4  clock_lpc82x.o(.constdata)
    os_maxtaskrun                            0x0000657c   Data           2  rtx_conf_cm.o(.constdata)
    os_stackinfo                             0x00006580   Data           4  rtx_conf_cm.o(.constdata)
    os_rrobin                                0x00006584   Data           4  rtx_conf_cm.o(.constdata)
    os_tickfreq                              0x00006588   Data           4  rtx_conf_cm.o(.constdata)
    os_tickus_i                              0x0000658c   Data           2  rtx_conf_cm.o(.constdata)
    os_tickus_f                              0x0000658e   Data           2  rtx_conf_cm.o(.constdata)
    os_trv                                   0x00006590   Data           4  rtx_conf_cm.o(.constdata)
    os_flags                                 0x00006594   Data           1  rtx_conf_cm.o(.constdata)
    CMSIS_RTOS_API_Version                   0x00006598   Data           4  rtx_conf_cm.o(.constdata)
    CMSIS_RTOS_RTX_Version                   0x0000659c   Data           4  rtx_conf_cm.o(.constdata)
    os_clockrate                             0x000065a0   Data           4  rtx_conf_cm.o(.constdata)
    os_timernum                              0x000065a4   Data           4  rtx_conf_cm.o(.constdata)
    mp_tcb_size                              0x000065a8   Data           2  rtx_conf_cm.o(.constdata)
    mp_stk_size                              0x000065ac   Data           4  rtx_conf_cm.o(.constdata)
    os_stack_sz                              0x000065b0   Data           4  rtx_conf_cm.o(.constdata)
    os_fifo_size                             0x000065b4   Data           1  rtx_conf_cm.o(.constdata)
    os_thread_def_osTimerThread              0x000065b8   Data          16  rtx_conf_cm.o(.constdata)
    os_messageQ_def_osTimerMessageQ          0x000065c8   Data           8  rtx_conf_cm.o(.constdata)
    mp_tmr_size                              0x000065d0   Data           2  rtx_conf_cm.o(.constdata)
    Region$$Table$$Base                      0x0000676c   Number         0  anon$$obj.o(Region$$Table)
    Region$$Table$$Limit                     0x0000678c   Number         0  anon$$obj.o(Region$$Table)
    __ctype                                  0x00006799   Data           0  lc_ctype_c.o(locale$$data)
    EV_UART_BufferLength                     0x10000000   Data           4  ev_uart.o(.data)
    EV_UART_ReceivingState                   0x10000004   Data           4  ev_uart.o(.data)
    EV_UART_DataReceived                     0x10000008   Data           1  ev_uart.o(.data)
    selectedMaximumCurrent                   0x1000000c   Data           4  ev_pwm.o(.data)
    pwmRunning                               0x10000010   Data           1  ev_pwm.o(.data)
    evPwmDutyCycle                           0x10000014   Data           4  ev_pwm.o(.data)
    sctClockRate                             0x10000018   Data           4  ev_pwm.o(.data)
    settingsData                             0x1000001c   Data           8  settings.o(.data)
    sequenceComplete                         0x10000024   Data           1  ev_adc.o(.data)
    pilotPositiveADCValue                    0x10000028   Data           4  ev_adc.o(.data)
    pilotNegativeADCValue                    0x1000002c   Data           4  ev_adc.o(.data)
    pilotPositiveVoltage                     0x10000030   Data           4  ev_adc.o(.data)
    pilotNegativeVoltage                     0x10000034   Data           4  ev_adc.o(.data)
    adcVoltageMeasured                       0x10000038   Data           1  ev_adc.o(.data)
    adcCh10Voltage                           0x1000003c   Data           4  ev_adc.o(.data)
    adcCh3Voltage                            0x10000040   Data           4  ev_adc.o(.data)
    adcCurrentSample                         0x10000044   Data           4  ev_adc.o(.data)
    selectedModuleMode                       0x10000048   Data           1  ev_state_machine.o(.data)
    currentStateMachine                      0x1000004c   Data           4  ev_state_machine.o(.data)
    osThreadId_osTimerThread                 0x10000050   Data           4  rtx_conf_cm.o(.data)
    osMessageQId_osTimerMessageQ             0x10000054   Data           4  rtx_conf_cm.o(.data)
    os_tmr                                   0x10000058   Data           4  rtx_conf_cm.o(.data)
    m_tmr                                    0x1000005c   Data           4  rtx_conf_cm.o(.data)
    os_thread_def_main                       0x10000064   Data          16  rtx_conf_cm.o(.data)
    SystemCoreClock                          0x10000074   Data           4  system_lpc82x.o(.data)
    os_initialized                           0x10000078   Data           1  rt_cmsis.o(.data)
    os_running                               0x10000079   Data           1  rt_cmsis.o(.data)
    os_timer_head                            0x1000007c   Data           4  rt_cmsis.o(.data)
    os_tsk                                   0x10000080   Data           8  rt_task.o(.data)
    os_tick_irqn                             0x1000008c   Data           4  rt_system.o(.data)
    os_time                                  0x10000090   Data           4  rt_time.o(.data)
    os_robin                                 0x10000094   Data           8  rt_robin.o(.data)
    EV_UART_Buffer                           0x1000009c   Data          64  ev_uart.o(.bss)
    mp_tcb                                   0x100000e0   Data         376  rtx_conf_cm.o(.bss)
    mp_stk                                   0x10000258   Data        1216  rtx_conf_cm.o(.bss)
    os_stack_mem                             0x10000718   Data         432  rtx_conf_cm.o(.bss)
    os_fifo                                  0x100008c8   Data         132  rtx_conf_cm.o(.bss)
    os_active_TCB                            0x1000094c   Data          28  rtx_conf_cm.o(.bss)
    os_messageQ_q_osTimerMessageQ            0x10000968   Data          32  rtx_conf_cm.o(.bss)
    os_idle_TCB                              0x10000ca8   Data          52  rt_task.o(.bss)
    os_rdy                                   0x10000cdc   Data          24  rt_list.o(.bss)
    os_dly                                   0x10000cf4   Data          24  rt_list.o(.bss)
    __libspace_start                         0x10000d0c   Data          96  libspace.o(.bss)
    __temporary_stack_top$libspace           0x10000d6c   Data           0  libspace.o(.bss)



==============================================================================

Memory Map of the image

  Image Entry point : 0x000000c1

  Load Region LR_IROM1 (Base: 0x00000000, Size: 0x00006954, Max: 0x00008000, ABSOLUTE)

    Execution Region ER_IROM1 (Base: 0x00000000, Size: 0x000068b8, Max: 0x00008000, ABSOLUTE)

    Base Addr    Size         Type   Attr      Idx    E Section Name        Object

    0x00000000   0x000000c0   Data   RO         1824    RESET               startup_lpc82x.o
    0x000000c0   0x00000008   Code   RO         3129  * !!!main             c_p.l(__main.o)
    0x000000c8   0x0000003c   Code   RO         3542    !!!scatter          c_p.l(__scatter.o)
    0x00000104   0x0000001a   Code   RO         3544    !!handler_copy      c_p.l(__scatter_copy.o)
    0x0000011e   0x00000002   PAD
    0x00000120   0x0000001c   Code   RO         3546    !!handler_zi        c_p.l(__scatter_zi.o)
    0x0000013c   0x00000002   Code   RO         3293    .ARM.Collect$$_printf_percent$$00000000  c_p.l(_printf_percent.o)
    0x0000013e   0x0000000a   Code   RO         3282    .ARM.Collect$$_printf_percent$$00000001  c_p.l(_printf_n.o)
    0x00000148   0x0000000a   Code   RO         3284    .ARM.Collect$$_printf_percent$$00000002  c_p.l(_printf_p.o)
    0x00000152   0x0000000a   Code   RO         3289    .ARM.Collect$$_printf_percent$$00000003  c_p.l(_printf_f.o)
    0x0000015c   0x0000000a   Code   RO         3290    .ARM.Collect$$_printf_percent$$00000004  c_p.l(_printf_e.o)
    0x00000166   0x0000000a   Code   RO         3291    .ARM.Collect$$_printf_percent$$00000005  c_p.l(_printf_g.o)
    0x00000170   0x0000000a   Code   RO         3292    .ARM.Collect$$_printf_percent$$00000006  c_p.l(_printf_a.o)
    0x0000017a   0x0000000a   Code   RO         3297    .ARM.Collect$$_printf_percent$$00000007  c_p.l(_printf_ll.o)
    0x00000184   0x0000000a   Code   RO         3286    .ARM.Collect$$_printf_percent$$00000008  c_p.l(_printf_i.o)
    0x0000018e   0x0000000a   Code   RO         3287    .ARM.Collect$$_printf_percent$$00000009  c_p.l(_printf_d.o)
    0x00000198   0x0000000a   Code   RO         3288    .ARM.Collect$$_printf_percent$$0000000A  c_p.l(_printf_u.o)
    0x000001a2   0x0000000a   Code   RO         3285    .ARM.Collect$$_printf_percent$$0000000B  c_p.l(_printf_o.o)
    0x000001ac   0x0000000a   Code   RO         3283    .ARM.Collect$$_printf_percent$$0000000C  c_p.l(_printf_x.o)
    0x000001b6   0x0000000a   Code   RO         3294    .ARM.Collect$$_printf_percent$$0000000D  c_p.l(_printf_lli.o)
    0x000001c0   0x0000000a   Code   RO         3295    .ARM.Collect$$_printf_percent$$0000000E  c_p.l(_printf_lld.o)
    0x000001ca   0x0000000a   Code   RO         3296    .ARM.Collect$$_printf_percent$$0000000F  c_p.l(_printf_llu.o)
    0x000001d4   0x0000000a   Code   RO         3301    .ARM.Collect$$_printf_percent$$00000010  c_p.l(_printf_llo.o)
    0x000001de   0x0000000a   Code   RO         3302    .ARM.Collect$$_printf_percent$$00000011  c_p.l(_printf_llx.o)
    0x000001e8   0x0000000a   Code   RO         3298    .ARM.Collect$$_printf_percent$$00000012  c_p.l(_printf_l.o)
    0x000001f2   0x0000000a   Code   RO         3280    .ARM.Collect$$_printf_percent$$00000013  c_p.l(_printf_c.o)
    0x000001fc   0x0000000a   Code   RO         3281    .ARM.Collect$$_printf_percent$$00000014  c_p.l(_printf_s.o)
    0x00000206   0x0000000a   Code   RO         3299    .ARM.Collect$$_printf_percent$$00000015  c_p.l(_printf_lc.o)
    0x00000210   0x0000000a   Code   RO         3300    .ARM.Collect$$_printf_percent$$00000016  c_p.l(_printf_ls.o)
    0x0000021a   0x00000004   Code   RO         3411    .ARM.Collect$$_printf_percent$$00000017  c_p.l(_printf_percent_end.o)
    0x0000021e   0x00000002   Code   RO         3485    .ARM.Collect$$libinit$$00000000  c_p.l(libinit.o)
    0x00000220   0x00000000   Code   RO         3314    .ARM.Collect$$libinit$$00000002  c_p.l(libinit2.o)
    0x00000220   0x00000000   Code   RO         3316    .ARM.Collect$$libinit$$00000004  c_p.l(libinit2.o)
    0x00000220   0x00000008   Code   RO         3317    .ARM.Collect$$libinit$$00000005  c_p.l(libinit2.o)
    0x00000228   0x00000000   Code   RO         3319    .ARM.Collect$$libinit$$0000000A  c_p.l(libinit2.o)
    0x00000228   0x00000000   Code   RO         3321    .ARM.Collect$$libinit$$0000000C  c_p.l(libinit2.o)
    0x00000228   0x00000000   Code   RO         3323    .ARM.Collect$$libinit$$0000000E  c_p.l(libinit2.o)
    0x00000228   0x00000006   Code   RO         3324    .ARM.Collect$$libinit$$0000000F  c_p.l(libinit2.o)
    0x0000022e   0x00000000   Code   RO         3326    .ARM.Collect$$libinit$$00000011  c_p.l(libinit2.o)
    0x0000022e   0x0000000c   Code   RO         3327    .ARM.Collect$$libinit$$00000012  c_p.l(libinit2.o)
    0x0000023a   0x00000000   Code   RO         3328    .ARM.Collect$$libinit$$00000013  c_p.l(libinit2.o)
    0x0000023a   0x00000000   Code   RO         3330    .ARM.Collect$$libinit$$00000015  c_p.l(libinit2.o)
    0x0000023a   0x0000000a   Code   RO         3331    .ARM.Collect$$libinit$$00000016  c_p.l(libinit2.o)
    0x00000244   0x00000000   Code   RO         3332    .ARM.Collect$$libinit$$00000017  c_p.l(libinit2.o)
    0x00000244   0x00000000   Code   RO         3334    .ARM.Collect$$libinit$$00000019  c_p.l(libinit2.o)
    0x00000244   0x00000000   Code   RO         3336    .ARM.Collect$$libinit$$0000001B  c_p.l(libinit2.o)
    0x00000244   0x00000000   Code   RO         3338    .ARM.Collect$$libinit$$0000001D  c_p.l(libinit2.o)
    0x00000244   0x00000000   Code   RO         3340    .ARM.Collect$$libinit$$0000001F  c_p.l(libinit2.o)
    0x00000244   0x00000000   Code   RO         3342    .ARM.Collect$$libinit$$00000021  c_p.l(libinit2.o)
    0x00000244   0x00000000   Code   RO         3344    .ARM.Collect$$libinit$$00000023  c_p.l(libinit2.o)
    0x00000244   0x00000000   Code   RO         3346    .ARM.Collect$$libinit$$00000025  c_p.l(libinit2.o)
    0x00000244   0x00000000   Code   RO         3350    .ARM.Collect$$libinit$$0000002C  c_p.l(libinit2.o)
    0x00000244   0x00000000   Code   RO         3352    .ARM.Collect$$libinit$$0000002E  c_p.l(libinit2.o)
    0x00000244   0x00000000   Code   RO         3354    .ARM.Collect$$libinit$$00000030  c_p.l(libinit2.o)
    0x00000244   0x00000000   Code   RO         3356    .ARM.Collect$$libinit$$00000032  c_p.l(libinit2.o)
    0x00000244   0x00000002   Code   RO         3357    .ARM.Collect$$libinit$$00000033  c_p.l(libinit2.o)
    0x00000246   0x00000002   Code   RO         3486    .ARM.Collect$$libshutdown$$00000000  c_p.l(libshutdown.o)
    0x00000248   0x00000000   Code   RO         3507    .ARM.Collect$$libshutdown$$00000002  c_p.l(libshutdown2.o)
    0x00000248   0x00000000   Code   RO         3509    .ARM.Collect$$libshutdown$$00000004  c_p.l(libshutdown2.o)
    0x00000248   0x00000000   Code   RO         3512    .ARM.Collect$$libshutdown$$00000007  c_p.l(libshutdown2.o)
    0x00000248   0x00000000   Code   RO         3515    .ARM.Collect$$libshutdown$$0000000A  c_p.l(libshutdown2.o)
    0x00000248   0x00000000   Code   RO         3517    .ARM.Collect$$libshutdown$$0000000C  c_p.l(libshutdown2.o)
    0x00000248   0x00000000   Code   RO         3520    .ARM.Collect$$libshutdown$$0000000F  c_p.l(libshutdown2.o)
    0x00000248   0x00000002   Code   RO         3521    .ARM.Collect$$libshutdown$$00000010  c_p.l(libshutdown2.o)
    0x0000024a   0x00000000   Code   RO         3167    .ARM.Collect$$rtentry$$00000000  c_p.l(__rtentry.o)
    0x0000024a   0x00000000   Code   RO         3366    .ARM.Collect$$rtentry$$00000002  c_p.l(__rtentry2.o)
    0x0000024a   0x00000006   Code   RO         3378    .ARM.Collect$$rtentry$$00000004  c_p.l(__rtentry4.o)
    0x00000250   0x00000000   Code   RO         3368    .ARM.Collect$$rtentry$$00000009  c_p.l(__rtentry2.o)
    0x00000250   0x00000004   Code   RO         3369    .ARM.Collect$$rtentry$$0000000A  c_p.l(__rtentry2.o)
    0x00000254   0x00000008   Code   RO         3370    .ARM.Collect$$rtentry$$0000000B  c_p.l(__rtentry2.o)
    0x0000025c   0x00000008   Code   RO         3372    .ARM.Collect$$rtentry$$0000000D  c_p.l(__rtentry2.o)
    0x00000264   0x00000002   Code   RO         3168    .ARM.Collect$$rtexit$$00000000  c_p.l(rtexit.o)
    0x00000266   0x00000000   Code   RO         3381    .ARM.Collect$$rtexit$$00000002  c_p.l(rtexit2.o)
    0x00000266   0x00000004   Code   RO         3382    .ARM.Collect$$rtexit$$00000003  c_p.l(rtexit2.o)
    0x0000026a   0x00000006   Code   RO         3383    .ARM.Collect$$rtexit$$00000004  c_p.l(rtexit2.o)
    0x00000270   0x0000001c   Code   RO         1764    .emb_text           rtx_conf_cm.o
    0x0000028c   0x00000000   Code   RO         3393    .emb_text           c_p.l(maybetermalloc1.o)
    0x0000028c   0x00000038   Code   RO         1826    .text               startup_lpc82x.o
    0x000002c4   0x00000008   Code   RO         3044    .text               c_p.l(libspace.o)
    0x000002cc   0x00000030   Code   RO         3109    .text               c_p.l(llmul.o)
    0x000002fc   0x00000004   Code   RO         1825    .ARM.__at_0x02FC    startup_lpc82x.o
    0x00000300   0x00000164   Code   RO         3029    .emb_text           RTX_CM0.lib(hal_cm0.o)
    0x00000464   0x0000009a   Code   RO         3055    .text               c_p.l(h1_alloc_mt.o)
    0x000004fe   0x00000074   Code   RO         3057    .text               c_p.l(h1_free_mt.o)
    0x00000572   0x00000102   Code   RO         3111    .text               c_p.l(lludiv.o)
    0x00000674   0x00000024   Code   RO         3113    .text               c_p.l(c89vsprintf.o)
    0x00000698   0x0000001a   Code   RO         3115    .text               c_p.l(atoi.o)
    0x000006b2   0x00000010   Code   RO         3117    .text               c_p.l(exit.o)
    0x000006c2   0x00000002   PAD
    0x000006c4   0x00000044   Code   RO         3119    .text               c_p.l(strlen.o)
    0x00000708   0x0000006c   Code   RO         3121    .text               c_p.l(strncpy.o)
    0x00000774   0x0000015a   Code   RO         3123    .text               c_p.l(aeabi_sdiv.o)
    0x000008ce   0x00000006   Code   RO         3127    .text               c_p.l(heapauxi.o)
    0x000008d4   0x0000007c   Code   RO         3131    .text               fz_ps.l(d2f.o)
    0x00000950   0x00000358   Code   RO         3133    .text               fz_ps.l(daddsub.o)
    0x00000ca8   0x00000448   Code   RO         3135    .text               fz_ps.l(ddiv.o)
    0x000010f0   0x00000048   Code   RO         3138    .text               fz_ps.l(dfixui.o)
    0x00001138   0x00000058   Code   RO         3140    .text               fz_ps.l(dflti.o)
    0x00001190   0x00000248   Code   RO         3144    .text               fz_ps.l(dmul.o)
    0x000013d8   0x00000054   Code   RO         3148    .text               fz_ps.l(f2d.o)
    0x0000142c   0x00000160   Code   RO         3156    .text               fz_ps.l(fdiv.o)
    0x0000158c   0x0000004c   Code   RO         3159    .text               fz_ps.l(ffixi.o)
    0x000015d8   0x00000030   Code   RO         3161    .text               fz_ps.l(ffixui.o)
    0x00001608   0x0000005e   Code   RO         3163    .text               fz_ps.l(fflti.o)
    0x00001666   0x0000000a   Code   RO         3183    .text               c_p.l(rt_heap_descriptor_twolibspace.o)
    0x00001670   0x00000008   Code   RO         3190    .text               c_p.l(rt_errno_addr_twolibspace.o)
    0x00001678   0x00000004   Code   RO         3192    .text               c_p.l(hguard.o)
    0x0000167c   0x00000088   Code   RO         3194    .text               c_p.l(init_alloc.o)
    0x00001704   0x00000016   Code   RO         3200    .text               c_p.l(h1_init_mt.o)
    0x0000171a   0x0000004e   Code   RO         3214    .text               c_p.l(_printf_pad.o)
    0x00001768   0x00000024   Code   RO         3216    .text               c_p.l(_printf_truncate.o)
    0x0000178c   0x00000052   Code   RO         3218    .text               c_p.l(_printf_str.o)
    0x000017de   0x00000002   PAD
    0x000017e0   0x0000006c   Code   RO         3220    .text               c_p.l(_printf_dec.o)
    0x0000184c   0x00000026   Code   RO         3222    .text               c_p.l(_printf_charcount.o)
    0x00001872   0x00000002   PAD
    0x00001874   0x00000030   Code   RO         3224    .text               c_p.l(_printf_char_common.o)
    0x000018a4   0x0000000a   Code   RO         3226    .text               c_p.l(_sputc.o)
    0x000018ae   0x00000002   PAD
    0x000018b0   0x000000bc   Code   RO         3228    .text               c_p.l(_printf_wctomb.o)
    0x0000196c   0x00000070   Code   RO         3231    .text               c_p.l(_printf_longlong_dec.o)
    0x000019dc   0x00000070   Code   RO         3237    .text               c_p.l(_printf_oct_int_ll.o)
    0x00001a4c   0x00000098   Code   RO         3257    .text               c_p.l(_printf_hex_int_ll_ptr.o)
    0x00001ae4   0x00000188   Code   RO         3277    .text               c_p.l(__printf_flags_ss_wp.o)
    0x00001c6c   0x00000070   Code   RO         3303    .text               c_p.l(strtol.o)
    0x00001cdc   0x00000040   Code   RO         3309    .text               c_p.l(rt_memclr.o)
    0x00001d1c   0x00000090   Code   RO         3358    .text               fz_ps.l(dcmpin.o)
    0x00001dac   0x00000010   Code   RO         3387    .text               c_p.l(rt_ctype_table.o)
    0x00001dbc   0x00000036   Code   RO         3397    .text               c_p.l(h1_extend_mt.o)
    0x00001df2   0x0000007a   Code   RO         3399    .text               c_p.l(lludiv10.o)
    0x00001e6c   0x000000b0   Code   RO         3401    .text               c_p.l(_printf_intcommon.o)
    0x00001f1c   0x00000414   Code   RO         3403    .text               c_p.l(_printf_fp_dec.o)
    0x00002330   0x0000002e   Code   RO         3407    .text               c_p.l(_printf_char.o)
    0x0000235e   0x0000002e   Code   RO         3409    .text               c_p.l(_printf_wchar.o)
    0x0000238c   0x000000a6   Code   RO         3412    .text               c_p.l(_strtoul.o)
    0x00002432   0x00000040   Code   RO         3414    .text               c_p.l(_wcrtomb.o)
    0x00002472   0x0000000c   Code   RO         3416    .text               c_p.l(defsig_rtmem_outer.o)
    0x0000247e   0x00000028   Code   RO         3420    .text               c_p.l(rtudiv10.o)
    0x000024a6   0x0000002e   Code   RO         3427    .text               fz_ps.l(cmpret.o)
    0x000024d4   0x00000014   Code   RO         3429    .text               fz_ps.l(dnan2.o)
    0x000024e8   0x0000000c   Code   RO         3433    .text               c_p.l(sys_exit.o)
    0x000024f4   0x00000002   Code   RO         3435    .text               c_p.l(use_no_semi.o)
    0x000024f6   0x00000000   Code   RO         3437    .text               c_p.l(indicate_semi.o)
    0x000024f6   0x0000003e   Code   RO         3438    .text               c_p.l(sys_stackheap_outer.o)
    0x00002534   0x0000000a   Code   RO         3448    .text               c_p.l(rt_locale_twolibspace.o)
    0x0000253e   0x00000002   PAD
    0x00002540   0x00000088   Code   RO         3452    .text               c_p.l(_printf_fp_infnan.o)
    0x000025c8   0x0000001e   Code   RO         3454    .text               c_p.l(_chval.o)
    0x000025e6   0x00000002   PAD
    0x000025e8   0x000000c8   Code   RO         3456    .text               c_p.l(bigflt0.o)
    0x000026b0   0x000004a8   Code   RO         3459    .text               c_p.l(btod.o)
    0x00002b58   0x0000000c   Code   RO         3467    .text               c_p.l(defsig_exit.o)
    0x00002b64   0x00000050   Code   RO         3473    .text               c_p.l(defsig_rtmem_inner.o)
    0x00002bb4   0x0000005e   Code   RO         3489    .text               fz_ps.l(retnan.o)
    0x00002c12   0x00000034   Code   RO         3500    .text               c_p.l(defsig_general.o)
    0x00002c46   0x00000002   PAD
    0x00002c48   0x00000088   Code   RO         3504    .text               c_p.l(strcmp.o)
    0x00002cd0   0x0000000c   Code   RO         3522    .text               c_p.l(sys_wrch.o)
    0x00002cdc   0x00000004   Code   RO         3039    SVC_TABLE           RTX_CM0.lib(svc_table.o)
    0x00002ce0   0x00000004   Code   RO         1546    i.ADC_ClearFlags    adc_lpc82x.o
    0x00002ce4   0x00000024   Code   RO         1547    i.ADC_ClearSequencerBits  adc_lpc82x.o
    0x00002d08   0x00000014   Code   RO         1550    i.ADC_DisableSequencer  adc_lpc82x.o
    0x00002d1c   0x0000000c   Code   RO         1551    i.ADC_EnableInt     adc_lpc82x.o
    0x00002d28   0x00000014   Code   RO         1552    i.ADC_EnableSequencer  adc_lpc82x.o
    0x00002d3c   0x0000004c   Code   RO         1553    i.ADC_GetDataReg    adc_lpc82x.o
    0x00002d88   0x00000006   Code   RO         1555    i.ADC_GetFlags      adc_lpc82x.o
    0x00002d8e   0x0000001a   Code   RO         1557    i.ADC_Init          adc_lpc82x.o
    0x00002da8   0x0000000c   Code   RO         1558    i.ADC_IsCalibrationDone  adc_lpc82x.o
    0x00002db4   0x00000030   Code   RO          364    i.ADC_SEQA_IRQHandler  ev_adc.o
    0x00002de4   0x00000020   Code   RO         1561    i.ADC_SetClockRate  adc_lpc82x.o
    0x00002e04   0x0000000e   Code   RO         1562    i.ADC_SetDivider    adc_lpc82x.o
    0x00002e12   0x00000002   PAD
    0x00002e14   0x00000024   Code   RO         1563    i.ADC_SetSequencerBits  adc_lpc82x.o
    0x00002e38   0x00000030   Code   RO         1570    i.ADC_StartCalibration  adc_lpc82x.o
    0x00002e68   0x00000014   Code   RO         1571    i.ADC_StartSequencer  adc_lpc82x.o
    0x00002e7c   0x0000001c   Code   RO          629    i.Clock_DisablePeriphClock  clock_lpc82x.o
    0x00002e98   0x0000001c   Code   RO          630    i.Clock_EnablePeriphClock  clock_lpc82x.o
    0x00002eb4   0x00000004   Code   RO          631    i.Clock_GetExtClockInRate  clock_lpc82x.o
    0x00002eb8   0x00000008   Code   RO          633    i.Clock_GetIntOscRate  clock_lpc82x.o
    0x00002ec0   0x00000048   Code   RO          634    i.Clock_GetMainClockRate  clock_lpc82x.o
    0x00002f08   0x00000008   Code   RO          636    i.Clock_GetMainOscRate  clock_lpc82x.o
    0x00002f10   0x0000000e   Code   RO          637    i.Clock_GetPLLFreq  clock_lpc82x.o
    0x00002f1e   0x00000002   PAD
    0x00002f20   0x0000001c   Code   RO          638    i.Clock_GetSystemClockRate  clock_lpc82x.o
    0x00002f3c   0x00000038   Code   RO          639    i.Clock_GetSystemPLLInClockRate  clock_lpc82x.o
    0x00002f74   0x0000001c   Code   RO          640    i.Clock_GetSystemPLLOutClockRate  clock_lpc82x.o
    0x00002f90   0x0000000c   Code   RO          641    i.Clock_GetUARTClockDiv  clock_lpc82x.o
    0x00002f9c   0x0000006e   Code   RO          642    i.Clock_GetUSARTNBaseClockRate  clock_lpc82x.o
    0x0000300a   0x00000002   PAD
    0x0000300c   0x00000020   Code   RO          643    i.Clock_GetWDTLFORate  clock_lpc82x.o
    0x0000302c   0x00000014   Code   RO          644    i.Clock_GetWDTOSCRate  clock_lpc82x.o
    0x00003040   0x0000000c   Code   RO          652    i.Clock_SetUARTClockDiv  clock_lpc82x.o
    0x0000304c   0x0000005a   Code   RO          653    i.Clock_SetUSARTNBaseClockRate  clock_lpc82x.o
    0x000030a6   0x00000002   PAD
    0x000030a8   0x00000098   Code   RO          365    i.EV_ADC_Init       ev_adc.o
    0x00003140   0x000000dc   Code   RO          366    i.EV_ADC_ReadCPVoltage  ev_adc.o
    0x0000321c   0x00000034   Code   RO          407    i.EV_DisableAllOutputs  ev_state_machine.o
    0x00003250   0x00000012   Code   RO          577    i.EV_INPUTS_GetStateSwitchLockDevice  ev_inputs.o
    0x00003262   0x00000012   Code   RO          578    i.EV_INPUTS_GetStateSwitchStartCharging  ev_inputs.o
    0x00003274   0x00000020   Code   RO          579    i.EV_INPUTS_Init    ev_inputs.o
    0x00003294   0x00000012   Code   RO          497    i.EV_OUTPUTS_GetStateLED1  ev_outputs.o
    0x000032a6   0x00000012   Code   RO          498    i.EV_OUTPUTS_GetStateLED2  ev_outputs.o
    0x000032b8   0x0000000e   Code   RO          499    i.EV_OUTPUTS_GetStatePower  ev_outputs.o
    0x000032c6   0x0000000e   Code   RO          500    i.EV_OUTPUTS_GetStateShut  ev_outputs.o
    0x000032d4   0x0000000e   Code   RO          501    i.EV_OUTPUTS_GetStateVentilation  ev_outputs.o
    0x000032e2   0x0000007a   Code   RO          502    i.EV_OUTPUTS_Init   ev_outputs.o
    0x0000335c   0x00000016   Code   RO          503    i.EV_OUTPUTS_SetLED1  ev_outputs.o
    0x00003372   0x00000016   Code   RO          504    i.EV_OUTPUTS_SetLED2  ev_outputs.o
    0x00003388   0x00000012   Code   RO          505    i.EV_OUTPUTS_SetPower  ev_outputs.o
    0x0000339a   0x00000012   Code   RO          506    i.EV_OUTPUTS_SetShut  ev_outputs.o
    0x000033ac   0x00000012   Code   RO          507    i.EV_OUTPUTS_SetVentilation  ev_outputs.o
    0x000033be   0x00000002   PAD
    0x000033c0   0x00000024   Code   RO          272    i.EV_PWM_GetSctClockRate  ev_pwm.o
    0x000033e4   0x000001a0   Code   RO          273    i.EV_PWM_Init       ev_pwm.o
    0x00003584   0x000000e0   Code   RO          274    i.EV_PWM_SetDutyCycle  ev_pwm.o
    0x00003664   0x0000003c   Code   RO          275    i.EV_PWM_Start      ev_pwm.o
    0x000036a0   0x00000048   Code   RO          276    i.EV_PWM_Stop       ev_pwm.o
    0x000036e8   0x00000034   Code   RO          408    i.EV_State_A1       ev_state_machine.o
    0x0000371c   0x00000024   Code   RO          409    i.EV_State_A2       ev_state_machine.o
    0x00003740   0x00000034   Code   RO          410    i.EV_State_B1       ev_state_machine.o
    0x00003774   0x00000034   Code   RO          411    i.EV_State_B2       ev_state_machine.o
    0x000037a8   0x00000034   Code   RO          412    i.EV_State_C1       ev_state_machine.o
    0x000037dc   0x00000034   Code   RO          413    i.EV_State_C2       ev_state_machine.o
    0x00003810   0x00000034   Code   RO          414    i.EV_State_D1       ev_state_machine.o
    0x00003844   0x00000034   Code   RO          415    i.EV_State_D2       ev_state_machine.o
    0x00003878   0x00000034   Code   RO          416    i.EV_State_E        ev_state_machine.o
    0x000038ac   0x00000034   Code   RO          417    i.EV_State_F        ev_state_machine.o
    0x000038e0   0x000001b8   Code   RO          418    i.EV_State_Machine  ev_state_machine.o
    0x00003a98   0x0000002c   Code   RO          139    i.EV_UART_BufferIsNumber  ev_uart.o
    0x00003ac4   0x00000012   Code   RO          140    i.EV_UART_DE_PIN_Set  ev_uart.o
    0x00003ad6   0x00000002   PAD
    0x00003ad8   0x00000094   Code   RO          141    i.EV_UART_Init      ev_uart.o
    0x00003b6c   0x00000028   Code   RO          142    i.EV_UART_LocateCharacter  ev_uart.o
    0x00003b94   0x00000012   Code   RO          143    i.EV_UART_RE_PIN_Set  ev_uart.o
    0x00003ba6   0x00000002   PAD
    0x00003ba8   0x00000044   Code   RO          144    i.EV_UART_SendBuffer  ev_uart.o
    0x00003bec   0x00000016   Code   RO          145    i.EV_UART_SendString  ev_uart.o
    0x00003c02   0x00000026   Code   RO          146    i.EV_UART_SendStringFormat  ev_uart.o
    0x00003c28   0x00000018   Code   RO         1722    i.FMC_ComputeSignature  fmc_lpc82x.o
    0x00003c40   0x00000012   Code   RO         1723    i.FMC_ComputeSignatureBlocks  fmc_lpc82x.o
    0x00003c52   0x00000002   PAD
    0x00003c54   0x0000000c   Code   RO         1725    i.FMC_IsSignatureBusy  fmc_lpc82x.o
    0x00003c60   0x0000001c   Code   RO          835    i.GPIO_GetPinState  gpio_lpc82x.o
    0x00003c7c   0x0000000c   Code   RO          839    i.GPIO_Init         gpio_lpc82x.o
    0x00003c88   0x0000000e   Code   RO          843    i.GPIO_SetPinDIRInput  gpio_lpc82x.o
    0x00003c96   0x0000000e   Code   RO          844    i.GPIO_SetPinDIROutput  gpio_lpc82x.o
    0x00003ca4   0x00000022   Code   RO          845    i.GPIO_SetPinState  gpio_lpc82x.o
    0x00003cc6   0x00000020   Code   RO         1374    i.IAP_BlankCheckSector  iap_lpc82x.o
    0x00003ce6   0x00000002   PAD
    0x00003ce8   0x00000038   Code   RO         1376    i.IAP_CopyRamToFlash  iap_lpc82x.o
    0x00003d20   0x00000034   Code   RO         1378    i.IAP_EraseSector   iap_lpc82x.o
    0x00003d54   0x00000020   Code   RO         1379    i.IAP_PreSectorForReadWrite  iap_lpc82x.o
    0x00003d74   0x00000078   Code   RO            3    i.NVIC_SetPriority  type_2_controller_lpc824_v1_keil5.o
    0x00003dec   0x00000078   Code   RO          367    i.NVIC_SetPriority  ev_adc.o
    0x00003e64   0x00000034   Code   RO            4    i.NVIC_SystemReset  type_2_controller_lpc824_v1_keil5.o
    0x00003e98   0x00000024   Code   RO          326    i.SETTINGS_Load     settings.o
    0x00003ebc   0x00000014   Code   RO          327    i.SETTINGS_LoadFactorySettings  settings.o
    0x00003ed0   0x00000048   Code   RO          328    i.SETTINGS_Save     settings.o
    0x00003f18   0x0000000a   Code   RO         1318    i.SWM_DeInit        swm_lpc82x.o
    0x00003f22   0x00000002   PAD
    0x00003f24   0x0000001c   Code   RO         1320    i.SWM_EnableFixedPin  swm_lpc82x.o
    0x00003f40   0x0000000a   Code   RO         1322    i.SWM_Init          swm_lpc82x.o
    0x00003f4a   0x00000002   PAD
    0x00003f4c   0x00000130   Code   RO         1324    i.SWM_MovablePinAssign  swm_lpc82x.o
    0x0000407c   0x0000001c   Code   RO          996    i.SYSCTL_AssertPeriphReset  syscon_lpc82x.o
    0x00004098   0x0000001c   Code   RO          998    i.SYSCTL_DeassertPeriphReset  syscon_lpc82x.o
    0x000040b4   0x0000000c   Code   RO          656    i.SYSCTL_GetUSARTFRGDivider  clock_lpc82x.o
    0x000040c0   0x0000000c   Code   RO          657    i.SYSCTL_GetUSARTFRGMultiplier  clock_lpc82x.o
    0x000040cc   0x00000012   Code   RO         1015    i.SYSCTL_PeriphReset  syscon_lpc82x.o
    0x000040de   0x00000002   PAD
    0x000040e0   0x0000002c   Code   RO         1017    i.SYSCTL_PowerUp    syscon_lpc82x.o
    0x0000410c   0x0000000c   Code   RO          658    i.SYSCTL_SetUSARTFRGDivider  clock_lpc82x.o
    0x00004118   0x0000000c   Code   RO          659    i.SYSCTL_SetUSARTFRGMultiplier  clock_lpc82x.o
    0x00004124   0x000001a8   Code   RO         1834    i.SystemCoreClockUpdate  system_lpc82x.o
    0x000042cc   0x00000098   Code   RO         1835    i.SystemInit        system_lpc82x.o
    0x00004364   0x000000ac   Code   RO          147    i.UART1_IRQHandler  ev_uart.o
    0x00004410   0x00000018   Code   RO         1185    i.UART_ConfigData   uart_lpc82x.o
    0x00004428   0x00000014   Code   RO         1188    i.UART_Enable       uart_lpc82x.o
    0x0000443c   0x00000010   Code   RO         1191    i.UART_GetStatus    uart_lpc82x.o
    0x0000444c   0x0000003c   Code   RO         1192    i.UART_Init         uart_lpc82x.o
    0x00004488   0x00000004   Code   RO         1193    i.UART_IntDisable   uart_lpc82x.o
    0x0000448c   0x00000004   Code   RO         1194    i.UART_IntEnable    uart_lpc82x.o
    0x00004490   0x0000000a   Code   RO         1195    i.UART_ReadByte     uart_lpc82x.o
    0x0000449a   0x0000002e   Code   RO         1196    i.UART_Send         uart_lpc82x.o
    0x000044c8   0x00000004   Code   RO         1197    i.UART_SendByte     uart_lpc82x.o
    0x000044cc   0x0000001a   Code   RO         1199    i.UART_SetBaud      uart_lpc82x.o
    0x000044e6   0x00000002   PAD
    0x000044e8   0x00000010   Code   RO         1202    i.UART_TXEnable     uart_lpc82x.o
    0x000044f8   0x00000030   Code   RO         2429    i.__ARM_common_ll_muluu  RTX_CM0.lib(rt_cmsis.o)
    0x00004528   0x0000001c   Code   RO           35    i.__ARM_common_switch8  type_2_controller_lpc824_v1_keil5.o
    0x00004544   0x0000002c   Code   RO         3491    i.__ARM_fpclassify  m_ps.l(fpclassify.o)
    0x00004570   0x00000030   Code   RO         1765    i.__user_perthread_libspace  rtx_conf_cm.o
    0x000045a0   0x00000048   Code   RO         2952    i._init_box         RTX_CM0.lib(rt_membox.o)
    0x000045e8   0x0000000e   Code   RO         3270    i._is_digit         c_p.l(__printf_wp.o)
    0x000045f6   0x00000002   PAD
    0x000045f8   0x00000024   Code   RO         1766    i._mutex_acquire    rtx_conf_cm.o
    0x0000461c   0x0000002c   Code   RO         1767    i._mutex_initialize  rtx_conf_cm.o
    0x00004648   0x0000001c   Code   RO         1768    i._mutex_release    rtx_conf_cm.o
    0x00004664   0x00000024   Code   RO         1203    i.getUARTClockID    uart_lpc82x.o
    0x00004688   0x00000014   Code   RO         1384    i.iap_entry         iap_lpc82x.o
    0x0000469c   0x00000068   Code   RO            5    i.init              type_2_controller_lpc824_v1_keil5.o
    0x00004704   0x0000002e   Code   RO         1866    i.isrMessageGet     RTX_CM0.lib(rt_cmsis.o)
    0x00004732   0x00000030   Code   RO         1867    i.isrMessagePut     RTX_CM0.lib(rt_cmsis.o)
    0x00004762   0x00000046   Code   RO         2807    i.isr_mbx_receive   RTX_CM0.lib(rt_mailbox.o)
    0x000047a8   0x0000000c   Code   RO         2808    i.isr_mbx_send      RTX_CM0.lib(rt_mailbox.o)
    0x000047b4   0x0000092c   Code   RO            6    i.main              type_2_controller_lpc824_v1_keil5.o
    0x000050e0   0x00000028   Code   RO         1871    i.osKernelInitialize  RTX_CM0.lib(rt_cmsis.o)
    0x00005108   0x0000006c   Code   RO         1873    i.osKernelStart     RTX_CM0.lib(rt_cmsis.o)
    0x00005174   0x0000001c   Code   RO         1882    i.osMessageGet      RTX_CM0.lib(rt_cmsis.o)
    0x00005190   0x00000034   Code   RO         1899    i.osThreadCreate    RTX_CM0.lib(rt_cmsis.o)
    0x000051c4   0x00000018   Code   RO         1900    i.osThreadExit      RTX_CM0.lib(rt_cmsis.o)
    0x000051dc   0x00000010   Code   RO         1906    i.osTimerCall       RTX_CM0.lib(rt_cmsis.o)
    0x000051ec   0x0000002c   Code   RO         1911    i.osTimerThread     RTX_CM0.lib(rt_cmsis.o)
    0x00005218   0x0000001a   Code   RO         1769    i.os_error          rtx_conf_cm.o
    0x00005232   0x00000004   Code   RO         1770    i.os_idle_demon     rtx_conf_cm.o
    0x00005236   0x00000002   PAD
    0x00005238   0x0000002c   Code   RO         2599    i.os_tick_init      RTX_CM0.lib(rt_system.o)
    0x00005264   0x00000002   Code   RO         2600    i.os_tick_irqack    RTX_CM0.lib(rt_system.o)
    0x00005266   0x0000001e   Code   RO         2953    i.rt_alloc_box      RTX_CM0.lib(rt_membox.o)
    0x00005284   0x00000042   Code   RO         2981    i.rt_alloc_mem      RTX_CM0.lib(rt_memory.o)
    0x000052c6   0x00000002   PAD
    0x000052c8   0x00000038   Code   RO         2484    i.rt_block          RTX_CM0.lib(rt_task.o)
    0x00005300   0x00000044   Code   RO         2930    i.rt_chk_robin      RTX_CM0.lib(rt_robin.o)
    0x00005344   0x00000074   Code   RO         2731    i.rt_dec_dly        RTX_CM0.lib(rt_list.o)
    0x000053b8   0x00000040   Code   RO         2485    i.rt_dispatch       RTX_CM0.lib(rt_task.o)
    0x000053f8   0x00000050   Code   RO         2692    i.rt_evt_psh        RTX_CM0.lib(rt_event.o)
    0x00005448   0x00000026   Code   RO         2954    i.rt_free_box       RTX_CM0.lib(rt_membox.o)
    0x0000546e   0x00000030   Code   RO         2982    i.rt_free_mem       RTX_CM0.lib(rt_memory.o)
    0x0000549e   0x0000002a   Code   RO         2732    i.rt_get_first      RTX_CM0.lib(rt_list.o)
    0x000054c8   0x00000008   Code   RO         1916    i.rt_id2obj         RTX_CM0.lib(rt_cmsis.o)
    0x000054d0   0x00000048   Code   RO         2486    i.rt_init_context   RTX_CM0.lib(rt_task.o)
    0x00005518   0x0000001c   Code   RO         2983    i.rt_init_mem       RTX_CM0.lib(rt_memory.o)
    0x00005534   0x00000018   Code   RO         2931    i.rt_init_robin     RTX_CM0.lib(rt_robin.o)
    0x0000554c   0x00000078   Code   RO         3005    i.rt_init_stack     RTX_CM0.lib(hal_cm.o)
    0x000055c4   0x00000008   Code   RO         2809    i.rt_mbx_check      RTX_CM0.lib(rt_mailbox.o)
    0x000055cc   0x00000024   Code   RO         2810    i.rt_mbx_init       RTX_CM0.lib(rt_mailbox.o)
    0x000055f0   0x000000d0   Code   RO         2811    i.rt_mbx_psh        RTX_CM0.lib(rt_mailbox.o)
    0x000056c0   0x000000b0   Code   RO         2813    i.rt_mbx_wait       RTX_CM0.lib(rt_mailbox.o)
    0x00005770   0x0000003c   Code   RO         1917    i.rt_ms2tick        RTX_CM0.lib(rt_cmsis.o)
    0x000057ac   0x00000010   Code   RO         2569    i.rt_mut_init       RTX_CM0.lib(rt_mutex.o)
    0x000057bc   0x000000d8   Code   RO         2570    i.rt_mut_release    RTX_CM0.lib(rt_mutex.o)
    0x00005894   0x00000070   Code   RO         2571    i.rt_mut_wait       RTX_CM0.lib(rt_mutex.o)
    0x00005904   0x00000070   Code   RO         2603    i.rt_pop_req        RTX_CM0.lib(rt_system.o)
    0x00005974   0x00000020   Code   RO         2604    i.rt_psh_req        RTX_CM0.lib(rt_system.o)
    0x00005994   0x00000040   Code   RO         2734    i.rt_psq_enq        RTX_CM0.lib(rt_list.o)
    0x000059d4   0x00000050   Code   RO         2735    i.rt_put_dly        RTX_CM0.lib(rt_list.o)
    0x00005a24   0x0000003c   Code   RO         2736    i.rt_put_prio       RTX_CM0.lib(rt_list.o)
    0x00005a60   0x00000014   Code   RO         2737    i.rt_put_rdy_first  RTX_CM0.lib(rt_list.o)
    0x00005a74   0x00000030   Code   RO         2738    i.rt_resort_prio    RTX_CM0.lib(rt_list.o)
    0x00005aa4   0x00000006   Code   RO         3006    i.rt_ret_val        RTX_CM0.lib(hal_cm.o)
    0x00005aaa   0x00000008   Code   RO         3007    i.rt_ret_val2       RTX_CM0.lib(hal_cm.o)
    0x00005ab2   0x0000002a   Code   RO         2739    i.rt_rmv_dly        RTX_CM0.lib(rt_list.o)
    0x00005adc   0x00000034   Code   RO         2740    i.rt_rmv_list       RTX_CM0.lib(rt_list.o)
    0x00005b10   0x00000034   Code   RO         2858    i.rt_sem_psh        RTX_CM0.lib(rt_semaphore.o)
    0x00005b44   0x00000028   Code   RO         2606    i.rt_stk_check      RTX_CM0.lib(rt_system.o)
    0x00005b6c   0x00000010   Code   RO         2487    i.rt_switch_req     RTX_CM0.lib(rt_task.o)
    0x00005b7c   0x000000c8   Code   RO         2488    i.rt_sys_init       RTX_CM0.lib(rt_task.o)
    0x00005c44   0x00000064   Code   RO         2489    i.rt_sys_start      RTX_CM0.lib(rt_task.o)
    0x00005ca8   0x0000003c   Code   RO         2608    i.rt_systick        RTX_CM0.lib(rt_system.o)
    0x00005ce4   0x00000012   Code   RO         1918    i.rt_tid2ptcb       RTX_CM0.lib(rt_cmsis.o)
    0x00005cf6   0x00000002   PAD
    0x00005cf8   0x00000038   Code   RO         1919    i.rt_timer_insert   RTX_CM0.lib(rt_cmsis.o)
    0x00005d30   0x00000070   Code   RO         2490    i.rt_tsk_create     RTX_CM0.lib(rt_task.o)
    0x00005da0   0x0000013c   Code   RO         2491    i.rt_tsk_delete     RTX_CM0.lib(rt_task.o)
    0x00005edc   0x00000080   Code   RO         2493    i.rt_tsk_prio       RTX_CM0.lib(rt_task.o)
    0x00005f5c   0x00000010   Code   RO         2494    i.rt_tsk_self       RTX_CM0.lib(rt_task.o)
    0x00005f6c   0x00000078   Code   RO         1922    i.svcKernelInitialize  RTX_CM0.lib(rt_cmsis.o)
    0x00005fe4   0x0000004c   Code   RO         1924    i.svcKernelStart    RTX_CM0.lib(rt_cmsis.o)
    0x00006030   0x0000002a   Code   RO         1927    i.svcMessageCreate  RTX_CM0.lib(rt_cmsis.o)
    0x0000605a   0x0000003c   Code   RO         1928    i.svcMessageGet     RTX_CM0.lib(rt_cmsis.o)
    0x00006096   0x00000002   PAD
    0x00006098   0x00000078   Code   RO         1942    i.svcThreadCreate   RTX_CM0.lib(rt_cmsis.o)
    0x00006110   0x0000001c   Code   RO         1943    i.svcThreadGetId    RTX_CM0.lib(rt_cmsis.o)
    0x0000612c   0x0000003c   Code   RO         1946    i.svcThreadTerminate  RTX_CM0.lib(rt_cmsis.o)
    0x00006168   0x0000001c   Code   RO         1948    i.svcTimerCall      RTX_CM0.lib(rt_cmsis.o)
    0x00006184   0x00000058   Code   RO         1957    i.sysTimerTick      RTX_CM0.lib(rt_cmsis.o)
    0x000061dc   0x0000002c   Code   RO         3462    locale$$code        c_p.l(lc_ctype_c.o)
    0x00006208   0x0000002c   Code   RO         3465    locale$$code        c_p.l(lc_numeric_c.o)
    0x00006234   0x00000064   Code   RO         3142    x$fpl$dleqf         fz_ps.l(dlef.o)
    0x00006298   0x00000068   Code   RO         3146    x$fpl$drleqf        fz_ps.l(drlef.o)
    0x00006300   0x0000008c   Code   RO         3150    x$fpl$fadd          fz_ps.l(faddsub.o)
    0x0000638c   0x000000b0   Code   RO         3165    x$fpl$fmul          fz_ps.l(fmul.o)
    0x0000643c   0x00000018   Code   RO         3151    x$fpl$frsb          fz_ps.l(faddsub.o)
    0x00006454   0x000000d0   Code   RO         3152    x$fpl$fsub          fz_ps.l(faddsub.o)
    0x00006524   0x00000010   Code   RO         3360    x$fpl$printf1       fz_ps.l(printf1.o)
    0x00006534   0x00000000   Code   RO         3362    x$fpl$usenofp       fz_ps.l(usenofp.o)
    0x00006534   0x00000048   Data   RO          660    .constdata          clock_lpc82x.o
    0x0000657c   0x00000056   Data   RO         1772    .constdata          rtx_conf_cm.o
    0x000065d2   0x00000080   Data   RO         3136    .constdata          fz_ps.l(ddiv.o)
    0x00006652   0x00000040   Data   RO         3157    .constdata          fz_ps.l(fdiv.o)
    0x00006692   0x00000002   PAD
    0x00006694   0x00000008   Data   RO         3229    .constdata          c_p.l(_printf_wctomb.o)
    0x0000669c   0x00000028   Data   RO         3258    .constdata          c_p.l(_printf_hex_int_ll_ptr.o)
    0x000066c4   0x00000011   Data   RO         3278    .constdata          c_p.l(__printf_flags_ss_wp.o)
    0x000066d5   0x00000003   PAD
    0x000066d8   0x00000094   Data   RO         3457    .constdata          c_p.l(bigflt0.o)
    0x0000676c   0x00000020   Data   RO         3540    Region$$Table       anon$$obj.o
    0x0000678c   0x00000110   Data   RO         3461    locale$$data        c_p.l(lc_ctype_c.o)
    0x0000689c   0x0000001c   Data   RO         3464    locale$$data        c_p.l(lc_numeric_c.o)


    Execution Region RW_IRAM1 (Base: 0x10000000, Size: 0x00001570, Max: 0x00002000, ABSOLUTE)

    Base Addr    Size         Type   Attr      Idx    E Section Name        Object

    0x10000000   0x00000009   Data   RW          149    .data               ev_uart.o
    0x10000009   0x00000003   PAD
    0x1000000c   0x00000010   Data   RW          277    .data               ev_pwm.o
    0x1000001c   0x00000008   Data   RW          329    .data               settings.o
    0x10000024   0x00000024   Data   RW          368    .data               ev_adc.o
    0x10000048   0x00000008   Data   RW          419    .data               ev_state_machine.o
    0x10000050   0x00000024   Data   RW         1773    .data               rtx_conf_cm.o
    0x10000074   0x00000004   Data   RW         1836    .data               system_lpc82x.o
    0x10000078   0x00000008   Data   RW         1960    .data               RTX_CM0.lib(rt_cmsis.o)
    0x10000080   0x00000008   Data   RW         2496    .data               RTX_CM0.lib(rt_task.o)
    0x10000088   0x00000008   Data   RW         2611    .data               RTX_CM0.lib(rt_system.o)
    0x10000090   0x00000004   Data   RW         2901    .data               RTX_CM0.lib(rt_time.o)
    0x10000094   0x00000008   Data   RW         2932    .data               RTX_CM0.lib(rt_robin.o)
    0x1000009c   0x00000040   Zero   RW          148    .bss                ev_uart.o
    0x100000dc   0x00000004   PAD
    0x100000e0   0x00000bc8   Zero   RW         1771    .bss                rtx_conf_cm.o
    0x10000ca8   0x00000034   Zero   RW         2495    .bss                RTX_CM0.lib(rt_task.o)
    0x10000cdc   0x00000030   Zero   RW         2741    .bss                RTX_CM0.lib(rt_list.o)
    0x10000d0c   0x00000060   Zero   RW         3045    .bss                c_p.l(libspace.o)
    0x10000d6c   0x00000004   PAD
    0x10000d70   0x00000400   Zero   RW         1823    HEAP                startup_lpc82x.o
    0x10001170   0x00000400   Zero   RW         1822    STACK               startup_lpc82x.o


==============================================================================

Image component sizes


      Code (inc. data)   RO Data    RW Data    ZI Data      Debug   Object Name

       362         32          0          0          0       7549   adc_lpc82x.o
       598         82         72          0          0      10522   clock_lpc82x.o
       540         84          0         36          0       8949   ev_adc.o
        68          0          0          0          0       1414   ev_inputs.o
       298          0          0          0          0       5293   ev_outputs.o
       808        112          0         16          0       2874   ev_pwm.o
       996        218          0          8          0       6455   ev_state_machine.o
       568         36          0          9         64      12830   ev_uart.o
        54         10          0          0          0       1470   fmc_lpc82x.o
       102          0          0          0          0       2803   gpio_lpc82x.o
       192         16          0          0          0       3502   iap_lpc82x.o
       214         52         86         36       3016      10263   rtx_conf_cm.o
       128         18          0          8          0       1510   settings.o
        60         30        192          0       2048        860   startup_lpc82x.o
       352         24          0          0          0       1972   swm_lpc82x.o
       118         26          0          0          0       1902   syscon_lpc82x.o
       576        106          0          4          0       1491   system_lpc82x.o
      2652        356          0          0          0      40710   type_2_controller_lpc824_v1_keil5.o
       266         42          0          0          0       6236   uart_lpc82x.o

    ----------------------------------------------------------------------
      8980       1244        382        120       5132     128605   Object Totals
         0          0         32          0          0          0   (incl. Generated)
        28          0          0          3          4          0   (incl. Padding)

    ----------------------------------------------------------------------

      Code (inc. data)   RO Data    RW Data    ZI Data      Debug   Library Member Name

       134         14          0          0          0       1439   hal_cm.o
       356         40          0          0          0        832   hal_cm0.o
      1218        140          0          8          0      28529   rt_cmsis.o
        80          6          0          0          0        533   rt_event.o
       524         34          0          0         48       7093   rt_list.o
       510         16          0          0          0       3269   rt_mailbox.o
       140          0          0          0          0       1689   rt_membox.o
       142          0          0          0          0       2067   rt_memory.o
       344         16          0          0          0       1789   rt_mutex.o
        92         22          0          8          0       1078   rt_robin.o
        52          4          0          0          0        489   rt_semaphore.o
       290         54          0          8          0       5755   rt_system.o
      1080        176          0          8         52       8365   rt_task.o
         0          0          0          4          0        210   rt_time.o
         4          4          0          0          0        200   svc_table.o
         8          0          0          0          0         68   __main.o
       392          6         17          0          0         76   __printf_flags_ss_wp.o
        14          0          0          0          0         60   __printf_wp.o
         0          0          0          0          0          0   __rtentry.o
        20          0          0          0          0          0   __rtentry2.o
         6          0          0          0          0          0   __rtentry4.o
        60          8          0          0          0          0   __scatter.o
        26          0          0          0          0          0   __scatter_copy.o
        28          0          0          0          0          0   __scatter_zi.o
        30          0          0          0          0         60   _chval.o
        10          0          0          0          0          0   _printf_a.o
        10          0          0          0          0          0   _printf_c.o
        46          0          0          0          0        100   _printf_char.o
        48          6          0          0          0         88   _printf_char_common.o
        38          0          0          0          0         60   _printf_charcount.o
        10          0          0          0          0          0   _printf_d.o
       108         18          0          0          0         76   _printf_dec.o
        10          0          0          0          0          0   _printf_e.o
        10          0          0          0          0          0   _printf_f.o
      1044         14          0          0          0        176   _printf_fp_dec.o
       136         16          0          0          0         76   _printf_fp_infnan.o
        10          0          0          0          0          0   _printf_g.o
       152          4         40          0          0        148   _printf_hex_int_ll_ptr.o
        10          0          0          0          0          0   _printf_i.o
       176          0          0          0          0         84   _printf_intcommon.o
        10          0          0          0          0          0   _printf_l.o
        10          0          0          0          0          0   _printf_lc.o
        10          0          0          0          0          0   _printf_ll.o
        10          0          0          0          0          0   _printf_lld.o
        10          0          0          0          0          0   _printf_lli.o
        10          0          0          0          0          0   _printf_llo.o
        10          0          0          0          0          0   _printf_llu.o
        10          0          0          0          0          0   _printf_llx.o
       112         18          0          0          0         76   _printf_longlong_dec.o
        10          0          0          0          0          0   _printf_ls.o
        10          0          0          0          0          0   _printf_n.o
        10          0          0          0          0          0   _printf_o.o
       112         10          0          0          0        112   _printf_oct_int_ll.o
        10          0          0          0          0          0   _printf_p.o
        78          0          0          0          0        100   _printf_pad.o
         2          0          0          0          0          0   _printf_percent.o
         4          0          0          0          0          0   _printf_percent_end.o
        10          0          0          0          0          0   _printf_s.o
        82          0          0          0          0         72   _printf_str.o
        36          0          0          0          0         76   _printf_truncate.o
        10          0          0          0          0          0   _printf_u.o
        46          0          0          0          0        100   _printf_wchar.o
       188          6          8          0          0         80   _printf_wctomb.o
        10          0          0          0          0          0   _printf_x.o
        10          0          0          0          0         60   _sputc.o
       166          0          0          0          0         84   _strtoul.o
        64          0          0          0          0         72   _wcrtomb.o
       346          0          0          0          0         92   aeabi_sdiv.o
        26          0          0          0          0         72   atoi.o
       200          4        148          0          0         80   bigflt0.o
      1192         12          0          0          0        240   btod.o
        36          4          0          0          0         68   c89vsprintf.o
        12          0          0          0          0         68   defsig_exit.o
        52          0          0          0          0         72   defsig_general.o
        80         58          0          0          0         68   defsig_rtmem_inner.o
        12          0          0          0          0         68   defsig_rtmem_outer.o
        16          0          0          0          0         68   exit.o
       154          0          0          0          0        116   h1_alloc_mt.o
        54          0          0          0          0         72   h1_extend_mt.o
       116          0          0          0          0        100   h1_free_mt.o
        22          0          0          0          0         84   h1_init_mt.o
         6          0          0          0          0        136   heapauxi.o
         4          0          0          0          0        120   hguard.o
         0          0          0          0          0          0   indicate_semi.o
       136          0          0          0          0        160   init_alloc.o
        44         10        272          0          0         76   lc_ctype_c.o
        44         10         28          0          0         76   lc_numeric_c.o
         2          0          0          0          0          0   libinit.o
        38          0          0          0          0          0   libinit2.o
         2          0          0          0          0          0   libshutdown.o
         2          0          0          0          0          0   libshutdown2.o
         8          4          0          0         96         68   libspace.o
        48          0          0          0          0         72   llmul.o
       258          0          0          0          0         88   lludiv.o
       122          0          0          0          0         72   lludiv10.o
         0          0          0          0          0          0   maybetermalloc1.o
        16          4          0          0          0         76   rt_ctype_table.o
         8          0          0          0          0         76   rt_errno_addr_twolibspace.o
        10          0          0          0          0         76   rt_heap_descriptor_twolibspace.o
        10          0          0          0          0         76   rt_locale_twolibspace.o
        64          0          0          0          0        108   rt_memclr.o
         2          0          0          0          0          0   rtexit.o
        10          0          0          0          0          0   rtexit2.o
        40          0          0          0          0         60   rtudiv10.o
       136          4          0          0          0         72   strcmp.o
        68          6          0          0          0         72   strlen.o
       108          4          0          0          0         76   strncpy.o
       112          4          0          0          0         76   strtol.o
        12          4          0          0          0         60   sys_exit.o
        62          0          0          0          0         80   sys_stackheap_outer.o
        12          0          0          0          0         68   sys_wrch.o
         2          0          0          0          0         68   use_no_semi.o
        46          0          0          0          0         60   cmpret.o
       124          4          0          0          0         72   d2f.o
       856         20          0          0          0        208   daddsub.o
       144          4          0          0          0         76   dcmpin.o
      1096         26        128          0          0        112   ddiv.o
        72          4          0          0          0         68   dfixui.o
        88          0          0          0          0         92   dflti.o
       100          4          0          0          0         92   dlef.o
       584         26          0          0          0         84   dmul.o
        20          6          0          0          0         68   dnan2.o
       104          4          0          0          0        104   drlef.o
        84          4          0          0          0         60   f2d.o
       372          8          0          0          0        240   faddsub.o
       352         10         64          0          0         92   fdiv.o
        76          0          0          0          0         68   ffixi.o
        48          0          0          0          0         60   ffixui.o
        94          0          0          0          0         92   fflti.o
       176          4          0          0          0         80   fmul.o
        16          4          0          0          0         76   printf1.o
        94          0          0          0          0         68   retnan.o
         0          0          0          0          0          0   usenofp.o
        44          4          0          0          0         60   fpclassify.o

    ----------------------------------------------------------------------
     16736        892        710         36        200      70353   Library Totals
        24          0          5          0          4          0   (incl. Padding)

    ----------------------------------------------------------------------

      Code (inc. data)   RO Data    RW Data    ZI Data      Debug   Library Name

      4966        526          0         36        100      63337   RTX_CM0.lib
      7156        234        513          0         96       5084   c_p.l
      4546        128        192          0          0       1872   fz_ps.l
        44          4          0          0          0         60   m_ps.l

    ----------------------------------------------------------------------
     16736        892        710         36        200      70353   Library Totals

    ----------------------------------------------------------------------

==============================================================================


      Code (inc. data)   RO Data    RW Data    ZI Data      Debug   

     25716       2136       1092        156       5332     186946   Grand Totals
     25716       2136       1092        156       5332     186946   ELF Image Totals
     25716       2136       1092        156          0          0   ROM Totals

==============================================================================

    Total RO  Size (Code + RO Data)                26808 (  26.18kB)
    Total RW  Size (RW Data + ZI Data)              5488 (   5.36kB)
    Total ROM Size (Code + RO Data + RW Data)      26964 (  26.33kB)

==============================================================================

